<?xml version="1.0" encoding="ISO-8859-1" ?>
<link_info>
   <banner>TI ARM Linker PC v20.2.6.LTS</banner>
   <copyright>Copyright (c) 1996-2018 Texas Instruments Incorporated</copyright>
   <link_time>0x6417555a</link_time>
   <link_errors>0x0</link_errors>
   <output_file>iot_project1.out</output_file>
   <entry_point>
      <name>_c_int00_noargs</name>
      <address>0x758d</address>
   </entry_point>
   <input_file_list>
      <input_file id="fl-2">
         <path>.\</path>
         <kind>object</kind>
         <file>arp.obj</file>
         <name>arp.obj</name>
      </input_file>
      <input_file id="fl-3">
         <path>.\</path>
         <kind>object</kind>
         <file>clock.obj</file>
         <name>clock.obj</name>
      </input_file>
      <input_file id="fl-4">
         <path>.\</path>
         <kind>object</kind>
         <file>eeprom.obj</file>
         <name>eeprom.obj</name>
      </input_file>
      <input_file id="fl-5">
         <path>.\</path>
         <kind>object</kind>
         <file>eth0.obj</file>
         <name>eth0.obj</name>
      </input_file>
      <input_file id="fl-6">
         <path>.\</path>
         <kind>object</kind>
         <file>ethernet.obj</file>
         <name>ethernet.obj</name>
      </input_file>
      <input_file id="fl-7">
         <path>.\</path>
         <kind>object</kind>
         <file>gpio.obj</file>
         <name>gpio.obj</name>
      </input_file>
      <input_file id="fl-8">
         <path>.\</path>
         <kind>object</kind>
         <file>icmp.obj</file>
         <name>icmp.obj</name>
      </input_file>
      <input_file id="fl-9">
         <path>.\</path>
         <kind>object</kind>
         <file>ip.obj</file>
         <name>ip.obj</name>
      </input_file>
      <input_file id="fl-a">
         <path>.\</path>
         <kind>object</kind>
         <file>mqtt.obj</file>
         <name>mqtt.obj</name>
      </input_file>
      <input_file id="fl-b">
         <path>.\</path>
         <kind>object</kind>
         <file>spi0.obj</file>
         <name>spi0.obj</name>
      </input_file>
      <input_file id="fl-c">
         <path>.\</path>
         <kind>object</kind>
         <file>tcp.obj</file>
         <name>tcp.obj</name>
      </input_file>
      <input_file id="fl-d">
         <path>.\</path>
         <kind>object</kind>
         <file>timer.obj</file>
         <name>timer.obj</name>
      </input_file>
      <input_file id="fl-e">
         <path>.\</path>
         <kind>object</kind>
         <file>tm4c123gh6pm_startup_ccs.obj</file>
         <name>tm4c123gh6pm_startup_ccs.obj</name>
      </input_file>
      <input_file id="fl-f">
         <path>.\</path>
         <kind>object</kind>
         <file>uart0.obj</file>
         <name>uart0.obj</name>
      </input_file>
      <input_file id="fl-10">
         <path>.\</path>
         <kind>object</kind>
         <file>udp.obj</file>
         <name>udp.obj</name>
      </input_file>
      <input_file id="fl-11">
         <path>.\</path>
         <kind>object</kind>
         <file>wait.obj</file>
         <name>wait.obj</name>
      </input_file>
      <input_file id="fl-15">
         <kind>object</kind>
         <file>&lt;internal&gt;</file>
         <name>&lt;internal&gt;</name>
      </input_file>
      <input_file id="fl-cb">
         <path>C:\ti\ccs1200\ccs\tools\compiler\ti-cgt-arm_20.2.6.LTS\lib\</path>
         <kind>archive</kind>
         <file>rtsv7M4_T_le_v4SPD16_eabi.lib</file>
         <name>snprintf.c.obj</name>
      </input_file>
      <input_file id="fl-cc">
         <path>C:\ti\ccs1200\ccs\tools\compiler\ti-cgt-arm_20.2.6.LTS\lib\</path>
         <kind>archive</kind>
         <file>rtsv7M4_T_le_v4SPD16_eabi.lib</file>
         <name>sscanf.c.obj</name>
      </input_file>
      <input_file id="fl-cd">
         <path>C:\ti\ccs1200\ccs\tools\compiler\ti-cgt-arm_20.2.6.LTS\lib\</path>
         <kind>archive</kind>
         <file>rtsv7M4_T_le_v4SPD16_eabi.lib</file>
         <name>memcpy_t2.asm.obj</name>
      </input_file>
      <input_file id="fl-ce">
         <path>C:\ti\ccs1200\ccs\tools\compiler\ti-cgt-arm_20.2.6.LTS\lib\</path>
         <kind>archive</kind>
         <file>rtsv7M4_T_le_v4SPD16_eabi.lib</file>
         <name>copy_zero_init.c.obj</name>
      </input_file>
      <input_file id="fl-cf">
         <path>C:\ti\ccs1200\ccs\tools\compiler\ti-cgt-arm_20.2.6.LTS\lib\</path>
         <kind>archive</kind>
         <file>rtsv7M4_T_le_v4SPD16_eabi.lib</file>
         <name>copy_decompress_none.c.obj</name>
      </input_file>
      <input_file id="fl-d0">
         <path>C:\ti\ccs1200\ccs\tools\compiler\ti-cgt-arm_20.2.6.LTS\lib\</path>
         <kind>archive</kind>
         <file>rtsv7M4_T_le_v4SPD16_eabi.lib</file>
         <name>copy_decompress_lzss.c.obj</name>
      </input_file>
      <input_file id="fl-d1">
         <path>C:\ti\ccs1200\ccs\tools\compiler\ti-cgt-arm_20.2.6.LTS\lib\</path>
         <kind>archive</kind>
         <file>rtsv7M4_T_le_v4SPD16_eabi.lib</file>
         <name>ctype.c.obj</name>
      </input_file>
      <input_file id="fl-d2">
         <path>C:\ti\ccs1200\ccs\tools\compiler\ti-cgt-arm_20.2.6.LTS\lib\</path>
         <kind>archive</kind>
         <file>rtsv7M4_T_le_v4SPD16_eabi.lib</file>
         <name>strcmp.c.obj</name>
      </input_file>
      <input_file id="fl-d3">
         <path>C:\ti\ccs1200\ccs\tools\compiler\ti-cgt-arm_20.2.6.LTS\lib\</path>
         <kind>archive</kind>
         <file>rtsv7M4_T_le_v4SPD16_eabi.lib</file>
         <name>strcpy.c.obj</name>
      </input_file>
      <input_file id="fl-d4">
         <path>C:\ti\ccs1200\ccs\tools\compiler\ti-cgt-arm_20.2.6.LTS\lib\</path>
         <kind>archive</kind>
         <file>rtsv7M4_T_le_v4SPD16_eabi.lib</file>
         <name>strlen.c.obj</name>
      </input_file>
      <input_file id="fl-d5">
         <path>C:\ti\ccs1200\ccs\tools\compiler\ti-cgt-arm_20.2.6.LTS\lib\</path>
         <kind>archive</kind>
         <file>rtsv7M4_T_le_v4SPD16_eabi.lib</file>
         <name>strtok.c.obj</name>
      </input_file>
      <input_file id="fl-d6">
         <path>C:\ti\ccs1200\ccs\tools\compiler\ti-cgt-arm_20.2.6.LTS\lib\</path>
         <kind>archive</kind>
         <file>rtsv7M4_T_le_v4SPD16_eabi.lib</file>
         <name>tolower.c.obj</name>
      </input_file>
      <input_file id="fl-d7">
         <path>C:\ti\ccs1200\ccs\tools\compiler\ti-cgt-arm_20.2.6.LTS\lib\</path>
         <kind>archive</kind>
         <file>rtsv7M4_T_le_v4SPD16_eabi.lib</file>
         <name>boot_cortex_m.c.obj</name>
      </input_file>
      <input_file id="fl-d8">
         <path>C:\ti\ccs1200\ccs\tools\compiler\ti-cgt-arm_20.2.6.LTS\lib\</path>
         <kind>archive</kind>
         <file>rtsv7M4_T_le_v4SPD16_eabi.lib</file>
         <name>_printfi.c.obj</name>
      </input_file>
      <input_file id="fl-d9">
         <path>C:\ti\ccs1200\ccs\tools\compiler\ti-cgt-arm_20.2.6.LTS\lib\</path>
         <kind>archive</kind>
         <file>rtsv7M4_T_le_v4SPD16_eabi.lib</file>
         <name>_scanfi.c.obj</name>
      </input_file>
      <input_file id="fl-da">
         <path>C:\ti\ccs1200\ccs\tools\compiler\ti-cgt-arm_20.2.6.LTS\lib\</path>
         <kind>archive</kind>
         <file>rtsv7M4_T_le_v4SPD16_eabi.lib</file>
         <name>fd_add_t2.asm.obj</name>
      </input_file>
      <input_file id="fl-db">
         <path>C:\ti\ccs1200\ccs\tools\compiler\ti-cgt-arm_20.2.6.LTS\lib\</path>
         <kind>archive</kind>
         <file>rtsv7M4_T_le_v4SPD16_eabi.lib</file>
         <name>fd_cmp_t2.asm.obj</name>
      </input_file>
      <input_file id="fl-dc">
         <path>C:\ti\ccs1200\ccs\tools\compiler\ti-cgt-arm_20.2.6.LTS\lib\</path>
         <kind>archive</kind>
         <file>rtsv7M4_T_le_v4SPD16_eabi.lib</file>
         <name>fd_div_t2.asm.obj</name>
      </input_file>
      <input_file id="fl-dd">
         <path>C:\ti\ccs1200\ccs\tools\compiler\ti-cgt-arm_20.2.6.LTS\lib\</path>
         <kind>archive</kind>
         <file>rtsv7M4_T_le_v4SPD16_eabi.lib</file>
         <name>fd_mul_t2.asm.obj</name>
      </input_file>
      <input_file id="fl-de">
         <path>C:\ti\ccs1200\ccs\tools\compiler\ti-cgt-arm_20.2.6.LTS\lib\</path>
         <kind>archive</kind>
         <file>rtsv7M4_T_le_v4SPD16_eabi.lib</file>
         <name>fd_toi_t2.asm.obj</name>
      </input_file>
      <input_file id="fl-df">
         <path>C:\ti\ccs1200\ccs\tools\compiler\ti-cgt-arm_20.2.6.LTS\lib\</path>
         <kind>archive</kind>
         <file>rtsv7M4_T_le_v4SPD16_eabi.lib</file>
         <name>fd_tos_t2.asm.obj</name>
      </input_file>
      <input_file id="fl-e0">
         <path>C:\ti\ccs1200\ccs\tools\compiler\ti-cgt-arm_20.2.6.LTS\lib\</path>
         <kind>archive</kind>
         <file>rtsv7M4_T_le_v4SPD16_eabi.lib</file>
         <name>i_tofd_t2.asm.obj</name>
      </input_file>
      <input_file id="fl-e1">
         <path>C:\ti\ccs1200\ccs\tools\compiler\ti-cgt-arm_20.2.6.LTS\lib\</path>
         <kind>archive</kind>
         <file>rtsv7M4_T_le_v4SPD16_eabi.lib</file>
         <name>memset_t2.asm.obj</name>
      </input_file>
      <input_file id="fl-e2">
         <path>C:\ti\ccs1200\ccs\tools\compiler\ti-cgt-arm_20.2.6.LTS\lib\</path>
         <kind>archive</kind>
         <file>rtsv7M4_T_le_v4SPD16_eabi.lib</file>
         <name>ull_div_t2.asm.obj</name>
      </input_file>
      <input_file id="fl-e3">
         <path>C:\ti\ccs1200\ccs\tools\compiler\ti-cgt-arm_20.2.6.LTS\lib\</path>
         <kind>archive</kind>
         <file>rtsv7M4_T_le_v4SPD16_eabi.lib</file>
         <name>autoinit.c.obj</name>
      </input_file>
      <input_file id="fl-e4">
         <path>C:\ti\ccs1200\ccs\tools\compiler\ti-cgt-arm_20.2.6.LTS\lib\</path>
         <kind>archive</kind>
         <file>rtsv7M4_T_le_v4SPD16_eabi.lib</file>
         <name>pre_init.c.obj</name>
      </input_file>
      <input_file id="fl-e5">
         <path>C:\ti\ccs1200\ccs\tools\compiler\ti-cgt-arm_20.2.6.LTS\lib\</path>
         <kind>archive</kind>
         <file>rtsv7M4_T_le_v4SPD16_eabi.lib</file>
         <name>cpy_tbl.c.obj</name>
      </input_file>
      <input_file id="fl-e6">
         <path>C:\ti\ccs1200\ccs\tools\compiler\ti-cgt-arm_20.2.6.LTS\lib\</path>
         <kind>archive</kind>
         <file>rtsv7M4_T_le_v4SPD16_eabi.lib</file>
         <name>exit.c.obj</name>
      </input_file>
      <input_file id="fl-e7">
         <path>C:\ti\ccs1200\ccs\tools\compiler\ti-cgt-arm_20.2.6.LTS\lib\</path>
         <kind>archive</kind>
         <file>rtsv7M4_T_le_v4SPD16_eabi.lib</file>
         <name>_lock.c.obj</name>
      </input_file>
      <input_file id="fl-e8">
         <path>C:\ti\ccs1200\ccs\tools\compiler\ti-cgt-arm_20.2.6.LTS\lib\</path>
         <kind>archive</kind>
         <file>rtsv7M4_T_le_v4SPD16_eabi.lib</file>
         <name>_ltoa.c.obj</name>
      </input_file>
      <input_file id="fl-e9">
         <path>C:\ti\ccs1200\ccs\tools\compiler\ti-cgt-arm_20.2.6.LTS\lib\</path>
         <kind>archive</kind>
         <file>rtsv7M4_T_le_v4SPD16_eabi.lib</file>
         <name>args_main.c.obj</name>
      </input_file>
      <input_file id="fl-ea">
         <path>C:\ti\ccs1200\ccs\tools\compiler\ti-cgt-arm_20.2.6.LTS\lib\</path>
         <kind>archive</kind>
         <file>rtsv7M4_T_le_v4SPD16_eabi.lib</file>
         <name>atoi.c.obj</name>
      </input_file>
      <input_file id="fl-eb">
         <path>C:\ti\ccs1200\ccs\tools\compiler\ti-cgt-arm_20.2.6.LTS\lib\</path>
         <kind>archive</kind>
         <file>rtsv7M4_T_le_v4SPD16_eabi.lib</file>
         <name>memccpy.c.obj</name>
      </input_file>
      <input_file id="fl-ec">
         <path>C:\ti\ccs1200\ccs\tools\compiler\ti-cgt-arm_20.2.6.LTS\lib\</path>
         <kind>archive</kind>
         <file>rtsv7M4_T_le_v4SPD16_eabi.lib</file>
         <name>strchr.c.obj</name>
      </input_file>
      <input_file id="fl-ed">
         <path>C:\ti\ccs1200\ccs\tools\compiler\ti-cgt-arm_20.2.6.LTS\lib\</path>
         <kind>archive</kind>
         <file>rtsv7M4_T_le_v4SPD16_eabi.lib</file>
         <name>strcspn.c.obj</name>
      </input_file>
      <input_file id="fl-ee">
         <path>C:\ti\ccs1200\ccs\tools\compiler\ti-cgt-arm_20.2.6.LTS\lib\</path>
         <kind>archive</kind>
         <file>rtsv7M4_T_le_v4SPD16_eabi.lib</file>
         <name>strrchr.c.obj</name>
      </input_file>
      <input_file id="fl-ef">
         <path>C:\ti\ccs1200\ccs\tools\compiler\ti-cgt-arm_20.2.6.LTS\lib\</path>
         <kind>archive</kind>
         <file>rtsv7M4_T_le_v4SPD16_eabi.lib</file>
         <name>strspn.c.obj</name>
      </input_file>
      <input_file id="fl-f0">
         <path>C:\ti\ccs1200\ccs\tools\compiler\ti-cgt-arm_20.2.6.LTS\lib\</path>
         <kind>archive</kind>
         <file>rtsv7M4_T_le_v4SPD16_eabi.lib</file>
         <name>strtod.c.obj</name>
      </input_file>
      <input_file id="fl-f1">
         <path>C:\ti\ccs1200\ccs\tools\compiler\ti-cgt-arm_20.2.6.LTS\lib\</path>
         <kind>archive</kind>
         <file>rtsv7M4_T_le_v4SPD16_eabi.lib</file>
         <name>strtol.c.obj</name>
      </input_file>
      <input_file id="fl-f2">
         <path>C:\ti\ccs1200\ccs\tools\compiler\ti-cgt-arm_20.2.6.LTS\lib\</path>
         <kind>archive</kind>
         <file>rtsv7M4_T_le_v4SPD16_eabi.lib</file>
         <name>strtoll.c.obj</name>
      </input_file>
      <input_file id="fl-f3">
         <path>C:\ti\ccs1200\ccs\tools\compiler\ti-cgt-arm_20.2.6.LTS\lib\</path>
         <kind>archive</kind>
         <file>rtsv7M4_T_le_v4SPD16_eabi.lib</file>
         <name>strtoul.c.obj</name>
      </input_file>
      <input_file id="fl-f4">
         <path>C:\ti\ccs1200\ccs\tools\compiler\ti-cgt-arm_20.2.6.LTS\lib\</path>
         <kind>archive</kind>
         <file>rtsv7M4_T_le_v4SPD16_eabi.lib</file>
         <name>strtoull.c.obj</name>
      </input_file>
      <input_file id="fl-f5">
         <path>C:\ti\ccs1200\ccs\tools\compiler\ti-cgt-arm_20.2.6.LTS\lib\</path>
         <kind>archive</kind>
         <file>rtsv7M4_T_le_v4SPD16_eabi.lib</file>
         <name>errno.c.obj</name>
      </input_file>
      <input_file id="fl-f6">
         <path>C:\ti\ccs1200\ccs\tools\compiler\ti-cgt-arm_20.2.6.LTS\lib\</path>
         <kind>archive</kind>
         <file>rtsv7M4_T_le_v4SPD16_eabi.lib</file>
         <name>s_frexp.c.obj</name>
      </input_file>
      <input_file id="fl-f7">
         <path>C:\ti\ccs1200\ccs\tools\compiler\ti-cgt-arm_20.2.6.LTS\lib\</path>
         <kind>archive</kind>
         <file>rtsv7M4_T_le_v4SPD16_eabi.lib</file>
         <name>s_scalbn.c.obj</name>
      </input_file>
      <input_file id="fl-f8">
         <path>C:\ti\ccs1200\ccs\tools\compiler\ti-cgt-arm_20.2.6.LTS\lib\</path>
         <kind>archive</kind>
         <file>rtsv7M4_T_le_v4SPD16_eabi.lib</file>
         <name>s_copysign.c.obj</name>
      </input_file>
      <input_file id="fl-f9">
         <path>C:\ti\ccs1200\ccs\tools\compiler\ti-cgt-arm_20.2.6.LTS\lib\</path>
         <kind>archive</kind>
         <file>rtsv7M4_T_le_v4SPD16_eabi.lib</file>
         <name>wcslen.c.obj</name>
      </input_file>
      <input_file id="fl-fa">
         <path>C:\ti\ccs1200\ccs\tools\compiler\ti-cgt-arm_20.2.6.LTS\lib\</path>
         <kind>archive</kind>
         <file>rtsv7M4_T_le_v4SPD16_eabi.lib</file>
         <name>div0.asm.obj</name>
      </input_file>
      <input_file id="fl-fb">
         <path>C:\ti\ccs1200\ccs\tools\compiler\ti-cgt-arm_20.2.6.LTS\lib\</path>
         <kind>archive</kind>
         <file>rtsv7M4_T_le_v4SPD16_eabi.lib</file>
         <name>ll_mul_t2.asm.obj</name>
      </input_file>
   </input_file_list>
   <object_component_list>
      <object_component id="oc-12">
         <name>.intvecs</name>
         <load_address>0x0</load_address>
         <run_address>0x0</run_address>
         <size>0x26c</size>
         <input_file_ref idref="fl-e"/>
      </object_component>
      <object_component id="oc-b2">
         <name>.text</name>
         <load_address>0x26c</load_address>
         <run_address>0x26c</run_address>
         <size>0xf48</size>
         <input_file_ref idref="fl-6"/>
      </object_component>
      <object_component id="oc-212">
         <name>.text:__TI_scanfi</name>
         <load_address>0x11b4</load_address>
         <run_address>0x11b4</run_address>
         <size>0xb14</size>
         <input_file_ref idref="fl-d9"/>
      </object_component>
      <object_component id="oc-1d8">
         <name>.text:__TI_printfi</name>
         <load_address>0x1cc8</load_address>
         <run_address>0x1cc8</run_address>
         <size>0xa4e</size>
         <input_file_ref idref="fl-d8"/>
      </object_component>
      <object_component id="oc-408">
         <name>.text</name>
         <load_address>0x2716</load_address>
         <run_address>0x2716</run_address>
         <size>0x2</size>
         <input_file_ref idref="fl-fa"/>
      </object_component>
      <object_component id="oc-125">
         <name>.text</name>
         <load_address>0x2718</load_address>
         <run_address>0x2718</run_address>
         <size>0x9ac</size>
         <input_file_ref idref="fl-c"/>
      </object_component>
      <object_component id="oc-e4">
         <name>.text</name>
         <load_address>0x30c4</load_address>
         <run_address>0x30c4</run_address>
         <size>0x808</size>
         <input_file_ref idref="fl-7"/>
      </object_component>
      <object_component id="oc-ea">
         <name>.text</name>
         <load_address>0x38cc</load_address>
         <run_address>0x38cc</run_address>
         <size>0x714</size>
         <input_file_ref idref="fl-5"/>
      </object_component>
      <object_component id="oc-242">
         <name>.text</name>
         <load_address>0x3fe0</load_address>
         <run_address>0x3fe0</run_address>
         <size>0x534</size>
         <input_file_ref idref="fl-a"/>
      </object_component>
      <object_component id="oc-fc">
         <name>.text</name>
         <load_address>0x4514</load_address>
         <run_address>0x4514</run_address>
         <size>0x4ac</size>
         <input_file_ref idref="fl-9"/>
      </object_component>
      <object_component id="oc-2f0">
         <name>.text:strtod</name>
         <load_address>0x49c0</load_address>
         <run_address>0x49c0</run_address>
         <size>0x460</size>
         <input_file_ref idref="fl-f0"/>
      </object_component>
      <object_component id="oc-150">
         <name>.text</name>
         <load_address>0x4e20</load_address>
         <run_address>0x4e20</run_address>
         <size>0x378</size>
         <input_file_ref idref="fl-10"/>
      </object_component>
      <object_component id="oc-2d">
         <name>.text</name>
         <load_address>0x5198</load_address>
         <run_address>0x5198</run_address>
         <size>0x338</size>
         <input_file_ref idref="fl-d"/>
      </object_component>
      <object_component id="oc-143">
         <name>.text</name>
         <load_address>0x54d0</load_address>
         <run_address>0x54d0</run_address>
         <size>0x2f4</size>
         <input_file_ref idref="fl-2"/>
      </object_component>
      <object_component id="oc-2ab">
         <name>.text:_pconv_a</name>
         <load_address>0x57c4</load_address>
         <run_address>0x57c4</run_address>
         <size>0x270</size>
         <input_file_ref idref="fl-d8"/>
      </object_component>
      <object_component id="oc-301">
         <name>.text:strtoll</name>
         <load_address>0x5a34</load_address>
         <run_address>0x5a34</run_address>
         <size>0x1dc</size>
         <input_file_ref idref="fl-f2"/>
      </object_component>
      <object_component id="oc-299">
         <name>.text:_pconv_g</name>
         <load_address>0x5c10</load_address>
         <run_address>0x5c10</run_address>
         <size>0x1d0</size>
         <input_file_ref idref="fl-d8"/>
      </object_component>
      <object_component id="oc-38c">
         <name>.text</name>
         <load_address>0x5de0</load_address>
         <run_address>0x5de0</run_address>
         <size>0x1b6</size>
         <input_file_ref idref="fl-da"/>
      </object_component>
      <object_component id="oc-1c8">
         <name>.text</name>
         <load_address>0x5f98</load_address>
         <run_address>0x5f98</run_address>
         <size>0x160</size>
         <input_file_ref idref="fl-b"/>
      </object_component>
      <object_component id="oc-2e4">
         <name>.text:strtoull</name>
         <load_address>0x60f8</load_address>
         <run_address>0x60f8</run_address>
         <size>0x15c</size>
         <input_file_ref idref="fl-f4"/>
      </object_component>
      <object_component id="oc-14a">
         <name>.text</name>
         <load_address>0x6254</load_address>
         <run_address>0x6254</run_address>
         <size>0x154</size>
         <input_file_ref idref="fl-8"/>
      </object_component>
      <object_component id="oc-2a5">
         <name>.text:_pconv_e</name>
         <load_address>0x63a8</load_address>
         <run_address>0x63a8</run_address>
         <size>0x13c</size>
         <input_file_ref idref="fl-d8"/>
      </object_component>
      <object_component id="oc-372">
         <name>.text</name>
         <load_address>0x64e4</load_address>
         <run_address>0x64e4</run_address>
         <size>0x136</size>
         <input_file_ref idref="fl-dc"/>
      </object_component>
      <object_component id="oc-2fb">
         <name>.text:strtol</name>
         <load_address>0x661c</load_address>
         <run_address>0x661c</run_address>
         <size>0x130</size>
         <input_file_ref idref="fl-f1"/>
      </object_component>
      <object_component id="oc-f0">
         <name>.text</name>
         <load_address>0x674c</load_address>
         <run_address>0x674c</run_address>
         <size>0x128</size>
         <input_file_ref idref="fl-f"/>
      </object_component>
      <object_component id="oc-39e">
         <name>.text:fcvt</name>
         <load_address>0x6874</load_address>
         <run_address>0x6874</run_address>
         <size>0x124</size>
         <input_file_ref idref="fl-d8"/>
      </object_component>
      <object_component id="oc-3b2">
         <name>.text:scalbn</name>
         <load_address>0x6998</load_address>
         <run_address>0x6998</run_address>
         <size>0x110</size>
         <input_file_ref idref="fl-f7"/>
      </object_component>
      <object_component id="oc-2ea">
         <name>.text:strtoul</name>
         <load_address>0x6aa8</load_address>
         <run_address>0x6aa8</run_address>
         <size>0x110</size>
         <input_file_ref idref="fl-f3"/>
      </object_component>
      <object_component id="oc-36d">
         <name>.text</name>
         <load_address>0x6bb8</load_address>
         <run_address>0x6bb8</run_address>
         <size>0xfc</size>
         <input_file_ref idref="fl-dd"/>
      </object_component>
      <object_component id="oc-28e">
         <name>.text:_ltostr</name>
         <load_address>0x6cb4</load_address>
         <run_address>0x6cb4</run_address>
         <size>0xb1</size>
         <input_file_ref idref="fl-d8"/>
      </object_component>
      <object_component id="oc-41">
         <name>.text</name>
         <load_address>0x6d66</load_address>
         <run_address>0x6d66</run_address>
         <size>0x9c</size>
         <input_file_ref idref="fl-cd"/>
      </object_component>
      <object_component id="oc-366">
         <name>.text</name>
         <load_address>0x6e02</load_address>
         <run_address>0x6e02</run_address>
         <size>0x96</size>
         <input_file_ref idref="fl-e2"/>
      </object_component>
      <object_component id="oc-294">
         <name>.text:__aeabi_cdcmple</name>
         <load_address>0x6e98</load_address>
         <run_address>0x6e98</run_address>
         <size>0x86</size>
         <input_file_ref idref="fl-db"/>
      </object_component>
      <object_component id="oc-377">
         <name>.text:__aeabi_cdrcmple</name>
         <load_address>0x6f1e</load_address>
         <run_address>0x6f1e</run_address>
         <size>0x86</size>
         <input_file_ref idref="fl-db"/>
      </object_component>
      <object_component id="oc-102">
         <name>.text</name>
         <load_address>0x6fa4</load_address>
         <run_address>0x6fa4</run_address>
         <size>0x84</size>
         <input_file_ref idref="fl-4"/>
      </object_component>
      <object_component id="oc-a6">
         <name>.text</name>
         <load_address>0x7028</load_address>
         <run_address>0x7028</run_address>
         <size>0x7a</size>
         <input_file_ref idref="fl-e1"/>
      </object_component>
      <object_component id="oc-397">
         <name>.text:_mcpy</name>
         <load_address>0x70a2</load_address>
         <run_address>0x70a2</run_address>
         <size>0x6e</size>
         <input_file_ref idref="fl-d8"/>
      </object_component>
      <object_component id="oc-2f6">
         <name>.text</name>
         <load_address>0x7110</load_address>
         <run_address>0x7110</run_address>
         <size>0x6e</size>
         <input_file_ref idref="fl-df"/>
      </object_component>
      <object_component id="oc-224">
         <name>.text:_chkmbc</name>
         <load_address>0x7180</load_address>
         <run_address>0x7180</run_address>
         <size>0x68</size>
         <input_file_ref idref="fl-cc"/>
      </object_component>
      <object_component id="oc-15">
         <name>.text:decompress:lzss:__TI_decompress_lzss</name>
         <load_address>0x71e8</load_address>
         <run_address>0x71e8</run_address>
         <size>0x68</size>
         <input_file_ref idref="fl-d0"/>
      </object_component>
      <object_component id="oc-3ac">
         <name>.text:frexp</name>
         <load_address>0x7250</load_address>
         <run_address>0x7250</run_address>
         <size>0x64</size>
         <input_file_ref idref="fl-f6"/>
      </object_component>
      <object_component id="oc-29f">
         <name>.text:_pconv_f</name>
         <load_address>0x72b4</load_address>
         <run_address>0x72b4</run_address>
         <size>0x56</size>
         <input_file_ref idref="fl-d8"/>
      </object_component>
      <object_component id="oc-381">
         <name>.text:__TI_ltoa</name>
         <load_address>0x730a</load_address>
         <run_address>0x730a</run_address>
         <size>0x54</size>
         <input_file_ref idref="fl-e8"/>
      </object_component>
      <object_component id="oc-391">
         <name>.text:_ecpy</name>
         <load_address>0x735e</load_address>
         <run_address>0x735e</run_address>
         <size>0x52</size>
         <input_file_ref idref="fl-d8"/>
      </object_component>
      <object_component id="oc-288">
         <name>.text:atoi</name>
         <load_address>0x73b0</load_address>
         <run_address>0x73b0</run_address>
         <size>0x4c</size>
         <input_file_ref idref="fl-ea"/>
      </object_component>
      <object_component id="oc-f6">
         <name>.text:snprintf</name>
         <load_address>0x73fc</load_address>
         <run_address>0x73fc</run_address>
         <size>0x4c</size>
         <input_file_ref idref="fl-cb"/>
      </object_component>
      <object_component id="oc-37c">
         <name>.text</name>
         <load_address>0x7448</load_address>
         <run_address>0x7448</run_address>
         <size>0x48</size>
         <input_file_ref idref="fl-de"/>
      </object_component>
      <object_component id="oc-16c">
         <name>.text:__TI_auto_init_nobinit_nopinit:__TI_auto_init_nobinit_nopinit</name>
         <load_address>0x7490</load_address>
         <run_address>0x7490</run_address>
         <size>0x44</size>
         <input_file_ref idref="fl-e3"/>
      </object_component>
      <object_component id="oc-114">
         <name>.text:strtok</name>
         <load_address>0x74d4</load_address>
         <run_address>0x74d4</run_address>
         <size>0x40</size>
         <input_file_ref idref="fl-d5"/>
      </object_component>
      <object_component id="oc-3a4">
         <name>.text:_fcpy</name>
         <load_address>0x7514</load_address>
         <run_address>0x7514</run_address>
         <size>0x3e</size>
         <input_file_ref idref="fl-d8"/>
      </object_component>
      <object_component id="oc-10e">
         <name>.text:sscanf</name>
         <load_address>0x7554</load_address>
         <run_address>0x7554</run_address>
         <size>0x38</size>
         <input_file_ref idref="fl-cc"/>
      </object_component>
      <object_component id="oc-5f">
         <name>.text:_c_int00_noargs:_c_int00_noargs</name>
         <load_address>0x758c</load_address>
         <run_address>0x758c</run_address>
         <size>0x34</size>
         <input_file_ref idref="fl-d7"/>
      </object_component>
      <object_component id="oc-1de">
         <name>.text:_outs</name>
         <load_address>0x75c0</load_address>
         <run_address>0x75c0</run_address>
         <size>0x30</size>
         <input_file_ref idref="fl-cb"/>
      </object_component>
      <object_component id="oc-387">
         <name>.text</name>
         <load_address>0x75f0</load_address>
         <run_address>0x75f0</run_address>
         <size>0x2e</size>
         <input_file_ref idref="fl-e0"/>
      </object_component>
      <object_component id="oc-22c">
         <name>.text:strspn</name>
         <load_address>0x761e</load_address>
         <run_address>0x761e</run_address>
         <size>0x2a</size>
         <input_file_ref idref="fl-ef"/>
      </object_component>
      <object_component id="oc-232">
         <name>.text:strcspn</name>
         <load_address>0x7648</load_address>
         <run_address>0x7648</run_address>
         <size>0x24</size>
         <input_file_ref idref="fl-ed"/>
      </object_component>
      <object_component id="oc-13c">
         <name>.text</name>
         <load_address>0x766c</load_address>
         <run_address>0x766c</run_address>
         <size>0x24</size>
         <input_file_ref idref="fl-11"/>
      </object_component>
      <object_component id="oc-2b1">
         <name>.text:memccpy</name>
         <load_address>0x7690</load_address>
         <run_address>0x7690</run_address>
         <size>0x1c</size>
         <input_file_ref idref="fl-eb"/>
      </object_component>
      <object_component id="oc-421">
         <name>.text:copysign</name>
         <load_address>0x76ac</load_address>
         <run_address>0x76ac</run_address>
         <size>0x1a</size>
         <input_file_ref idref="fl-f8"/>
      </object_component>
      <object_component id="oc-1e4">
         <name>.text:_outc</name>
         <load_address>0x76c6</load_address>
         <run_address>0x76c6</run_address>
         <size>0x18</size>
         <input_file_ref idref="fl-cb"/>
      </object_component>
      <object_component id="oc-3d5">
         <name>.text</name>
         <load_address>0x76de</load_address>
         <run_address>0x76de</run_address>
         <size>0x18</size>
         <input_file_ref idref="fl-fb"/>
      </object_component>
      <object_component id="oc-11a">
         <name>.text:strcmp</name>
         <load_address>0x76f6</load_address>
         <run_address>0x76f6</run_address>
         <size>0x18</size>
         <input_file_ref idref="fl-d2"/>
      </object_component>
      <object_component id="oc-307">
         <name>.text:strrchr</name>
         <load_address>0x770e</load_address>
         <run_address>0x770e</run_address>
         <size>0x18</size>
         <input_file_ref idref="fl-ee"/>
      </object_component>
      <object_component id="oc-30d">
         <name>.text:strchr</name>
         <load_address>0x7726</load_address>
         <run_address>0x7726</run_address>
         <size>0x16</size>
         <input_file_ref idref="fl-ec"/>
      </object_component>
      <object_component id="oc-12b">
         <name>.text:strcpy</name>
         <load_address>0x773c</load_address>
         <run_address>0x773c</run_address>
         <size>0x14</size>
         <input_file_ref idref="fl-d3"/>
      </object_component>
      <object_component id="oc-282">
         <name>.text:strlen</name>
         <load_address>0x7750</load_address>
         <run_address>0x7750</run_address>
         <size>0x14</size>
         <input_file_ref idref="fl-d4"/>
      </object_component>
      <object_component id="oc-218">
         <name>.text:_inpchar</name>
         <load_address>0x7764</load_address>
         <run_address>0x7764</run_address>
         <size>0x12</size>
         <input_file_ref idref="fl-cc"/>
      </object_component>
      <object_component id="oc-2b7">
         <name>.text:wcslen</name>
         <load_address>0x7776</load_address>
         <run_address>0x7776</run_address>
         <size>0x12</size>
         <input_file_ref idref="fl-f9"/>
      </object_component>
      <object_component id="oc-de">
         <name>.text</name>
         <load_address>0x7788</load_address>
         <run_address>0x7788</run_address>
         <size>0x10</size>
         <input_file_ref idref="fl-3"/>
      </object_component>
      <object_component id="oc-108">
         <name>.text:tolower</name>
         <load_address>0x7798</load_address>
         <run_address>0x7798</run_address>
         <size>0x10</size>
         <input_file_ref idref="fl-d6"/>
      </object_component>
      <object_component id="oc-1b">
         <name>.text:decompress:none:__TI_decompress_none</name>
         <load_address>0x77a8</load_address>
         <run_address>0x77a8</run_address>
         <size>0xe</size>
         <input_file_ref idref="fl-cf"/>
      </object_component>
      <object_component id="oc-53">
         <name>.text:decompress:ZI:__TI_zero_init</name>
         <load_address>0x77b6</load_address>
         <run_address>0x77b6</run_address>
         <size>0xc</size>
         <input_file_ref idref="fl-ce"/>
      </object_component>
      <object_component id="oc-27">
         <name>.text</name>
         <load_address>0x77c2</load_address>
         <run_address>0x77c2</run_address>
         <size>0xc</size>
         <input_file_ref idref="fl-e"/>
      </object_component>
      <object_component id="oc-2bd">
         <name>.text:__aeabi_errno_addr</name>
         <load_address>0x77d0</load_address>
         <run_address>0x77d0</run_address>
         <size>0x8</size>
         <input_file_ref idref="fl-f5"/>
      </object_component>
      <object_component id="oc-21e">
         <name>.text:_uninpchar</name>
         <load_address>0x77d8</load_address>
         <run_address>0x77d8</run_address>
         <size>0x8</size>
         <input_file_ref idref="fl-cc"/>
      </object_component>
      <object_component id="oc-ac">
         <name>.text:_system_pre_init</name>
         <load_address>0x77e0</load_address>
         <run_address>0x77e0</run_address>
         <size>0x4</size>
         <input_file_ref idref="fl-e4"/>
      </object_component>
      <object_component id="oc-160">
         <name>.text:abort:abort</name>
         <load_address>0x77e4</load_address>
         <run_address>0x77e4</run_address>
         <size>0x4</size>
         <input_file_ref idref="fl-e6"/>
      </object_component>
      <object_component id="oc-20d">
         <name>.const:.string:_ctypes_</name>
         <load_address>0x77e8</load_address>
         <run_address>0x77e8</run_address>
         <size>0x101</size>
         <input_file_ref idref="fl-d1"/>
      </object_component>
      <object_component id="oc-3de">
         <name>.const:$O1$$</name>
         <load_address>0x78f0</load_address>
         <run_address>0x78f0</run_address>
         <size>0xc8</size>
         <input_file_ref idref="fl-f0"/>
      </object_component>
      <object_component id="oc-313">
         <name>.const:$O1$$</name>
         <load_address>0x79b8</load_address>
         <run_address>0x79b8</run_address>
         <size>0x10</size>
         <input_file_ref idref="fl-d9"/>
      </object_component>
      <object_component id="oc-484">
         <name>.cinit..data.load</name>
         <load_address>0x79c8</load_address>
         <run_address>0x79c8</run_address>
         <size>0x11</size>
      </object_component>
      <object_component id="oc-482">
         <name>__TI_handler_table</name>
         <load_address>0x79dc</load_address>
         <run_address>0x79dc</run_address>
         <size>0xc</size>
      </object_component>
      <object_component id="oc-485">
         <name>.cinit..bss.load</name>
         <load_address>0x79e8</load_address>
         <run_address>0x79e8</run_address>
         <size>0x8</size>
      </object_component>
      <object_component id="oc-483">
         <name>__TI_cinit_table</name>
         <load_address>0x79f0</load_address>
         <run_address>0x79f0</run_address>
         <size>0x10</size>
      </object_component>
      <object_component id="oc-1ce">
         <name>.data</name>
         <load_address>0x2000333c</load_address>
         <run_address>0x2000333c</run_address>
         <size>0x3</size>
         <input_file_ref idref="fl-5"/>
      </object_component>
      <object_component id="oc-1d1">
         <name>.data:hwAddress</name>
         <load_address>0x20003318</load_address>
         <run_address>0x20003318</run_address>
         <size>0x6</size>
         <input_file_ref idref="fl-5"/>
      </object_component>
      <object_component id="oc-120">
         <name>.data</name>
         <load_address>0x2000333f</load_address>
         <run_address>0x2000333f</run_address>
         <size>0x1</size>
         <input_file_ref idref="fl-6"/>
      </object_component>
      <object_component id="oc-1fb">
         <name>.data:ipAddress</name>
         <load_address>0x2000331e</load_address>
         <run_address>0x2000331e</run_address>
         <size>0x4</size>
         <input_file_ref idref="fl-9"/>
      </object_component>
      <object_component id="oc-1fe">
         <name>.data:ipSubnetMask</name>
         <load_address>0x2000332a</load_address>
         <run_address>0x2000332a</run_address>
         <size>0x4</size>
         <input_file_ref idref="fl-9"/>
      </object_component>
      <object_component id="oc-201">
         <name>.data:ipGwAddress</name>
         <load_address>0x20003326</load_address>
         <run_address>0x20003326</run_address>
         <size>0x4</size>
         <input_file_ref idref="fl-9"/>
      </object_component>
      <object_component id="oc-204">
         <name>.data:ipDnsAddress</name>
         <load_address>0x20003322</load_address>
         <run_address>0x20003322</run_address>
         <size>0x4</size>
         <input_file_ref idref="fl-9"/>
      </object_component>
      <object_component id="oc-207">
         <name>.data:ipTimeServerAddress</name>
         <load_address>0x2000332e</load_address>
         <run_address>0x2000332e</run_address>
         <size>0x4</size>
         <input_file_ref idref="fl-9"/>
      </object_component>
      <object_component id="oc-32b">
         <name>.data</name>
         <load_address>0x20003332</load_address>
         <run_address>0x20003332</run_address>
         <size>0x2</size>
         <input_file_ref idref="fl-a"/>
      </object_component>
      <object_component id="oc-238">
         <name>.data</name>
         <load_address>0x20003338</load_address>
         <run_address>0x20003338</run_address>
         <size>0x4</size>
         <input_file_ref idref="fl-d5"/>
      </object_component>
      <object_component id="oc-3c2">
         <name>.data</name>
         <load_address>0x20003334</load_address>
         <run_address>0x20003334</run_address>
         <size>0x4</size>
         <input_file_ref idref="fl-f5"/>
      </object_component>
      <object_component id="oc-136">
         <name>.common:TCP_STATE</name>
         <uninitialized>true</uninitialized>
         <run_address>0x2000230c</run_address>
         <size>0x1</size>
      </object_component>
      <object_component id="oc-137">
         <name>.common:MQTT_STATE</name>
         <uninitialized>true</uninitialized>
         <run_address>0x2000230b</run_address>
         <size>0x1</size>
      </object_component>
      <object_component id="oc-131">
         <name>.common:HANDSHAKE_STATE</name>
         <uninitialized>true</uninitialized>
         <run_address>0x2000230a</run_address>
         <size>0x1</size>
      </object_component>
      <object_component id="oc-138">
         <name>.common:publishTopic</name>
         <uninitialized>true</uninitialized>
         <run_address>0x20002188</run_address>
         <size>0x50</size>
      </object_component>
      <object_component id="oc-139">
         <name>.common:publishData</name>
         <uninitialized>true</uninitialized>
         <run_address>0x200020d0</run_address>
         <size>0x64</size>
      </object_component>
      <object_component id="oc-13a">
         <name>.common:subTopicFilter</name>
         <uninitialized>true</uninitialized>
         <run_address>0x200021d8</run_address>
         <size>0x50</size>
      </object_component>
      <object_component id="oc-13b">
         <name>.common:unsubTopicFilter</name>
         <uninitialized>true</uninitialized>
         <run_address>0x20002228</run_address>
         <size>0x50</size>
      </object_component>
      <object_component id="oc-156">
         <name>.common:sendUnsubFlag</name>
         <uninitialized>true</uninitialized>
         <run_address>0x20002312</run_address>
         <size>0x1</size>
      </object_component>
      <object_component id="oc-142">
         <name>.common:sendPubFlag</name>
         <uninitialized>true</uninitialized>
         <run_address>0x20002310</run_address>
         <size>0x1</size>
      </object_component>
      <object_component id="oc-158">
         <name>.common:sendArpFlag</name>
         <uninitialized>true</uninitialized>
         <run_address>0x2000230e</run_address>
         <size>0x1</size>
      </object_component>
      <object_component id="oc-157">
         <name>.common:sendFinFlag</name>
         <uninitialized>true</uninitialized>
         <run_address>0x2000230f</run_address>
         <size>0x1</size>
      </object_component>
      <object_component id="oc-149">
         <name>.common:sendSubFlag</name>
         <uninitialized>true</uninitialized>
         <run_address>0x20002311</run_address>
         <size>0x1</size>
      </object_component>
      <object_component id="oc-159">
         <name>.common:isPUB</name>
         <uninitialized>true</uninitialized>
         <run_address>0x2000230d</run_address>
         <size>0x1</size>
      </object_component>
      <object_component id="oc-32f">
         <name>.common:packetIDArray</name>
         <uninitialized>true</uninitialized>
         <run_address>0x20001f40</run_address>
         <size>0x190</size>
      </object_component>
      <object_component id="oc-32e">
         <name>.common:filterTopics</name>
         <uninitialized>true</uninitialized>
         <run_address>0x20000000</run_address>
         <size>0x1f40</size>
      </object_component>
      <object_component id="oc-123">
         <name>.common:strInput</name>
         <uninitialized>true</uninitialized>
         <run_address>0x20002134</run_address>
         <size>0x54</size>
      </object_component>
      <object_component id="oc-124">
         <name>.common:token</name>
         <uninitialized>true</uninitialized>
         <run_address>0x20002304</run_address>
         <size>0x4</size>
      </object_component>
      <object_component id="oc-241">
         <name>.common:FLAGS</name>
         <uninitialized>true</uninitialized>
         <run_address>0x20002308</run_address>
         <size>0x2</size>
      </object_component>
      <object_component id="oc-249">
         <name>.common:currentSeq</name>
         <uninitialized>true</uninitialized>
         <run_address>0x20002300</run_address>
         <size>0x4</size>
      </object_component>
      <object_component id="oc-248">
         <name>.common:currentAck</name>
         <uninitialized>true</uninitialized>
         <run_address>0x200022fc</run_address>
         <size>0x4</size>
      </object_component>
      <object_component id="oc-78">
         <name>.common:fn</name>
         <uninitialized>true</uninitialized>
         <run_address>0x20002278</run_address>
         <size>0x28</size>
      </object_component>
      <object_component id="oc-74">
         <name>.common:period</name>
         <uninitialized>true</uninitialized>
         <run_address>0x200022a0</run_address>
         <size>0x28</size>
      </object_component>
      <object_component id="oc-77">
         <name>.common:ticks</name>
         <uninitialized>true</uninitialized>
         <run_address>0x200022c8</run_address>
         <size>0x28</size>
      </object_component>
      <object_component id="oc-79">
         <name>.common:reload</name>
         <uninitialized>true</uninitialized>
         <run_address>0x200022f0</run_address>
         <size>0xc</size>
      </object_component>
      <object_component id="oc-24">
         <name>.stack</name>
         <uninitialized>true</uninitialized>
         <run_address>0x20002318</run_address>
         <size>0x4</size>
         <input_file_ref idref="fl-d7"/>
      </object_component>
      <object_component id="oc-487">
         <name>.stack</name>
         <uninitialized>true</uninitialized>
         <run_address>0x20002318</run_address>
         <size>0x0</size>
      </object_component>
      <object_component id="oc-cd">
         <name>.debug_info</name>
         <load_address>0x0</load_address>
         <run_address>0x0</run_address>
         <size>0x350</size>
         <input_file_ref idref="fl-2"/>
      </object_component>
      <object_component id="oc-144">
         <name>.debug_info</name>
         <load_address>0x350</load_address>
         <run_address>0x350</run_address>
         <size>0x4b4</size>
         <input_file_ref idref="fl-2"/>
      </object_component>
      <object_component id="oc-8c">
         <name>.debug_info</name>
         <load_address>0x804</load_address>
         <run_address>0x804</run_address>
         <size>0x26b</size>
         <input_file_ref idref="fl-2"/>
      </object_component>
      <object_component id="oc-80">
         <name>.debug_info</name>
         <load_address>0xa6f</load_address>
         <run_address>0xa6f</run_address>
         <size>0x8b</size>
         <input_file_ref idref="fl-2"/>
      </object_component>
      <object_component id="oc-c6">
         <name>.debug_info</name>
         <load_address>0xafa</load_address>
         <run_address>0xafa</run_address>
         <size>0x2a4</size>
         <input_file_ref idref="fl-2"/>
      </object_component>
      <object_component id="oc-7b">
         <name>.debug_info</name>
         <load_address>0xd9e</load_address>
         <run_address>0xd9e</run_address>
         <size>0xbb</size>
         <input_file_ref idref="fl-2"/>
      </object_component>
      <object_component id="oc-1be">
         <name>.debug_info</name>
         <load_address>0xe59</load_address>
         <run_address>0xe59</run_address>
         <size>0xcc</size>
         <input_file_ref idref="fl-2"/>
      </object_component>
      <object_component id="oc-1f6">
         <name>.debug_info</name>
         <load_address>0xf25</load_address>
         <run_address>0xf25</run_address>
         <size>0x2c</size>
         <input_file_ref idref="fl-2"/>
      </object_component>
      <object_component id="oc-1a5">
         <name>.debug_info</name>
         <load_address>0xf51</load_address>
         <run_address>0xf51</run_address>
         <size>0xee</size>
         <input_file_ref idref="fl-2"/>
      </object_component>
      <object_component id="oc-1aa">
         <name>.debug_info</name>
         <load_address>0x103f</load_address>
         <run_address>0x103f</run_address>
         <size>0xe1</size>
         <input_file_ref idref="fl-2"/>
      </object_component>
      <object_component id="oc-15b">
         <name>.debug_info</name>
         <load_address>0x1120</load_address>
         <run_address>0x1120</run_address>
         <size>0x1c1</size>
         <input_file_ref idref="fl-2"/>
      </object_component>
      <object_component id="oc-df">
         <name>.debug_info</name>
         <load_address>0x12e1</load_address>
         <run_address>0x12e1</run_address>
         <size>0x118</size>
         <input_file_ref idref="fl-3"/>
      </object_component>
      <object_component id="oc-3c">
         <name>.debug_info</name>
         <load_address>0x13f9</load_address>
         <run_address>0x13f9</run_address>
         <size>0x84</size>
         <input_file_ref idref="fl-3"/>
      </object_component>
      <object_component id="oc-105">
         <name>.debug_info</name>
         <load_address>0x147d</load_address>
         <run_address>0x147d</run_address>
         <size>0x200</size>
         <input_file_ref idref="fl-4"/>
      </object_component>
      <object_component id="oc-1d5">
         <name>.debug_info</name>
         <load_address>0x167d</load_address>
         <run_address>0x167d</run_address>
         <size>0x462</size>
         <input_file_ref idref="fl-5"/>
      </object_component>
      <object_component id="oc-1cf">
         <name>.debug_info</name>
         <load_address>0x1adf</load_address>
         <run_address>0x1adf</run_address>
         <size>0x129</size>
         <input_file_ref idref="fl-5"/>
      </object_component>
      <object_component id="oc-1d2">
         <name>.debug_info</name>
         <load_address>0x1c08</load_address>
         <run_address>0x1c08</run_address>
         <size>0xd1</size>
         <input_file_ref idref="fl-5"/>
      </object_component>
      <object_component id="oc-ed">
         <name>.debug_info</name>
         <load_address>0x1cd9</load_address>
         <run_address>0x1cd9</run_address>
         <size>0x1883</size>
         <input_file_ref idref="fl-5"/>
      </object_component>
      <object_component id="oc-1b9">
         <name>.debug_info</name>
         <load_address>0x355c</load_address>
         <run_address>0x355c</run_address>
         <size>0x88</size>
         <input_file_ref idref="fl-5"/>
      </object_component>
      <object_component id="oc-cb">
         <name>.debug_info</name>
         <load_address>0x35e4</load_address>
         <run_address>0x35e4</run_address>
         <size>0x110f</size>
         <input_file_ref idref="fl-6"/>
      </object_component>
      <object_component id="oc-121">
         <name>.debug_info</name>
         <load_address>0x46f3</load_address>
         <run_address>0x46f3</run_address>
         <size>0xcd</size>
         <input_file_ref idref="fl-6"/>
      </object_component>
      <object_component id="oc-b3">
         <name>.debug_info</name>
         <load_address>0x47c0</load_address>
         <run_address>0x47c0</run_address>
         <size>0x1401</size>
         <input_file_ref idref="fl-6"/>
      </object_component>
      <object_component id="oc-1a0">
         <name>.debug_info</name>
         <load_address>0x5bc1</load_address>
         <run_address>0x5bc1</run_address>
         <size>0x24a</size>
         <input_file_ref idref="fl-6"/>
      </object_component>
      <object_component id="oc-85">
         <name>.debug_info</name>
         <load_address>0x5e0b</load_address>
         <run_address>0x5e0b</run_address>
         <size>0x2c</size>
         <input_file_ref idref="fl-6"/>
      </object_component>
      <object_component id="oc-335">
         <name>.debug_info</name>
         <load_address>0x5e37</load_address>
         <run_address>0x5e37</run_address>
         <size>0xb2</size>
         <input_file_ref idref="fl-6"/>
      </object_component>
      <object_component id="oc-1af">
         <name>.debug_info</name>
         <load_address>0x5ee9</load_address>
         <run_address>0x5ee9</run_address>
         <size>0xee</size>
         <input_file_ref idref="fl-6"/>
      </object_component>
      <object_component id="oc-33c">
         <name>.debug_info</name>
         <load_address>0x5fd7</load_address>
         <run_address>0x5fd7</run_address>
         <size>0x9e</size>
         <input_file_ref idref="fl-6"/>
      </object_component>
      <object_component id="oc-1b4">
         <name>.debug_info</name>
         <load_address>0x6075</load_address>
         <run_address>0x6075</run_address>
         <size>0x35</size>
         <input_file_ref idref="fl-6"/>
      </object_component>
      <object_component id="oc-1c7">
         <name>.debug_info</name>
         <load_address>0x60aa</load_address>
         <run_address>0x60aa</run_address>
         <size>0x260</size>
         <input_file_ref idref="fl-7"/>
      </object_component>
      <object_component id="oc-e6">
         <name>.debug_info</name>
         <load_address>0x630a</load_address>
         <run_address>0x630a</run_address>
         <size>0x10e6</size>
         <input_file_ref idref="fl-7"/>
      </object_component>
      <object_component id="oc-254">
         <name>.debug_info</name>
         <load_address>0x73f0</load_address>
         <run_address>0x73f0</run_address>
         <size>0x357</size>
         <input_file_ref idref="fl-8"/>
      </object_component>
      <object_component id="oc-14e">
         <name>.debug_info</name>
         <load_address>0x7747</load_address>
         <run_address>0x7747</run_address>
         <size>0x2ce</size>
         <input_file_ref idref="fl-8"/>
      </object_component>
      <object_component id="oc-20b">
         <name>.debug_info</name>
         <load_address>0x7a15</load_address>
         <run_address>0x7a15</run_address>
         <size>0x2c9</size>
         <input_file_ref idref="fl-9"/>
      </object_component>
      <object_component id="oc-1fc">
         <name>.debug_info</name>
         <load_address>0x7cde</load_address>
         <run_address>0x7cde</run_address>
         <size>0xcf</size>
         <input_file_ref idref="fl-9"/>
      </object_component>
      <object_component id="oc-1ff">
         <name>.debug_info</name>
         <load_address>0x7dad</load_address>
         <run_address>0x7dad</run_address>
         <size>0xd5</size>
         <input_file_ref idref="fl-9"/>
      </object_component>
      <object_component id="oc-202">
         <name>.debug_info</name>
         <load_address>0x7e82</load_address>
         <run_address>0x7e82</run_address>
         <size>0xd3</size>
         <input_file_ref idref="fl-9"/>
      </object_component>
      <object_component id="oc-205">
         <name>.debug_info</name>
         <load_address>0x7f55</load_address>
         <run_address>0x7f55</run_address>
         <size>0xd5</size>
         <input_file_ref idref="fl-9"/>
      </object_component>
      <object_component id="oc-208">
         <name>.debug_info</name>
         <load_address>0x802a</load_address>
         <run_address>0x802a</run_address>
         <size>0xe3</size>
         <input_file_ref idref="fl-9"/>
      </object_component>
      <object_component id="oc-ff">
         <name>.debug_info</name>
         <load_address>0x810d</load_address>
         <run_address>0x810d</run_address>
         <size>0xa91</size>
         <input_file_ref idref="fl-9"/>
      </object_component>
      <object_component id="oc-132">
         <name>.debug_info</name>
         <load_address>0x8b9e</load_address>
         <run_address>0x8b9e</run_address>
         <size>0x60b</size>
         <input_file_ref idref="fl-a"/>
      </object_component>
      <object_component id="oc-32c">
         <name>.debug_info</name>
         <load_address>0x91a9</load_address>
         <run_address>0x91a9</run_address>
         <size>0xc9</size>
         <input_file_ref idref="fl-a"/>
      </object_component>
      <object_component id="oc-246">
         <name>.debug_info</name>
         <load_address>0x9272</load_address>
         <run_address>0x9272</run_address>
         <size>0x79e</size>
         <input_file_ref idref="fl-a"/>
      </object_component>
      <object_component id="oc-1ca">
         <name>.debug_info</name>
         <load_address>0x9a10</load_address>
         <run_address>0x9a10</run_address>
         <size>0x452</size>
         <input_file_ref idref="fl-b"/>
      </object_component>
      <object_component id="oc-134">
         <name>.debug_info</name>
         <load_address>0x9e62</load_address>
         <run_address>0x9e62</run_address>
         <size>0x8f5</size>
         <input_file_ref idref="fl-c"/>
      </object_component>
      <object_component id="oc-127">
         <name>.debug_info</name>
         <load_address>0xa757</load_address>
         <run_address>0xa757</run_address>
         <size>0xfdf</size>
         <input_file_ref idref="fl-c"/>
      </object_component>
      <object_component id="oc-75">
         <name>.debug_info</name>
         <load_address>0xb736</load_address>
         <run_address>0xb736</run_address>
         <size>0x325</size>
         <input_file_ref idref="fl-d"/>
      </object_component>
      <object_component id="oc-30">
         <name>.debug_info</name>
         <load_address>0xba5b</load_address>
         <run_address>0xba5b</run_address>
         <size>0x4a7</size>
         <input_file_ref idref="fl-d"/>
      </object_component>
      <object_component id="oc-35">
         <name>.debug_info</name>
         <load_address>0xbf02</load_address>
         <run_address>0xbf02</run_address>
         <size>0x2c2</size>
         <input_file_ref idref="fl-e"/>
      </object_component>
      <object_component id="oc-13">
         <name>.debug_info</name>
         <load_address>0xc1c4</load_address>
         <run_address>0xc1c4</run_address>
         <size>0xeb</size>
         <input_file_ref idref="fl-e"/>
      </object_component>
      <object_component id="oc-2b">
         <name>.debug_info</name>
         <load_address>0xc2af</load_address>
         <run_address>0xc2af</run_address>
         <size>0x267</size>
         <input_file_ref idref="fl-e"/>
      </object_component>
      <object_component id="oc-1d7">
         <name>.debug_info</name>
         <load_address>0xc516</load_address>
         <run_address>0xc516</run_address>
         <size>0x34b</size>
         <input_file_ref idref="fl-f"/>
      </object_component>
      <object_component id="oc-f4">
         <name>.debug_info</name>
         <load_address>0xc861</load_address>
         <run_address>0xc861</run_address>
         <size>0x3c4</size>
         <input_file_ref idref="fl-f"/>
      </object_component>
      <object_component id="oc-256">
         <name>.debug_info</name>
         <load_address>0xcc25</load_address>
         <run_address>0xcc25</run_address>
         <size>0x3f0</size>
         <input_file_ref idref="fl-10"/>
      </object_component>
      <object_component id="oc-151">
         <name>.debug_info</name>
         <load_address>0xd015</load_address>
         <run_address>0xd015</run_address>
         <size>0x612</size>
         <input_file_ref idref="fl-10"/>
      </object_component>
      <object_component id="oc-13d">
         <name>.debug_info</name>
         <load_address>0xd627</load_address>
         <run_address>0xd627</run_address>
         <size>0x122</size>
         <input_file_ref idref="fl-11"/>
      </object_component>
      <object_component id="oc-1eb">
         <name>.debug_info</name>
         <load_address>0xd749</load_address>
         <run_address>0xd749</run_address>
         <size>0x33a</size>
         <input_file_ref idref="fl-cb"/>
      </object_component>
      <object_component id="oc-f9">
         <name>.debug_info</name>
         <load_address>0xda83</load_address>
         <run_address>0xda83</run_address>
         <size>0x1ee</size>
         <input_file_ref idref="fl-cb"/>
      </object_component>
      <object_component id="oc-1df">
         <name>.debug_info</name>
         <load_address>0xdc71</load_address>
         <run_address>0xdc71</run_address>
         <size>0x1c3</size>
         <input_file_ref idref="fl-cb"/>
      </object_component>
      <object_component id="oc-1e6">
         <name>.debug_info</name>
         <load_address>0xde34</load_address>
         <run_address>0xde34</run_address>
         <size>0x176</size>
         <input_file_ref idref="fl-cb"/>
      </object_component>
      <object_component id="oc-1ec">
         <name>.debug_info</name>
         <load_address>0xdfaa</load_address>
         <run_address>0xdfaa</run_address>
         <size>0x2c</size>
         <input_file_ref idref="fl-cb"/>
      </object_component>
      <object_component id="oc-1f1">
         <name>.debug_info</name>
         <load_address>0xdfd6</load_address>
         <run_address>0xdfd6</run_address>
         <size>0x69</size>
         <input_file_ref idref="fl-cb"/>
      </object_component>
      <object_component id="oc-22b">
         <name>.debug_info</name>
         <load_address>0xe03f</load_address>
         <run_address>0xe03f</run_address>
         <size>0x37a</size>
         <input_file_ref idref="fl-cc"/>
      </object_component>
      <object_component id="oc-111">
         <name>.debug_info</name>
         <load_address>0xe3b9</load_address>
         <run_address>0xe3b9</run_address>
         <size>0x17e</size>
         <input_file_ref idref="fl-cc"/>
      </object_component>
      <object_component id="oc-21f">
         <name>.debug_info</name>
         <load_address>0xe537</load_address>
         <run_address>0xe537</run_address>
         <size>0x171</size>
         <input_file_ref idref="fl-cc"/>
      </object_component>
      <object_component id="oc-21a">
         <name>.debug_info</name>
         <load_address>0xe6a8</load_address>
         <run_address>0xe6a8</run_address>
         <size>0x17e</size>
         <input_file_ref idref="fl-cc"/>
      </object_component>
      <object_component id="oc-226">
         <name>.debug_info</name>
         <load_address>0xe826</load_address>
         <run_address>0xe826</run_address>
         <size>0x1de</size>
         <input_file_ref idref="fl-cc"/>
      </object_component>
      <object_component id="oc-43">
         <name>.debug_info</name>
         <load_address>0xea04</load_address>
         <run_address>0xea04</run_address>
         <size>0x119</size>
         <input_file_ref idref="fl-cd"/>
      </object_component>
      <object_component id="oc-a5">
         <name>.debug_info</name>
         <load_address>0xeb1d</load_address>
         <run_address>0xeb1d</run_address>
         <size>0x2d4</size>
         <input_file_ref idref="fl-ce"/>
      </object_component>
      <object_component id="oc-55">
         <name>.debug_info</name>
         <load_address>0xedf1</load_address>
         <run_address>0xedf1</run_address>
         <size>0x1b5</size>
         <input_file_ref idref="fl-ce"/>
      </object_component>
      <object_component id="oc-a0">
         <name>.debug_info</name>
         <load_address>0xefa6</load_address>
         <run_address>0xefa6</run_address>
         <size>0x46</size>
         <input_file_ref idref="fl-ce"/>
      </object_component>
      <object_component id="oc-d5">
         <name>.debug_info</name>
         <load_address>0xefec</load_address>
         <run_address>0xefec</run_address>
         <size>0x2c</size>
         <input_file_ref idref="fl-ce"/>
      </object_component>
      <object_component id="oc-4c">
         <name>.debug_info</name>
         <load_address>0xf018</load_address>
         <run_address>0xf018</run_address>
         <size>0x2a8</size>
         <input_file_ref idref="fl-cf"/>
      </object_component>
      <object_component id="oc-1d">
         <name>.debug_info</name>
         <load_address>0xf2c0</load_address>
         <run_address>0xf2c0</run_address>
         <size>0x1ea</size>
         <input_file_ref idref="fl-cf"/>
      </object_component>
      <object_component id="oc-47">
         <name>.debug_info</name>
         <load_address>0xf4aa</load_address>
         <run_address>0xf4aa</run_address>
         <size>0x46</size>
         <input_file_ref idref="fl-cf"/>
      </object_component>
      <object_component id="oc-98">
         <name>.debug_info</name>
         <load_address>0xf4f0</load_address>
         <run_address>0xf4f0</run_address>
         <size>0x2c</size>
         <input_file_ref idref="fl-cf"/>
      </object_component>
      <object_component id="oc-96">
         <name>.debug_info</name>
         <load_address>0xf51c</load_address>
         <run_address>0xf51c</run_address>
         <size>0x29e</size>
         <input_file_ref idref="fl-d0"/>
      </object_component>
      <object_component id="oc-18">
         <name>.debug_info</name>
         <load_address>0xf7ba</load_address>
         <run_address>0xf7ba</run_address>
         <size>0x250</size>
         <input_file_ref idref="fl-d0"/>
      </object_component>
      <object_component id="oc-37">
         <name>.debug_info</name>
         <load_address>0xfa0a</load_address>
         <run_address>0xfa0a</run_address>
         <size>0x60</size>
         <input_file_ref idref="fl-d0"/>
      </object_component>
      <object_component id="oc-ce">
         <name>.debug_info</name>
         <load_address>0xfa6a</load_address>
         <run_address>0xfa6a</run_address>
         <size>0x46</size>
         <input_file_ref idref="fl-d0"/>
      </object_component>
      <object_component id="oc-91">
         <name>.debug_info</name>
         <load_address>0xfab0</load_address>
         <run_address>0xfab0</run_address>
         <size>0x39</size>
         <input_file_ref idref="fl-d0"/>
      </object_component>
      <object_component id="oc-2e1">
         <name>.debug_info</name>
         <load_address>0xfae9</load_address>
         <run_address>0xfae9</run_address>
         <size>0xf9</size>
         <input_file_ref idref="fl-d1"/>
      </object_component>
      <object_component id="oc-20e">
         <name>.debug_info</name>
         <load_address>0xfbe2</load_address>
         <run_address>0xfbe2</run_address>
         <size>0x105</size>
         <input_file_ref idref="fl-d1"/>
      </object_component>
      <object_component id="oc-23e">
         <name>.debug_info</name>
         <load_address>0xfce7</load_address>
         <run_address>0xfce7</run_address>
         <size>0x28a</size>
         <input_file_ref idref="fl-d2"/>
      </object_component>
      <object_component id="oc-11d">
         <name>.debug_info</name>
         <load_address>0xff71</load_address>
         <run_address>0xff71</run_address>
         <size>0x273</size>
         <input_file_ref idref="fl-d2"/>
      </object_component>
      <object_component id="oc-24c">
         <name>.debug_info</name>
         <load_address>0x101e4</load_address>
         <run_address>0x101e4</run_address>
         <size>0x2a4</size>
         <input_file_ref idref="fl-d3"/>
      </object_component>
      <object_component id="oc-12d">
         <name>.debug_info</name>
         <load_address>0x10488</load_address>
         <run_address>0x10488</run_address>
         <size>0x24d</size>
         <input_file_ref idref="fl-d3"/>
      </object_component>
      <object_component id="oc-363">
         <name>.debug_info</name>
         <load_address>0x106d5</load_address>
         <run_address>0x106d5</run_address>
         <size>0x28f</size>
         <input_file_ref idref="fl-d4"/>
      </object_component>
      <object_component id="oc-283">
         <name>.debug_info</name>
         <load_address>0x10964</load_address>
         <run_address>0x10964</run_address>
         <size>0x245</size>
         <input_file_ref idref="fl-d4"/>
      </object_component>
      <object_component id="oc-23c">
         <name>.debug_info</name>
         <load_address>0x10ba9</load_address>
         <run_address>0x10ba9</run_address>
         <size>0x2fe</size>
         <input_file_ref idref="fl-d5"/>
      </object_component>
      <object_component id="oc-239">
         <name>.debug_info</name>
         <load_address>0x10ea7</load_address>
         <run_address>0x10ea7</run_address>
         <size>0x105</size>
         <input_file_ref idref="fl-d5"/>
      </object_component>
      <object_component id="oc-118">
         <name>.debug_info</name>
         <load_address>0x10fac</load_address>
         <run_address>0x10fac</run_address>
         <size>0x1ab</size>
         <input_file_ref idref="fl-d5"/>
      </object_component>
      <object_component id="oc-211">
         <name>.debug_info</name>
         <load_address>0x11157</load_address>
         <run_address>0x11157</run_address>
         <size>0x2b6</size>
         <input_file_ref idref="fl-d6"/>
      </object_component>
      <object_component id="oc-10a">
         <name>.debug_info</name>
         <load_address>0x1140d</load_address>
         <run_address>0x1140d</run_address>
         <size>0x154</size>
         <input_file_ref idref="fl-d6"/>
      </object_component>
      <object_component id="oc-25">
         <name>.debug_info</name>
         <load_address>0x11561</load_address>
         <run_address>0x11561</run_address>
         <size>0x10b</size>
         <input_file_ref idref="fl-d7"/>
      </object_component>
      <object_component id="oc-63">
         <name>.debug_info</name>
         <load_address>0x1166c</load_address>
         <run_address>0x1166c</run_address>
         <size>0x1a9</size>
         <input_file_ref idref="fl-d7"/>
      </object_component>
      <object_component id="oc-2c4">
         <name>.debug_info</name>
         <load_address>0x11815</load_address>
         <run_address>0x11815</run_address>
         <size>0x590</size>
         <input_file_ref idref="fl-d8"/>
      </object_component>
      <object_component id="oc-292">
         <name>.debug_info</name>
         <load_address>0x11da5</load_address>
         <run_address>0x11da5</run_address>
         <size>0x21e</size>
         <input_file_ref idref="fl-d8"/>
      </object_component>
      <object_component id="oc-395">
         <name>.debug_info</name>
         <load_address>0x11fc3</load_address>
         <run_address>0x11fc3</run_address>
         <size>0x1b3</size>
         <input_file_ref idref="fl-d8"/>
      </object_component>
      <object_component id="oc-39b">
         <name>.debug_info</name>
         <load_address>0x12176</load_address>
         <run_address>0x12176</run_address>
         <size>0x21b</size>
         <input_file_ref idref="fl-d8"/>
      </object_component>
      <object_component id="oc-29d">
         <name>.debug_info</name>
         <load_address>0x12391</load_address>
         <run_address>0x12391</run_address>
         <size>0x3c0</size>
         <input_file_ref idref="fl-d8"/>
      </object_component>
      <object_component id="oc-3a2">
         <name>.debug_info</name>
         <load_address>0x12751</load_address>
         <run_address>0x12751</run_address>
         <size>0x30a</size>
         <input_file_ref idref="fl-d8"/>
      </object_component>
      <object_component id="oc-3a8">
         <name>.debug_info</name>
         <load_address>0x12a5b</load_address>
         <run_address>0x12a5b</run_address>
         <size>0x215</size>
         <input_file_ref idref="fl-d8"/>
      </object_component>
      <object_component id="oc-2a3">
         <name>.debug_info</name>
         <load_address>0x12c70</load_address>
         <run_address>0x12c70</run_address>
         <size>0x215</size>
         <input_file_ref idref="fl-d8"/>
      </object_component>
      <object_component id="oc-2a9">
         <name>.debug_info</name>
         <load_address>0x12e85</load_address>
         <run_address>0x12e85</run_address>
         <size>0x304</size>
         <input_file_ref idref="fl-d8"/>
      </object_component>
      <object_component id="oc-2af">
         <name>.debug_info</name>
         <load_address>0x13189</load_address>
         <run_address>0x13189</run_address>
         <size>0x4b5</size>
         <input_file_ref idref="fl-d8"/>
      </object_component>
      <object_component id="oc-1dc">
         <name>.debug_info</name>
         <load_address>0x1363e</load_address>
         <run_address>0x1363e</run_address>
         <size>0x5f4</size>
         <input_file_ref idref="fl-d8"/>
      </object_component>
      <object_component id="oc-2c5">
         <name>.debug_info</name>
         <load_address>0x13c32</load_address>
         <run_address>0x13c32</run_address>
         <size>0x86</size>
         <input_file_ref idref="fl-d8"/>
      </object_component>
      <object_component id="oc-3c9">
         <name>.debug_info</name>
         <load_address>0x13cb8</load_address>
         <run_address>0x13cb8</run_address>
         <size>0x39</size>
         <input_file_ref idref="fl-d8"/>
      </object_component>
      <object_component id="oc-436">
         <name>.debug_info</name>
         <load_address>0x13cf1</load_address>
         <run_address>0x13cf1</run_address>
         <size>0xb6</size>
         <input_file_ref idref="fl-d8"/>
      </object_component>
      <object_component id="oc-3ce">
         <name>.debug_info</name>
         <load_address>0x13da7</load_address>
         <run_address>0x13da7</run_address>
         <size>0x46</size>
         <input_file_ref idref="fl-d8"/>
      </object_component>
      <object_component id="oc-2ca">
         <name>.debug_info</name>
         <load_address>0x13ded</load_address>
         <run_address>0x13ded</run_address>
         <size>0x46</size>
         <input_file_ref idref="fl-d8"/>
      </object_component>
      <object_component id="oc-315">
         <name>.debug_info</name>
         <load_address>0x13e33</load_address>
         <run_address>0x13e33</run_address>
         <size>0x5ce</size>
         <input_file_ref idref="fl-d9"/>
      </object_component>
      <object_component id="oc-216">
         <name>.debug_info</name>
         <load_address>0x14401</load_address>
         <run_address>0x14401</run_address>
         <size>0xa45</size>
         <input_file_ref idref="fl-d9"/>
      </object_component>
      <object_component id="oc-317">
         <name>.debug_info</name>
         <load_address>0x14e46</load_address>
         <run_address>0x14e46</run_address>
         <size>0x9a</size>
         <input_file_ref idref="fl-d9"/>
      </object_component>
      <object_component id="oc-38f">
         <name>.debug_info</name>
         <load_address>0x14ee0</load_address>
         <run_address>0x14ee0</run_address>
         <size>0x14c</size>
         <input_file_ref idref="fl-da"/>
      </object_component>
      <object_component id="oc-295">
         <name>.debug_info</name>
         <load_address>0x1502c</load_address>
         <run_address>0x1502c</run_address>
         <size>0x128</size>
         <input_file_ref idref="fl-db"/>
      </object_component>
      <object_component id="oc-378">
         <name>.debug_info</name>
         <load_address>0x15154</load_address>
         <run_address>0x15154</run_address>
         <size>0x12a</size>
         <input_file_ref idref="fl-db"/>
      </object_component>
      <object_component id="oc-373">
         <name>.debug_info</name>
         <load_address>0x1527e</load_address>
         <run_address>0x1527e</run_address>
         <size>0x13a</size>
         <input_file_ref idref="fl-dc"/>
      </object_component>
      <object_component id="oc-36e">
         <name>.debug_info</name>
         <load_address>0x153b8</load_address>
         <run_address>0x153b8</run_address>
         <size>0x13a</size>
         <input_file_ref idref="fl-dd"/>
      </object_component>
      <object_component id="oc-37d">
         <name>.debug_info</name>
         <load_address>0x154f2</load_address>
         <run_address>0x154f2</run_address>
         <size>0x12e</size>
         <input_file_ref idref="fl-de"/>
      </object_component>
      <object_component id="oc-2f9">
         <name>.debug_info</name>
         <load_address>0x15620</load_address>
         <run_address>0x15620</run_address>
         <size>0x13e</size>
         <input_file_ref idref="fl-df"/>
      </object_component>
      <object_component id="oc-389">
         <name>.debug_info</name>
         <load_address>0x1575e</load_address>
         <run_address>0x1575e</run_address>
         <size>0x12c</size>
         <input_file_ref idref="fl-e0"/>
      </object_component>
      <object_component id="oc-a9">
         <name>.debug_info</name>
         <load_address>0x1588a</load_address>
         <run_address>0x1588a</run_address>
         <size>0x147</size>
         <input_file_ref idref="fl-e1"/>
      </object_component>
      <object_component id="oc-367">
         <name>.debug_info</name>
         <load_address>0x159d1</load_address>
         <run_address>0x159d1</run_address>
         <size>0x134</size>
         <input_file_ref idref="fl-e2"/>
      </object_component>
      <object_component id="oc-262">
         <name>.debug_info</name>
         <load_address>0x15b05</load_address>
         <run_address>0x15b05</run_address>
         <size>0x4b3</size>
         <input_file_ref idref="fl-e3"/>
      </object_component>
      <object_component id="oc-170">
         <name>.debug_info</name>
         <load_address>0x15fb8</load_address>
         <run_address>0x15fb8</run_address>
         <size>0x1a6</size>
         <input_file_ref idref="fl-e3"/>
      </object_component>
      <object_component id="oc-351">
         <name>.debug_info</name>
         <load_address>0x1615e</load_address>
         <run_address>0x1615e</run_address>
         <size>0x39</size>
         <input_file_ref idref="fl-e3"/>
      </object_component>
      <object_component id="oc-3f8">
         <name>.debug_info</name>
         <load_address>0x16197</load_address>
         <run_address>0x16197</run_address>
         <size>0x39</size>
         <input_file_ref idref="fl-e3"/>
      </object_component>
      <object_component id="oc-356">
         <name>.debug_info</name>
         <load_address>0x161d0</load_address>
         <run_address>0x161d0</run_address>
         <size>0x39</size>
         <input_file_ref idref="fl-e3"/>
      </object_component>
      <object_component id="oc-35b">
         <name>.debug_info</name>
         <load_address>0x16209</load_address>
         <run_address>0x16209</run_address>
         <size>0xcd</size>
         <input_file_ref idref="fl-e3"/>
      </object_component>
      <object_component id="oc-ad">
         <name>.debug_info</name>
         <load_address>0x162d6</load_address>
         <run_address>0x162d6</run_address>
         <size>0x153</size>
         <input_file_ref idref="fl-e4"/>
      </object_component>
      <object_component id="oc-164">
         <name>.debug_info</name>
         <load_address>0x16429</load_address>
         <run_address>0x16429</run_address>
         <size>0x122</size>
         <input_file_ref idref="fl-e6"/>
      </object_component>
      <object_component id="oc-413">
         <name>.debug_info</name>
         <load_address>0x1654b</load_address>
         <run_address>0x1654b</run_address>
         <size>0x29c</size>
         <input_file_ref idref="fl-e8"/>
      </object_component>
      <object_component id="oc-382">
         <name>.debug_info</name>
         <load_address>0x167e7</load_address>
         <run_address>0x167e7</run_address>
         <size>0x1da</size>
         <input_file_ref idref="fl-e8"/>
      </object_component>
      <object_component id="oc-365">
         <name>.debug_info</name>
         <load_address>0x169c1</load_address>
         <run_address>0x169c1</run_address>
         <size>0x2b9</size>
         <input_file_ref idref="fl-ea"/>
      </object_component>
      <object_component id="oc-28c">
         <name>.debug_info</name>
         <load_address>0x16c7a</load_address>
         <run_address>0x16c7a</run_address>
         <size>0x17c</size>
         <input_file_ref idref="fl-ea"/>
[...]
      <symbol id="sm-380">
         <name>calcIpChecksum</name>
         <value>0x497b</value>
         <object_component_ref idref="oc-fc"/>
      </symbol>
      <symbol id="sm-381">
         <name>getIpChecksum</name>
         <value>0x4949</value>
         <object_component_ref idref="oc-fc"/>
      </symbol>
      <symbol id="sm-382">
         <name>getIpSubnetMask</name>
         <value>0x46b9</value>
         <object_component_ref idref="oc-fc"/>
      </symbol>
      <symbol id="sm-383">
         <name>setIpSubnetMask</name>
         <value>0x467f</value>
         <object_component_ref idref="oc-fc"/>
      </symbol>
      <symbol id="sm-384">
         <name>ipAddress</name>
         <value>0x2000331e</value>
         <object_component_ref idref="oc-1fb"/>
      </symbol>
      <symbol id="sm-385">
         <name>isIpUnicast</name>
         <value>0x4585</value>
         <object_component_ref idref="oc-fc"/>
      </symbol>
      <symbol id="sm-386">
         <name>setIpAddress</name>
         <value>0x460b</value>
         <object_component_ref idref="oc-fc"/>
      </symbol>
      <symbol id="sm-387">
         <name>getIpDnsAddress</name>
         <value>0x47a1</value>
         <object_component_ref idref="oc-fc"/>
      </symbol>
      <symbol id="sm-388">
         <name>setIpDnsAddress</name>
         <value>0x4767</value>
         <object_component_ref idref="oc-fc"/>
      </symbol>
      <symbol id="sm-3b5">
         <name>sendSub</name>
         <value>0x423d</value>
         <object_component_ref idref="oc-242"/>
      </symbol>
      <symbol id="sm-3b6">
         <name>sendPublish</name>
         <value>0x412f</value>
         <object_component_ref idref="oc-242"/>
      </symbol>
      <symbol id="sm-3b7">
         <name>sendDisconnect</name>
         <value>0x44d3</value>
         <object_component_ref idref="oc-242"/>
      </symbol>
      <symbol id="sm-3b8">
         <name>sendConnect</name>
         <value>0x3fe1</value>
         <object_component_ref idref="oc-242"/>
      </symbol>
      <symbol id="sm-3b9">
         <name>getPacketIdIndex</name>
         <value>0x447d</value>
         <object_component_ref idref="oc-242"/>
      </symbol>
      <symbol id="sm-3ba">
         <name>sendUnsubFunc</name>
         <value>0x434f</value>
         <object_component_ref idref="oc-242"/>
      </symbol>
      <symbol id="sm-3bb">
         <name>INDEX</name>
         <value>0x20003332</value>
         <object_component_ref idref="oc-32b"/>
      </symbol>
      <symbol id="sm-3d7">
         <name>setSpi0Mode</name>
         <value>0x606b</value>
         <object_component_ref idref="oc-1c8"/>
      </symbol>
      <symbol id="sm-3d8">
         <name>readSpi0Data</name>
         <value>0x60d1</value>
         <object_component_ref idref="oc-1c8"/>
      </symbol>
      <symbol id="sm-3d9">
         <name>writeSpi0Data</name>
         <value>0x60b9</value>
         <object_component_ref idref="oc-1c8"/>
      </symbol>
      <symbol id="sm-3da">
         <name>initSpi0</name>
         <value>0x5f99</value>
         <object_component_ref idref="oc-1c8"/>
      </symbol>
      <symbol id="sm-3db">
         <name>setSpi0BaudRate</name>
         <value>0x6035</value>
         <object_component_ref idref="oc-1c8"/>
      </symbol>
      <symbol id="sm-438">
         <name>FLAGS</name>
         <value>0x20002308</value>
      </symbol>
      <symbol id="sm-439">
         <name>currentSeq</name>
         <value>0x20002300</value>
      </symbol>
      <symbol id="sm-43a">
         <name>currentAck</name>
         <value>0x200022fc</value>
      </symbol>
      <symbol id="sm-43b">
         <name>isTcp</name>
         <value>0x2719</value>
         <object_component_ref idref="oc-125"/>
      </symbol>
      <symbol id="sm-43c">
         <name>saveSeqAck</name>
         <value>0x2cf5</value>
         <object_component_ref idref="oc-125"/>
      </symbol>
      <symbol id="sm-43d">
         <name>sendMqttPub</name>
         <value>0x2d15</value>
         <object_component_ref idref="oc-125"/>
      </symbol>
      <symbol id="sm-43e">
         <name>stateMachine</name>
         <value>0x2a9d</value>
         <object_component_ref idref="oc-125"/>
      </symbol>
      <symbol id="sm-43f">
         <name>sendMqttSub</name>
         <value>0x2e0d</value>
         <object_component_ref idref="oc-125"/>
      </symbol>
      <symbol id="sm-440">
         <name>sendMqttDisconnect</name>
         <value>0x2f05</value>
         <object_component_ref idref="oc-125"/>
      </symbol>
      <symbol id="sm-441">
         <name>printToUart</name>
         <value>0x2f75</value>
         <object_component_ref idref="oc-125"/>
      </symbol>
      <symbol id="sm-442">
         <name>sendMqttUnsub</name>
         <value>0x2e85</value>
         <object_component_ref idref="oc-125"/>
      </symbol>
      <symbol id="sm-443">
         <name>getSeqACK</name>
         <value>0x2817</value>
         <object_component_ref idref="oc-125"/>
      </symbol>
      <symbol id="sm-444">
         <name>sendMqttConnect</name>
         <value>0x2d79</value>
         <object_component_ref idref="oc-125"/>
      </symbol>
      <symbol id="sm-445">
         <name>sendTcpMessage</name>
         <value>0x285b</value>
         <object_component_ref idref="oc-125"/>
      </symbol>
      <symbol id="sm-446">
         <name>getTcpData</name>
         <value>0x27eb</value>
         <object_component_ref idref="oc-125"/>
      </symbol>
      <symbol id="sm-487">
         <name>fn</name>
         <value>0x20002278</value>
      </symbol>
      <symbol id="sm-488">
         <name>period</name>
         <value>0x200022a0</value>
      </symbol>
      <symbol id="sm-489">
         <name>ticks</name>
         <value>0x200022c8</value>
      </symbol>
      <symbol id="sm-48a">
         <name>reload</name>
         <value>0x200022f0</value>
      </symbol>
      <symbol id="sm-48b">
         <name>initTimer</name>
         <value>0x5199</value>
         <object_component_ref idref="oc-2d"/>
      </symbol>
      <symbol id="sm-48c">
         <name>stopTimer</name>
         <value>0x5345</value>
         <object_component_ref idref="oc-2d"/>
      </symbol>
      <symbol id="sm-48d">
         <name>startOneshotTimer</name>
         <value>0x5239</value>
         <object_component_ref idref="oc-2d"/>
      </symbol>
      <symbol id="sm-48e">
         <name>restartTimer</name>
         <value>0x53ab</value>
         <object_component_ref idref="oc-2d"/>
      </symbol>
      <symbol id="sm-48f">
         <name>random32</name>
         <value>0x5493</value>
         <object_component_ref idref="oc-2d"/>
      </symbol>
      <symbol id="sm-490">
         <name>tickIsr</name>
         <value>0x5419</value>
         <object_component_ref idref="oc-2d"/>
      </symbol>
      <symbol id="sm-491">
         <name>startPeriodicTimer</name>
         <value>0x52bf</value>
         <object_component_ref idref="oc-2d"/>
      </symbol>
      <symbol id="sm-4ad">
         <name>ResetISR</name>
         <value>0x77c3</value>
         <object_component_ref idref="oc-27"/>
      </symbol>
      <symbol id="sm-4ae">
         <name>g_pfnVectors</name>
         <value>0x0</value>
         <object_component_ref idref="oc-12"/>
      </symbol>
      <symbol id="sm-4d1">
         <name>getcUart0</name>
         <value>0x6823</value>
         <object_component_ref idref="oc-f0"/>
      </symbol>
      <symbol id="sm-4d2">
         <name>kbhitUart0</name>
         <value>0x6837</value>
         <object_component_ref idref="oc-f0"/>
      </symbol>
      <symbol id="sm-4d3">
         <name>setUart0BaudRate</name>
         <value>0x6797</value>
         <object_component_ref idref="oc-f0"/>
      </symbol>
      <symbol id="sm-4d4">
         <name>putsUart0</name>
         <value>0x67f7</value>
         <object_component_ref idref="oc-f0"/>
      </symbol>
      <symbol id="sm-4d5">
         <name>initUart0</name>
         <value>0x674d</value>
         <object_component_ref idref="oc-f0"/>
      </symbol>
      <symbol id="sm-4d6">
         <name>putcUart0</name>
         <value>0x67db</value>
         <object_component_ref idref="oc-f0"/>
      </symbol>
      <symbol id="sm-4f5">
         <name>sendUdpMessage</name>
         <value>0x4f9f</value>
         <object_component_ref idref="oc-150"/>
      </symbol>
      <symbol id="sm-4f6">
         <name>getUdpData</name>
         <value>0x4ec9</value>
         <object_component_ref idref="oc-150"/>
      </symbol>
      <symbol id="sm-4f7">
         <name>getUdpMessageSocket</name>
         <value>0x4ef5</value>
         <object_component_ref idref="oc-150"/>
      </symbol>
      <symbol id="sm-4f8">
         <name>isUdp</name>
         <value>0x4e21</value>
         <object_component_ref idref="oc-150"/>
      </symbol>
      <symbol id="sm-506">
         <name>waitMicrosecond</name>
         <value>0x766d</value>
         <object_component_ref idref="oc-13c"/>
      </symbol>
      <symbol id="sm-535">
         <name>snprintf</name>
         <value>0x73fd</value>
         <object_component_ref idref="oc-f6"/>
      </symbol>
      <symbol id="sm-56c">
         <name>sscanf</name>
         <value>0x7555</value>
         <object_component_ref idref="oc-10e"/>
      </symbol>
      <symbol id="sm-587">
         <name>memcpy</name>
         <value>0x6d67</value>
         <object_component_ref idref="oc-41"/>
      </symbol>
      <symbol id="sm-588">
         <name>__aeabi_memcpy</name>
         <value>0x6d67</value>
         <object_component_ref idref="oc-41"/>
      </symbol>
      <symbol id="sm-589">
         <name>__aeabi_memcpy8</name>
         <value>0x6d67</value>
         <object_component_ref idref="oc-41"/>
      </symbol>
      <symbol id="sm-58a">
         <name>__aeabi_memcpy4</name>
         <value>0x6d67</value>
         <object_component_ref idref="oc-41"/>
      </symbol>
      <symbol id="sm-5a1">
         <name>__TI_zero_init</name>
         <value>0x77b7</value>
         <object_component_ref idref="oc-53"/>
      </symbol>
      <symbol id="sm-5b8">
         <name>__TI_decompress_none</name>
         <value>0x77a9</value>
         <object_component_ref idref="oc-1b"/>
      </symbol>
      <symbol id="sm-5db">
         <name>__TI_decompress_lzss</name>
         <value>0x71e9</value>
         <object_component_ref idref="oc-15"/>
      </symbol>
      <symbol id="sm-5e6">
         <name>_ctypes_</name>
         <value>0x77e8</value>
         <object_component_ref idref="oc-20d"/>
      </symbol>
      <symbol id="sm-5f5">
         <name>strcmp</name>
         <value>0x76f7</value>
         <object_component_ref idref="oc-11a"/>
      </symbol>
      <symbol id="sm-603">
         <name>strcpy</name>
         <value>0x773d</value>
         <object_component_ref idref="oc-12b"/>
      </symbol>
      <symbol id="sm-611">
         <name>strlen</name>
         <value>0x7751</value>
         <object_component_ref idref="oc-282"/>
      </symbol>
      <symbol id="sm-629">
         <name>strtok</name>
         <value>0x74d5</value>
         <object_component_ref idref="oc-114"/>
      </symbol>
      <symbol id="sm-638">
         <name>tolower</name>
         <value>0x7799</value>
         <object_component_ref idref="oc-108"/>
      </symbol>
      <symbol id="sm-64b">
         <name>__stack</name>
         <value>0x20002318</value>
         <object_component_ref idref="oc-24"/>
      </symbol>
      <symbol id="sm-64c">
         <name>_c_int00_noargs</name>
         <value>0x758d</value>
         <object_component_ref idref="oc-5f"/>
      </symbol>
      <symbol id="sm-7b1">
         <name>__TI_printfi</name>
         <value>0x1cc9</value>
         <object_component_ref idref="oc-1d8"/>
      </symbol>
      <symbol id="sm-867">
         <name>__TI_scanfi</name>
         <value>0x11b5</value>
         <object_component_ref idref="oc-212"/>
      </symbol>
      <symbol id="sm-87e">
         <name>__aeabi_dsub</name>
         <value>0x5de1</value>
         <object_component_ref idref="oc-38c"/>
      </symbol>
      <symbol id="sm-87f">
         <name>__aeabi_dadd</name>
         <value>0x5deb</value>
         <object_component_ref idref="oc-38c"/>
      </symbol>
      <symbol id="sm-8a1">
         <name>__aeabi_cdcmpeq</name>
         <value>0x6e99</value>
         <object_component_ref idref="oc-294"/>
      </symbol>
      <symbol id="sm-8a2">
         <name>__aeabi_cdcmple</name>
         <value>0x6e99</value>
         <object_component_ref idref="oc-294"/>
      </symbol>
      <symbol id="sm-8a3">
         <name>__aeabi_cdrcmple</name>
         <value>0x6f1f</value>
         <object_component_ref idref="oc-377"/>
      </symbol>
      <symbol id="sm-8b7">
         <name>__aeabi_ddiv</name>
         <value>0x64e5</value>
         <object_component_ref idref="oc-372"/>
      </symbol>
      <symbol id="sm-8c2">
         <name>__aeabi_dmul</name>
         <value>0x6bb9</value>
         <object_component_ref idref="oc-36d"/>
      </symbol>
      <symbol id="sm-8cc">
         <name>__aeabi_d2iz</name>
         <value>0x7449</value>
         <object_component_ref idref="oc-37c"/>
      </symbol>
      <symbol id="sm-8d8">
         <name>__aeabi_d2f</name>
         <value>0x7111</value>
         <object_component_ref idref="oc-2f6"/>
      </symbol>
      <symbol id="sm-8e2">
         <name>__aeabi_i2d</name>
         <value>0x75f1</value>
         <object_component_ref idref="oc-387"/>
      </symbol>
      <symbol id="sm-8f1">
         <name>__aeabi_memset</name>
         <value>0x702b</value>
         <object_component_ref idref="oc-a6"/>
      </symbol>
      <symbol id="sm-8f2">
         <name>memset</name>
         <value>0x7031</value>
         <object_component_ref idref="oc-a6"/>
      </symbol>
      <symbol id="sm-8f3">
         <name>__aeabi_memset8</name>
         <value>0x702b</value>
         <object_component_ref idref="oc-a6"/>
      </symbol>
      <symbol id="sm-8f4">
         <name>__aeabi_memset4</name>
         <value>0x702b</value>
         <object_component_ref idref="oc-a6"/>
      </symbol>
      <symbol id="sm-8f5">
         <name>__aeabi_memclr8</name>
         <value>0x7029</value>
         <object_component_ref idref="oc-a6"/>
      </symbol>
      <symbol id="sm-8f6">
         <name>__aeabi_memclr4</name>
         <value>0x7029</value>
         <object_component_ref idref="oc-a6"/>
      </symbol>
      <symbol id="sm-8f7">
         <name>__aeabi_memclr</name>
         <value>0x7029</value>
         <object_component_ref idref="oc-a6"/>
      </symbol>
      <symbol id="sm-904">
         <name>__aeabi_uldivmod</name>
         <value>0x6e03</value>
         <object_component_ref idref="oc-366"/>
      </symbol>
      <symbol id="sm-92c">
         <name>__TI_auto_init_nobinit_nopinit</name>
         <value>0x7491</value>
         <object_component_ref idref="oc-16c"/>
      </symbol>
      <symbol id="sm-936">
         <name>_system_pre_init</name>
         <value>0x77e1</value>
         <object_component_ref idref="oc-ac"/>
      </symbol>
      <symbol id="sm-942">
         <name>C$$EXIT</name>
         <value>0x77e5</value>
         <object_component_ref idref="oc-160"/>
      </symbol>
      <symbol id="sm-943">
         <name>abort</name>
         <value>0x77e5</value>
         <object_component_ref idref="oc-160"/>
      </symbol>
      <symbol id="sm-953">
         <name>__TI_ltoa</name>
         <value>0x730b</value>
         <object_component_ref idref="oc-381"/>
      </symbol>
      <symbol id="sm-96a">
         <name>atoi</name>
         <value>0x73b1</value>
         <object_component_ref idref="oc-288"/>
      </symbol>
      <symbol id="sm-97a">
         <name>memccpy</name>
         <value>0x7691</value>
         <object_component_ref idref="oc-2b1"/>
      </symbol>
      <symbol id="sm-98a">
         <name>strchr</name>
         <value>0x7727</value>
         <object_component_ref idref="oc-30d"/>
      </symbol>
      <symbol id="sm-99b">
         <name>strcspn</name>
         <value>0x7649</value>
         <object_component_ref idref="oc-232"/>
      </symbol>
      <symbol id="sm-9aa">
         <name>strrchr</name>
         <value>0x770f</value>
         <object_component_ref idref="oc-307"/>
      </symbol>
      <symbol id="sm-9bc">
         <name>strspn</name>
         <value>0x761f</value>
         <object_component_ref idref="oc-22c"/>
      </symbol>
      <symbol id="sm-a1c">
         <name>strtold</name>
         <value>0x49c1</value>
         <object_component_ref idref="oc-2f0"/>
      </symbol>
      <symbol id="sm-a1d">
         <name>strtod</name>
         <value>0x49c1</value>
         <object_component_ref idref="oc-2f0"/>
      </symbol>
      <symbol id="sm-a41">
         <name>strtol</name>
         <value>0x661d</value>
         <object_component_ref idref="oc-2fb"/>
      </symbol>
      <symbol id="sm-a67">
         <name>strtoll</name>
         <value>0x5a35</value>
         <object_component_ref idref="oc-301"/>
      </symbol>
      <symbol id="sm-a87">
         <name>strtoul</name>
         <value>0x6aa9</value>
         <object_component_ref idref="oc-2ea"/>
      </symbol>
      <symbol id="sm-aaa">
         <name>strtoull</name>
         <value>0x60f9</value>
         <object_component_ref idref="oc-2e4"/>
      </symbol>
      <symbol id="sm-ac0">
         <name>__aeabi_errno_addr</name>
         <value>0x77d1</value>
         <object_component_ref idref="oc-2bd"/>
      </symbol>
      <symbol id="sm-ac1">
         <name>errno</name>
         <value>0x20003334</value>
         <object_component_ref idref="oc-3c2"/>
      </symbol>
      <symbol id="sm-ae1">
         <name>frexpl</name>
         <value>0x7251</value>
         <object_component_ref idref="oc-3ac"/>
      </symbol>
      <symbol id="sm-ae2">
         <name>frexp</name>
         <value>0x7251</value>
         <object_component_ref idref="oc-3ac"/>
      </symbol>
      <symbol id="sm-aff">
         <name>scalbn</name>
         <value>0x6999</value>
         <object_component_ref idref="oc-3b2"/>
      </symbol>
      <symbol id="sm-b00">
         <name>scalbnl</name>
         <value>0x6999</value>
         <object_component_ref idref="oc-3b2"/>
      </symbol>
      <symbol id="sm-b01">
         <name>ldexpl</name>
         <value>0x6999</value>
         <object_component_ref idref="oc-3b2"/>
      </symbol>
      <symbol id="sm-b02">
         <name>ldexp</name>
         <value>0x6999</value>
         <object_component_ref idref="oc-3b2"/>
      </symbol>
      <symbol id="sm-b0c">
         <name>copysign</name>
         <value>0x76ad</value>
         <object_component_ref idref="oc-421"/>
      </symbol>
      <symbol id="sm-b0d">
         <name>copysignl</name>
         <value>0x76ad</value>
         <object_component_ref idref="oc-421"/>
      </symbol>
      <symbol id="sm-b26">
         <name>wcslen</name>
         <value>0x7777</value>
         <object_component_ref idref="oc-2b7"/>
      </symbol>
      <symbol id="sm-b30">
         <name>__aeabi_idiv0</name>
         <value>0x2717</value>
         <object_component_ref idref="oc-408"/>
      </symbol>
      <symbol id="sm-b31">
         <name>__aeabi_ldiv0</name>
         <value>0x2717</value>
         <object_component_ref idref="oc-408"/>
      </symbol>
      <symbol id="sm-b3a">
         <name>__aeabi_lmul</name>
         <value>0x76df</value>
         <object_component_ref idref="oc-3d5"/>
      </symbol>
      <symbol id="sm-b3b">
         <name>__TI_static_base__</name>
         <value>0x0</value>
      </symbol>
      <symbol id="sm-b3e">
         <name>__mpu_init</name>
         <value>0x0</value>
      </symbol>
      <symbol id="sm-b3f">
         <name>_system_post_cinit</name>
         <value>0x0</value>
      </symbol>
   </symbol_table>
   <title>Link successful</title>
</link_info>
