<?xml version="1.0" encoding="ISO-8859-1" ?>
<link_info>
   <banner>TI ARM Linker PC v20.2.6.LTS</banner>
   <copyright>Copyright (c) 1996-2018 Texas Instruments Incorporated</copyright>
   <link_time>0x64179611</link_time>
   <link_errors>0x0</link_errors>
   <output_file>iot_project1.out</output_file>
   <entry_point>
      <name>_c_int00_noargs</name>
      <address>0x763d</address>
   </entry_point>
   <input_file_list>
      <input_file id="fl-2">
         <path>.\</path>
         <kind>object</kind>
         <file>arp.obj</file>
         <name>arp.obj</name>
      </input_file>
      <input_file id="fl-3">
         <path>.\</path>
         <kind>object</kind>
         <file>clock.obj</file>
         <name>clock.obj</name>
      </input_file>
      <input_file id="fl-4">
         <path>.\</path>
         <kind>object</kind>
         <file>eeprom.obj</file>
         <name>eeprom.obj</name>
      </input_file>
      <input_file id="fl-5">
         <path>.\</path>
         <kind>object</kind>
         <file>eth0.obj</file>
         <name>eth0.obj</name>
      </input_file>
      <input_file id="fl-6">
         <path>.\</path>
         <kind>object</kind>
         <file>ethernet.obj</file>
         <name>ethernet.obj</name>
      </input_file>
      <input_file id="fl-7">
         <path>.\</path>
         <kind>object</kind>
         <file>gpio.obj</file>
         <name>gpio.obj</name>
      </input_file>
      <input_file id="fl-8">
         <path>.\</path>
         <kind>object</kind>
         <file>icmp.obj</file>
         <name>icmp.obj</name>
      </input_file>
      <input_file id="fl-9">
         <path>.\</path>
         <kind>object</kind>
         <file>ip.obj</file>
         <name>ip.obj</name>
      </input_file>
      <input_file id="fl-a">
         <path>.\</path>
         <kind>object</kind>
         <file>mqtt.obj</file>
         <name>mqtt.obj</name>
      </input_file>
      <input_file id="fl-b">
         <path>.\</path>
         <kind>object</kind>
         <file>spi0.obj</file>
         <name>spi0.obj</name>
      </input_file>
      <input_file id="fl-c">
         <path>.\</path>
         <kind>object</kind>
         <file>tcp.obj</file>
         <name>tcp.obj</name>
      </input_file>
      <input_file id="fl-d">
         <path>.\</path>
         <kind>object</kind>
         <file>timer.obj</file>
         <name>timer.obj</name>
      </input_file>
      <input_file id="fl-e">
         <path>.\</path>
         <kind>object</kind>
         <file>tm4c123gh6pm_startup_ccs.obj</file>
         <name>tm4c123gh6pm_startup_ccs.obj</name>
      </input_file>
      <input_file id="fl-f">
         <path>.\</path>
         <kind>object</kind>
         <file>uart0.obj</file>
         <name>uart0.obj</name>
      </input_file>
      <input_file id="fl-10">
         <path>.\</path>
         <kind>object</kind>
         <file>udp.obj</file>
         <name>udp.obj</name>
      </input_file>
      <input_file id="fl-11">
         <path>.\</path>
         <kind>object</kind>
         <file>wait.obj</file>
         <name>wait.obj</name>
      </input_file>
      <input_file id="fl-15">
         <kind>object</kind>
         <file>&lt;internal&gt;</file>
         <name>&lt;internal&gt;</name>
      </input_file>
      <input_file id="fl-cb">
         <path>C:\ti\ccs1200\ccs\tools\compiler\ti-cgt-arm_20.2.6.LTS\lib\</path>
         <kind>archive</kind>
         <file>rtsv7M4_T_le_v4SPD16_eabi.lib</file>
         <name>snprintf.c.obj</name>
      </input_file>
      <input_file id="fl-cc">
         <path>C:\ti\ccs1200\ccs\tools\compiler\ti-cgt-arm_20.2.6.LTS\lib\</path>
         <kind>archive</kind>
         <file>rtsv7M4_T_le_v4SPD16_eabi.lib</file>
         <name>sscanf.c.obj</name>
      </input_file>
      <input_file id="fl-cd">
         <path>C:\ti\ccs1200\ccs\tools\compiler\ti-cgt-arm_20.2.6.LTS\lib\</path>
         <kind>archive</kind>
         <file>rtsv7M4_T_le_v4SPD16_eabi.lib</file>
         <name>memcpy_t2.asm.obj</name>
      </input_file>
      <input_file id="fl-ce">
         <path>C:\ti\ccs1200\ccs\tools\compiler\ti-cgt-arm_20.2.6.LTS\lib\</path>
         <kind>archive</kind>
         <file>rtsv7M4_T_le_v4SPD16_eabi.lib</file>
         <name>copy_zero_init.c.obj</name>
      </input_file>
      <input_file id="fl-cf">
         <path>C:\ti\ccs1200\ccs\tools\compiler\ti-cgt-arm_20.2.6.LTS\lib\</path>
         <kind>archive</kind>
         <file>rtsv7M4_T_le_v4SPD16_eabi.lib</file>
         <name>copy_decompress_none.c.obj</name>
      </input_file>
      <input_file id="fl-d0">
         <path>C:\ti\ccs1200\ccs\tools\compiler\ti-cgt-arm_20.2.6.LTS\lib\</path>
         <kind>archive</kind>
         <file>rtsv7M4_T_le_v4SPD16_eabi.lib</file>
         <name>copy_decompress_lzss.c.obj</name>
      </input_file>
      <input_file id="fl-d1">
         <path>C:\ti\ccs1200\ccs\tools\compiler\ti-cgt-arm_20.2.6.LTS\lib\</path>
         <kind>archive</kind>
         <file>rtsv7M4_T_le_v4SPD16_eabi.lib</file>
         <name>ctype.c.obj</name>
      </input_file>
      <input_file id="fl-d2">
         <path>C:\ti\ccs1200\ccs\tools\compiler\ti-cgt-arm_20.2.6.LTS\lib\</path>
         <kind>archive</kind>
         <file>rtsv7M4_T_le_v4SPD16_eabi.lib</file>
         <name>strcmp.c.obj</name>
      </input_file>
      <input_file id="fl-d3">
         <path>C:\ti\ccs1200\ccs\tools\compiler\ti-cgt-arm_20.2.6.LTS\lib\</path>
         <kind>archive</kind>
         <file>rtsv7M4_T_le_v4SPD16_eabi.lib</file>
         <name>strcpy.c.obj</name>
      </input_file>
      <input_file id="fl-d4">
         <path>C:\ti\ccs1200\ccs\tools\compiler\ti-cgt-arm_20.2.6.LTS\lib\</path>
         <kind>archive</kind>
         <file>rtsv7M4_T_le_v4SPD16_eabi.lib</file>
         <name>strlen.c.obj</name>
      </input_file>
      <input_file id="fl-d5">
         <path>C:\ti\ccs1200\ccs\tools\compiler\ti-cgt-arm_20.2.6.LTS\lib\</path>
         <kind>archive</kind>
         <file>rtsv7M4_T_le_v4SPD16_eabi.lib</file>
         <name>strtok.c.obj</name>
      </input_file>
      <input_file id="fl-d6">
         <path>C:\ti\ccs1200\ccs\tools\compiler\ti-cgt-arm_20.2.6.LTS\lib\</path>
         <kind>archive</kind>
         <file>rtsv7M4_T_le_v4SPD16_eabi.lib</file>
         <name>tolower.c.obj</name>
      </input_file>
      <input_file id="fl-d7">
         <path>C:\ti\ccs1200\ccs\tools\compiler\ti-cgt-arm_20.2.6.LTS\lib\</path>
         <kind>archive</kind>
         <file>rtsv7M4_T_le_v4SPD16_eabi.lib</file>
         <name>boot_cortex_m.c.obj</name>
      </input_file>
      <input_file id="fl-d8">
         <path>C:\ti\ccs1200\ccs\tools\compiler\ti-cgt-arm_20.2.6.LTS\lib\</path>
         <kind>archive</kind>
         <file>rtsv7M4_T_le_v4SPD16_eabi.lib</file>
         <name>_printfi.c.obj</name>
      </input_file>
      <input_file id="fl-d9">
         <path>C:\ti\ccs1200\ccs\tools\compiler\ti-cgt-arm_20.2.6.LTS\lib\</path>
         <kind>archive</kind>
         <file>rtsv7M4_T_le_v4SPD16_eabi.lib</file>
         <name>_scanfi.c.obj</name>
      </input_file>
      <input_file id="fl-da">
         <path>C:\ti\ccs1200\ccs\tools\compiler\ti-cgt-arm_20.2.6.LTS\lib\</path>
         <kind>archive</kind>
         <file>rtsv7M4_T_le_v4SPD16_eabi.lib</file>
         <name>fd_add_t2.asm.obj</name>
      </input_file>
      <input_file id="fl-db">
         <path>C:\ti\ccs1200\ccs\tools\compiler\ti-cgt-arm_20.2.6.LTS\lib\</path>
         <kind>archive</kind>
         <file>rtsv7M4_T_le_v4SPD16_eabi.lib</file>
         <name>fd_cmp_t2.asm.obj</name>
      </input_file>
      <input_file id="fl-dc">
         <path>C:\ti\ccs1200\ccs\tools\compiler\ti-cgt-arm_20.2.6.LTS\lib\</path>
         <kind>archive</kind>
         <file>rtsv7M4_T_le_v4SPD16_eabi.lib</file>
         <name>fd_div_t2.asm.obj</name>
      </input_file>
      <input_file id="fl-dd">
         <path>C:\ti\ccs1200\ccs\tools\compiler\ti-cgt-arm_20.2.6.LTS\lib\</path>
         <kind>archive</kind>
         <file>rtsv7M4_T_le_v4SPD16_eabi.lib</file>
         <name>fd_mul_t2.asm.obj</name>
      </input_file>
      <input_file id="fl-de">
         <path>C:\ti\ccs1200\ccs\tools\compiler\ti-cgt-arm_20.2.6.LTS\lib\</path>
         <kind>archive</kind>
         <file>rtsv7M4_T_le_v4SPD16_eabi.lib</file>
         <name>fd_toi_t2.asm.obj</name>
      </input_file>
      <input_file id="fl-df">
         <path>C:\ti\ccs1200\ccs\tools\compiler\ti-cgt-arm_20.2.6.LTS\lib\</path>
         <kind>archive</kind>
         <file>rtsv7M4_T_le_v4SPD16_eabi.lib</file>
         <name>fd_tos_t2.asm.obj</name>
      </input_file>
      <input_file id="fl-e0">
         <path>C:\ti\ccs1200\ccs\tools\compiler\ti-cgt-arm_20.2.6.LTS\lib\</path>
         <kind>archive</kind>
         <file>rtsv7M4_T_le_v4SPD16_eabi.lib</file>
         <name>i_tofd_t2.asm.obj</name>
      </input_file>
      <input_file id="fl-e1">
         <path>C:\ti\ccs1200\ccs\tools\compiler\ti-cgt-arm_20.2.6.LTS\lib\</path>
         <kind>archive</kind>
         <file>rtsv7M4_T_le_v4SPD16_eabi.lib</file>
         <name>memset_t2.asm.obj</name>
      </input_file>
      <input_file id="fl-e2">
         <path>C:\ti\ccs1200\ccs\tools\compiler\ti-cgt-arm_20.2.6.LTS\lib\</path>
         <kind>archive</kind>
         <file>rtsv7M4_T_le_v4SPD16_eabi.lib</file>
         <name>ull_div_t2.asm.obj</name>
      </input_file>
      <input_file id="fl-e3">
         <path>C:\ti\ccs1200\ccs\tools\compiler\ti-cgt-arm_20.2.6.LTS\lib\</path>
         <kind>archive</kind>
         <file>rtsv7M4_T_le_v4SPD16_eabi.lib</file>
         <name>autoinit.c.obj</name>
      </input_file>
      <input_file id="fl-e4">
         <path>C:\ti\ccs1200\ccs\tools\compiler\ti-cgt-arm_20.2.6.LTS\lib\</path>
         <kind>archive</kind>
         <file>rtsv7M4_T_le_v4SPD16_eabi.lib</file>
         <name>pre_init.c.obj</name>
      </input_file>
      <input_file id="fl-e5">
         <path>C:\ti\ccs1200\ccs\tools\compiler\ti-cgt-arm_20.2.6.LTS\lib\</path>
         <kind>archive</kind>
         <file>rtsv7M4_T_le_v4SPD16_eabi.lib</file>
         <name>cpy_tbl.c.obj</name>
      </input_file>
      <input_file id="fl-e6">
         <path>C:\ti\ccs1200\ccs\tools\compiler\ti-cgt-arm_20.2.6.LTS\lib\</path>
         <kind>archive</kind>
         <file>rtsv7M4_T_le_v4SPD16_eabi.lib</file>
         <name>exit.c.obj</name>
      </input_file>
      <input_file id="fl-e7">
         <path>C:\ti\ccs1200\ccs\tools\compiler\ti-cgt-arm_20.2.6.LTS\lib\</path>
         <kind>archive</kind>
         <file>rtsv7M4_T_le_v4SPD16_eabi.lib</file>
         <name>_lock.c.obj</name>
      </input_file>
      <input_file id="fl-e8">
         <path>C:\ti\ccs1200\ccs\tools\compiler\ti-cgt-arm_20.2.6.LTS\lib\</path>
         <kind>archive</kind>
         <file>rtsv7M4_T_le_v4SPD16_eabi.lib</file>
         <name>_ltoa.c.obj</name>
      </input_file>
      <input_file id="fl-e9">
         <path>C:\ti\ccs1200\ccs\tools\compiler\ti-cgt-arm_20.2.6.LTS\lib\</path>
         <kind>archive</kind>
         <file>rtsv7M4_T_le_v4SPD16_eabi.lib</file>
         <name>args_main.c.obj</name>
      </input_file>
      <input_file id="fl-ea">
         <path>C:\ti\ccs1200\ccs\tools\compiler\ti-cgt-arm_20.2.6.LTS\lib\</path>
         <kind>archive</kind>
         <file>rtsv7M4_T_le_v4SPD16_eabi.lib</file>
         <name>atoi.c.obj</name>
      </input_file>
      <input_file id="fl-eb">
         <path>C:\ti\ccs1200\ccs\tools\compiler\ti-cgt-arm_20.2.6.LTS\lib\</path>
         <kind>archive</kind>
         <file>rtsv7M4_T_le_v4SPD16_eabi.lib</file>
         <name>memccpy.c.obj</name>
      </input_file>
      <input_file id="fl-ec">
         <path>C:\ti\ccs1200\ccs\tools\compiler\ti-cgt-arm_20.2.6.LTS\lib\</path>
         <kind>archive</kind>
         <file>rtsv7M4_T_le_v4SPD16_eabi.lib</file>
         <name>strchr.c.obj</name>
      </input_file>
      <input_file id="fl-ed">
         <path>C:\ti\ccs1200\ccs\tools\compiler\ti-cgt-arm_20.2.6.LTS\lib\</path>
         <kind>archive</kind>
         <file>rtsv7M4_T_le_v4SPD16_eabi.lib</file>
         <name>strcspn.c.obj</name>
      </input_file>
      <input_file id="fl-ee">
         <path>C:\ti\ccs1200\ccs\tools\compiler\ti-cgt-arm_20.2.6.LTS\lib\</path>
         <kind>archive</kind>
         <file>rtsv7M4_T_le_v4SPD16_eabi.lib</file>
         <name>strrchr.c.obj</name>
      </input_file>
      <input_file id="fl-ef">
         <path>C:\ti\ccs1200\ccs\tools\compiler\ti-cgt-arm_20.2.6.LTS\lib\</path>
         <kind>archive</kind>
         <file>rtsv7M4_T_le_v4SPD16_eabi.lib</file>
         <name>strspn.c.obj</name>
      </input_file>
      <input_file id="fl-f0">
         <path>C:\ti\ccs1200\ccs\tools\compiler\ti-cgt-arm_20.2.6.LTS\lib\</path>
         <kind>archive</kind>
         <file>rtsv7M4_T_le_v4SPD16_eabi.lib</file>
         <name>strtod.c.obj</name>
      </input_file>
      <input_file id="fl-f1">
         <path>C:\ti\ccs1200\ccs\tools\compiler\ti-cgt-arm_20.2.6.LTS\lib\</path>
         <kind>archive</kind>
         <file>rtsv7M4_T_le_v4SPD16_eabi.lib</file>
         <name>strtol.c.obj</name>
      </input_file>
      <input_file id="fl-f2">
         <path>C:\ti\ccs1200\ccs\tools\compiler\ti-cgt-arm_20.2.6.LTS\lib\</path>
         <kind>archive</kind>
         <file>rtsv7M4_T_le_v4SPD16_eabi.lib</file>
         <name>strtoll.c.obj</name>
      </input_file>
      <input_file id="fl-f3">
         <path>C:\ti\ccs1200\ccs\tools\compiler\ti-cgt-arm_20.2.6.LTS\lib\</path>
         <kind>archive</kind>
         <file>rtsv7M4_T_le_v4SPD16_eabi.lib</file>
         <name>strtoul.c.obj</name>
      </input_file>
      <input_file id="fl-f4">
         <path>C:\ti\ccs1200\ccs\tools\compiler\ti-cgt-arm_20.2.6.LTS\lib\</path>
         <kind>archive</kind>
         <file>rtsv7M4_T_le_v4SPD16_eabi.lib</file>
         <name>strtoull.c.obj</name>
      </input_file>
      <input_file id="fl-f5">
         <path>C:\ti\ccs1200\ccs\tools\compiler\ti-cgt-arm_20.2.6.LTS\lib\</path>
         <kind>archive</kind>
         <file>rtsv7M4_T_le_v4SPD16_eabi.lib</file>
         <name>errno.c.obj</name>
      </input_file>
      <input_file id="fl-f6">
         <path>C:\ti\ccs1200\ccs\tools\compiler\ti-cgt-arm_20.2.6.LTS\lib\</path>
         <kind>archive</kind>
         <file>rtsv7M4_T_le_v4SPD16_eabi.lib</file>
         <name>s_frexp.c.obj</name>
      </input_file>
      <input_file id="fl-f7">
         <path>C:\ti\ccs1200\ccs\tools\compiler\ti-cgt-arm_20.2.6.LTS\lib\</path>
         <kind>archive</kind>
         <file>rtsv7M4_T_le_v4SPD16_eabi.lib</file>
         <name>s_scalbn.c.obj</name>
      </input_file>
      <input_file id="fl-f8">
         <path>C:\ti\ccs1200\ccs\tools\compiler\ti-cgt-arm_20.2.6.LTS\lib\</path>
         <kind>archive</kind>
         <file>rtsv7M4_T_le_v4SPD16_eabi.lib</file>
         <name>s_copysign.c.obj</name>
      </input_file>
      <input_file id="fl-f9">
         <path>C:\ti\ccs1200\ccs\tools\compiler\ti-cgt-arm_20.2.6.LTS\lib\</path>
         <kind>archive</kind>
         <file>rtsv7M4_T_le_v4SPD16_eabi.lib</file>
         <name>wcslen.c.obj</name>
      </input_file>
      <input_file id="fl-fa">
         <path>C:\ti\ccs1200\ccs\tools\compiler\ti-cgt-arm_20.2.6.LTS\lib\</path>
         <kind>archive</kind>
         <file>rtsv7M4_T_le_v4SPD16_eabi.lib</file>
         <name>div0.asm.obj</name>
      </input_file>
      <input_file id="fl-fb">
         <path>C:\ti\ccs1200\ccs\tools\compiler\ti-cgt-arm_20.2.6.LTS\lib\</path>
         <kind>archive</kind>
         <file>rtsv7M4_T_le_v4SPD16_eabi.lib</file>
         <name>ll_mul_t2.asm.obj</name>
      </input_file>
   </input_file_list>
   <object_component_list>
      <object_component id="oc-12">
         <name>.intvecs</name>
         <load_address>0x0</load_address>
         <run_address>0x0</run_address>
         <size>0x26c</size>
         <input_file_ref idref="fl-e"/>
      </object_component>
      <object_component id="oc-b2">
         <name>.text</name>
         <load_address>0x26c</load_address>
         <run_address>0x26c</run_address>
         <size>0xf38</size>
         <input_file_ref idref="fl-6"/>
      </object_component>
      <object_component id="oc-211">
         <name>.text:__TI_scanfi</name>
         <load_address>0x11a4</load_address>
         <run_address>0x11a4</run_address>
         <size>0xb14</size>
         <input_file_ref idref="fl-d9"/>
      </object_component>
      <object_component id="oc-125">
         <name>.text</name>
         <load_address>0x1cb8</load_address>
         <run_address>0x1cb8</run_address>
         <size>0xa94</size>
         <input_file_ref idref="fl-c"/>
      </object_component>
      <object_component id="oc-1d7">
         <name>.text:__TI_printfi</name>
         <load_address>0x274c</load_address>
         <run_address>0x274c</run_address>
         <size>0xa4e</size>
         <input_file_ref idref="fl-d8"/>
      </object_component>
      <object_component id="oc-408">
         <name>.text</name>
         <load_address>0x319a</load_address>
         <run_address>0x319a</run_address>
         <size>0x2</size>
         <input_file_ref idref="fl-fa"/>
      </object_component>
      <object_component id="oc-e4">
         <name>.text</name>
         <load_address>0x319c</load_address>
         <run_address>0x319c</run_address>
         <size>0x808</size>
         <input_file_ref idref="fl-7"/>
      </object_component>
      <object_component id="oc-ea">
         <name>.text</name>
         <load_address>0x39a4</load_address>
         <run_address>0x39a4</run_address>
         <size>0x714</size>
         <input_file_ref idref="fl-5"/>
      </object_component>
      <object_component id="oc-241">
         <name>.text</name>
         <load_address>0x40b8</load_address>
         <run_address>0x40b8</run_address>
         <size>0x50c</size>
         <input_file_ref idref="fl-a"/>
      </object_component>
      <object_component id="oc-fc">
         <name>.text</name>
         <load_address>0x45c4</load_address>
         <run_address>0x45c4</run_address>
         <size>0x4ac</size>
         <input_file_ref idref="fl-9"/>
      </object_component>
      <object_component id="oc-2f0">
         <name>.text:strtod</name>
         <load_address>0x4a70</load_address>
         <run_address>0x4a70</run_address>
         <size>0x460</size>
         <input_file_ref idref="fl-f0"/>
      </object_component>
      <object_component id="oc-150">
         <name>.text</name>
         <load_address>0x4ed0</load_address>
         <run_address>0x4ed0</run_address>
         <size>0x378</size>
         <input_file_ref idref="fl-10"/>
      </object_component>
      <object_component id="oc-2d">
         <name>.text</name>
         <load_address>0x5248</load_address>
         <run_address>0x5248</run_address>
         <size>0x338</size>
         <input_file_ref idref="fl-d"/>
      </object_component>
      <object_component id="oc-143">
         <name>.text</name>
         <load_address>0x5580</load_address>
         <run_address>0x5580</run_address>
         <size>0x2f4</size>
         <input_file_ref idref="fl-2"/>
      </object_component>
      <object_component id="oc-2ab">
         <name>.text:_pconv_a</name>
         <load_address>0x5874</load_address>
         <run_address>0x5874</run_address>
         <size>0x270</size>
         <input_file_ref idref="fl-d8"/>
      </object_component>
      <object_component id="oc-301">
         <name>.text:strtoll</name>
         <load_address>0x5ae4</load_address>
         <run_address>0x5ae4</run_address>
         <size>0x1dc</size>
         <input_file_ref idref="fl-f2"/>
      </object_component>
      <object_component id="oc-299">
         <name>.text:_pconv_g</name>
         <load_address>0x5cc0</load_address>
         <run_address>0x5cc0</run_address>
         <size>0x1d0</size>
         <input_file_ref idref="fl-d8"/>
      </object_component>
      <object_component id="oc-38c">
         <name>.text</name>
         <load_address>0x5e90</load_address>
         <run_address>0x5e90</run_address>
         <size>0x1b6</size>
         <input_file_ref idref="fl-da"/>
      </object_component>
      <object_component id="oc-1c7">
         <name>.text</name>
         <load_address>0x6048</load_address>
         <run_address>0x6048</run_address>
         <size>0x160</size>
         <input_file_ref idref="fl-b"/>
      </object_component>
      <object_component id="oc-2e4">
         <name>.text:strtoull</name>
         <load_address>0x61a8</load_address>
         <run_address>0x61a8</run_address>
         <size>0x15c</size>
         <input_file_ref idref="fl-f4"/>
      </object_component>
      <object_component id="oc-14a">
         <name>.text</name>
         <load_address>0x6304</load_address>
         <run_address>0x6304</run_address>
         <size>0x154</size>
         <input_file_ref idref="fl-8"/>
      </object_component>
      <object_component id="oc-2a5">
         <name>.text:_pconv_e</name>
         <load_address>0x6458</load_address>
         <run_address>0x6458</run_address>
         <size>0x13c</size>
         <input_file_ref idref="fl-d8"/>
      </object_component>
      <object_component id="oc-372">
         <name>.text</name>
         <load_address>0x6594</load_address>
         <run_address>0x6594</run_address>
         <size>0x136</size>
         <input_file_ref idref="fl-dc"/>
      </object_component>
      <object_component id="oc-2fb">
         <name>.text:strtol</name>
         <load_address>0x66cc</load_address>
         <run_address>0x66cc</run_address>
         <size>0x130</size>
         <input_file_ref idref="fl-f1"/>
      </object_component>
      <object_component id="oc-f0">
         <name>.text</name>
         <load_address>0x67fc</load_address>
         <run_address>0x67fc</run_address>
         <size>0x128</size>
         <input_file_ref idref="fl-f"/>
      </object_component>
      <object_component id="oc-39e">
         <name>.text:fcvt</name>
         <load_address>0x6924</load_address>
         <run_address>0x6924</run_address>
         <size>0x124</size>
         <input_file_ref idref="fl-d8"/>
      </object_component>
      <object_component id="oc-3b2">
         <name>.text:scalbn</name>
         <load_address>0x6a48</load_address>
         <run_address>0x6a48</run_address>
         <size>0x110</size>
         <input_file_ref idref="fl-f7"/>
      </object_component>
      <object_component id="oc-2ea">
         <name>.text:strtoul</name>
         <load_address>0x6b58</load_address>
         <run_address>0x6b58</run_address>
         <size>0x110</size>
         <input_file_ref idref="fl-f3"/>
      </object_component>
      <object_component id="oc-36d">
         <name>.text</name>
         <load_address>0x6c68</load_address>
         <run_address>0x6c68</run_address>
         <size>0xfc</size>
         <input_file_ref idref="fl-dd"/>
      </object_component>
      <object_component id="oc-28e">
         <name>.text:_ltostr</name>
         <load_address>0x6d64</load_address>
         <run_address>0x6d64</run_address>
         <size>0xb1</size>
         <input_file_ref idref="fl-d8"/>
      </object_component>
      <object_component id="oc-41">
         <name>.text</name>
         <load_address>0x6e16</load_address>
         <run_address>0x6e16</run_address>
         <size>0x9c</size>
         <input_file_ref idref="fl-cd"/>
      </object_component>
      <object_component id="oc-366">
         <name>.text</name>
         <load_address>0x6eb2</load_address>
         <run_address>0x6eb2</run_address>
         <size>0x96</size>
         <input_file_ref idref="fl-e2"/>
      </object_component>
      <object_component id="oc-294">
         <name>.text:__aeabi_cdcmple</name>
         <load_address>0x6f48</load_address>
         <run_address>0x6f48</run_address>
         <size>0x86</size>
         <input_file_ref idref="fl-db"/>
      </object_component>
      <object_component id="oc-377">
         <name>.text:__aeabi_cdrcmple</name>
         <load_address>0x6fce</load_address>
         <run_address>0x6fce</run_address>
         <size>0x86</size>
         <input_file_ref idref="fl-db"/>
      </object_component>
      <object_component id="oc-102">
         <name>.text</name>
         <load_address>0x7054</load_address>
         <run_address>0x7054</run_address>
         <size>0x84</size>
         <input_file_ref idref="fl-4"/>
      </object_component>
      <object_component id="oc-a6">
         <name>.text</name>
         <load_address>0x70d8</load_address>
         <run_address>0x70d8</run_address>
         <size>0x7a</size>
         <input_file_ref idref="fl-e1"/>
      </object_component>
      <object_component id="oc-397">
         <name>.text:_mcpy</name>
         <load_address>0x7152</load_address>
         <run_address>0x7152</run_address>
         <size>0x6e</size>
         <input_file_ref idref="fl-d8"/>
      </object_component>
      <object_component id="oc-2f6">
         <name>.text</name>
         <load_address>0x71c0</load_address>
         <run_address>0x71c0</run_address>
         <size>0x6e</size>
         <input_file_ref idref="fl-df"/>
      </object_component>
      <object_component id="oc-223">
         <name>.text:_chkmbc</name>
         <load_address>0x7230</load_address>
         <run_address>0x7230</run_address>
         <size>0x68</size>
         <input_file_ref idref="fl-cc"/>
      </object_component>
      <object_component id="oc-15">
         <name>.text:decompress:lzss:__TI_decompress_lzss</name>
         <load_address>0x7298</load_address>
         <run_address>0x7298</run_address>
         <size>0x68</size>
         <input_file_ref idref="fl-d0"/>
      </object_component>
      <object_component id="oc-3ac">
         <name>.text:frexp</name>
         <load_address>0x7300</load_address>
         <run_address>0x7300</run_address>
         <size>0x64</size>
         <input_file_ref idref="fl-f6"/>
      </object_component>
      <object_component id="oc-29f">
         <name>.text:_pconv_f</name>
         <load_address>0x7364</load_address>
         <run_address>0x7364</run_address>
         <size>0x56</size>
         <input_file_ref idref="fl-d8"/>
      </object_component>
      <object_component id="oc-381">
         <name>.text:__TI_ltoa</name>
         <load_address>0x73ba</load_address>
         <run_address>0x73ba</run_address>
         <size>0x54</size>
         <input_file_ref idref="fl-e8"/>
      </object_component>
      <object_component id="oc-391">
         <name>.text:_ecpy</name>
         <load_address>0x740e</load_address>
         <run_address>0x740e</run_address>
         <size>0x52</size>
         <input_file_ref idref="fl-d8"/>
      </object_component>
      <object_component id="oc-288">
         <name>.text:atoi</name>
         <load_address>0x7460</load_address>
         <run_address>0x7460</run_address>
         <size>0x4c</size>
         <input_file_ref idref="fl-ea"/>
      </object_component>
      <object_component id="oc-f6">
         <name>.text:snprintf</name>
         <load_address>0x74ac</load_address>
         <run_address>0x74ac</run_address>
         <size>0x4c</size>
         <input_file_ref idref="fl-cb"/>
      </object_component>
      <object_component id="oc-37c">
         <name>.text</name>
         <load_address>0x74f8</load_address>
         <run_address>0x74f8</run_address>
         <size>0x48</size>
         <input_file_ref idref="fl-de"/>
      </object_component>
      <object_component id="oc-16b">
         <name>.text:__TI_auto_init_nobinit_nopinit:__TI_auto_init_nobinit_nopinit</name>
         <load_address>0x7540</load_address>
         <run_address>0x7540</run_address>
         <size>0x44</size>
         <input_file_ref idref="fl-e3"/>
      </object_component>
      <object_component id="oc-114">
         <name>.text:strtok</name>
         <load_address>0x7584</load_address>
         <run_address>0x7584</run_address>
         <size>0x40</size>
         <input_file_ref idref="fl-d5"/>
      </object_component>
      <object_component id="oc-3a4">
         <name>.text:_fcpy</name>
         <load_address>0x75c4</load_address>
         <run_address>0x75c4</run_address>
         <size>0x3e</size>
         <input_file_ref idref="fl-d8"/>
      </object_component>
      <object_component id="oc-10e">
         <name>.text:sscanf</name>
         <load_address>0x7604</load_address>
         <run_address>0x7604</run_address>
         <size>0x38</size>
         <input_file_ref idref="fl-cc"/>
      </object_component>
      <object_component id="oc-5f">
         <name>.text:_c_int00_noargs:_c_int00_noargs</name>
         <load_address>0x763c</load_address>
         <run_address>0x763c</run_address>
         <size>0x34</size>
         <input_file_ref idref="fl-d7"/>
      </object_component>
      <object_component id="oc-1dd">
         <name>.text:_outs</name>
         <load_address>0x7670</load_address>
         <run_address>0x7670</run_address>
         <size>0x30</size>
         <input_file_ref idref="fl-cb"/>
      </object_component>
      <object_component id="oc-387">
         <name>.text</name>
         <load_address>0x76a0</load_address>
         <run_address>0x76a0</run_address>
         <size>0x2e</size>
         <input_file_ref idref="fl-e0"/>
      </object_component>
      <object_component id="oc-22b">
         <name>.text:strspn</name>
         <load_address>0x76ce</load_address>
         <run_address>0x76ce</run_address>
         <size>0x2a</size>
         <input_file_ref idref="fl-ef"/>
      </object_component>
      <object_component id="oc-231">
         <name>.text:strcspn</name>
         <load_address>0x76f8</load_address>
         <run_address>0x76f8</run_address>
         <size>0x24</size>
         <input_file_ref idref="fl-ed"/>
      </object_component>
      <object_component id="oc-13c">
         <name>.text</name>
         <load_address>0x771c</load_address>
         <run_address>0x771c</run_address>
         <size>0x24</size>
         <input_file_ref idref="fl-11"/>
      </object_component>
      <object_component id="oc-2b1">
         <name>.text:memccpy</name>
         <load_address>0x7740</load_address>
         <run_address>0x7740</run_address>
         <size>0x1c</size>
         <input_file_ref idref="fl-eb"/>
      </object_component>
      <object_component id="oc-421">
         <name>.text:copysign</name>
         <load_address>0x775c</load_address>
         <run_address>0x775c</run_address>
         <size>0x1a</size>
         <input_file_ref idref="fl-f8"/>
      </object_component>
      <object_component id="oc-1e3">
         <name>.text:_outc</name>
         <load_address>0x7776</load_address>
         <run_address>0x7776</run_address>
         <size>0x18</size>
         <input_file_ref idref="fl-cb"/>
      </object_component>
      <object_component id="oc-3d5">
         <name>.text</name>
         <load_address>0x778e</load_address>
         <run_address>0x778e</run_address>
         <size>0x18</size>
         <input_file_ref idref="fl-fb"/>
      </object_component>
      <object_component id="oc-11a">
         <name>.text:strcmp</name>
         <load_address>0x77a6</load_address>
         <run_address>0x77a6</run_address>
         <size>0x18</size>
         <input_file_ref idref="fl-d2"/>
      </object_component>
      <object_component id="oc-307">
         <name>.text:strrchr</name>
         <load_address>0x77be</load_address>
         <run_address>0x77be</run_address>
         <size>0x18</size>
         <input_file_ref idref="fl-ee"/>
      </object_component>
      <object_component id="oc-30d">
         <name>.text:strchr</name>
         <load_address>0x77d6</load_address>
         <run_address>0x77d6</run_address>
         <size>0x16</size>
         <input_file_ref idref="fl-ec"/>
      </object_component>
      <object_component id="oc-12b">
         <name>.text:strcpy</name>
         <load_address>0x77ec</load_address>
         <run_address>0x77ec</run_address>
         <size>0x14</size>
         <input_file_ref idref="fl-d3"/>
      </object_component>
      <object_component id="oc-282">
         <name>.text:strlen</name>
         <load_address>0x7800</load_address>
         <run_address>0x7800</run_address>
         <size>0x14</size>
         <input_file_ref idref="fl-d4"/>
      </object_component>
      <object_component id="oc-217">
         <name>.text:_inpchar</name>
         <load_address>0x7814</load_address>
         <run_address>0x7814</run_address>
         <size>0x12</size>
         <input_file_ref idref="fl-cc"/>
      </object_component>
      <object_component id="oc-2b7">
         <name>.text:wcslen</name>
         <load_address>0x7826</load_address>
         <run_address>0x7826</run_address>
         <size>0x12</size>
         <input_file_ref idref="fl-f9"/>
      </object_component>
      <object_component id="oc-de">
         <name>.text</name>
         <load_address>0x7838</load_address>
         <run_address>0x7838</run_address>
         <size>0x10</size>
         <input_file_ref idref="fl-3"/>
      </object_component>
      <object_component id="oc-108">
         <name>.text:tolower</name>
         <load_address>0x7848</load_address>
         <run_address>0x7848</run_address>
         <size>0x10</size>
         <input_file_ref idref="fl-d6"/>
      </object_component>
      <object_component id="oc-1b">
         <name>.text:decompress:none:__TI_decompress_none</name>
         <load_address>0x7858</load_address>
         <run_address>0x7858</run_address>
         <size>0xe</size>
         <input_file_ref idref="fl-cf"/>
      </object_component>
      <object_component id="oc-53">
         <name>.text:decompress:ZI:__TI_zero_init</name>
         <load_address>0x7866</load_address>
         <run_address>0x7866</run_address>
         <size>0xc</size>
         <input_file_ref idref="fl-ce"/>
      </object_component>
      <object_component id="oc-27">
         <name>.text</name>
         <load_address>0x7872</load_address>
         <run_address>0x7872</run_address>
         <size>0xc</size>
         <input_file_ref idref="fl-e"/>
      </object_component>
      <object_component id="oc-2bd">
         <name>.text:__aeabi_errno_addr</name>
         <load_address>0x7880</load_address>
         <run_address>0x7880</run_address>
         <size>0x8</size>
         <input_file_ref idref="fl-f5"/>
      </object_component>
      <object_component id="oc-21d">
         <name>.text:_uninpchar</name>
         <load_address>0x7888</load_address>
         <run_address>0x7888</run_address>
         <size>0x8</size>
         <input_file_ref idref="fl-cc"/>
      </object_component>
      <object_component id="oc-ac">
         <name>.text:_system_pre_init</name>
         <load_address>0x7890</load_address>
         <run_address>0x7890</run_address>
         <size>0x4</size>
         <input_file_ref idref="fl-e4"/>
      </object_component>
      <object_component id="oc-15f">
         <name>.text:abort:abort</name>
         <load_address>0x7894</load_address>
         <run_address>0x7894</run_address>
         <size>0x4</size>
         <input_file_ref idref="fl-e6"/>
      </object_component>
      <object_component id="oc-20c">
         <name>.const:.string:_ctypes_</name>
         <load_address>0x7898</load_address>
         <run_address>0x7898</run_address>
         <size>0x101</size>
         <input_file_ref idref="fl-d1"/>
      </object_component>
      <object_component id="oc-3de">
         <name>.const:$O1$$</name>
         <load_address>0x79a0</load_address>
         <run_address>0x79a0</run_address>
         <size>0xc8</size>
         <input_file_ref idref="fl-f0"/>
      </object_component>
      <object_component id="oc-313">
         <name>.const:$O1$$</name>
         <load_address>0x7a68</load_address>
         <run_address>0x7a68</run_address>
         <size>0x10</size>
         <input_file_ref idref="fl-d9"/>
      </object_component>
      <object_component id="oc-484">
         <name>.cinit..data.load</name>
         <load_address>0x7a78</load_address>
         <run_address>0x7a78</run_address>
         <size>0x11</size>
      </object_component>
      <object_component id="oc-482">
         <name>__TI_handler_table</name>
         <load_address>0x7a8c</load_address>
         <run_address>0x7a8c</run_address>
         <size>0xc</size>
      </object_component>
      <object_component id="oc-485">
         <name>.cinit..bss.load</name>
         <load_address>0x7a98</load_address>
         <run_address>0x7a98</run_address>
         <size>0x8</size>
      </object_component>
      <object_component id="oc-483">
         <name>__TI_cinit_table</name>
         <load_address>0x7aa0</load_address>
         <run_address>0x7aa0</run_address>
         <size>0x10</size>
      </object_component>
      <object_component id="oc-1cd">
         <name>.data</name>
         <load_address>0x2000333c</load_address>
         <run_address>0x2000333c</run_address>
         <size>0x3</size>
         <input_file_ref idref="fl-5"/>
      </object_component>
      <object_component id="oc-1d0">
         <name>.data:hwAddress</name>
         <load_address>0x20003318</load_address>
         <run_address>0x20003318</run_address>
         <size>0x6</size>
         <input_file_ref idref="fl-5"/>
      </object_component>
      <object_component id="oc-120">
         <name>.data</name>
         <load_address>0x2000333f</load_address>
         <run_address>0x2000333f</run_address>
         <size>0x1</size>
         <input_file_ref idref="fl-6"/>
      </object_component>
      <object_component id="oc-1fa">
         <name>.data:ipAddress</name>
         <load_address>0x2000331e</load_address>
         <run_address>0x2000331e</run_address>
         <size>0x4</size>
         <input_file_ref idref="fl-9"/>
      </object_component>
      <object_component id="oc-1fd">
         <name>.data:ipSubnetMask</name>
         <load_address>0x2000332a</load_address>
         <run_address>0x2000332a</run_address>
         <size>0x4</size>
         <input_file_ref idref="fl-9"/>
      </object_component>
      <object_component id="oc-200">
         <name>.data:ipGwAddress</name>
         <load_address>0x20003326</load_address>
         <run_address>0x20003326</run_address>
         <size>0x4</size>
         <input_file_ref idref="fl-9"/>
      </object_component>
      <object_component id="oc-203">
         <name>.data:ipDnsAddress</name>
         <load_address>0x20003322</load_address>
         <run_address>0x20003322</run_address>
         <size>0x4</size>
         <input_file_ref idref="fl-9"/>
      </object_component>
      <object_component id="oc-206">
         <name>.data:ipTimeServerAddress</name>
         <load_address>0x2000332e</load_address>
         <run_address>0x2000332e</run_address>
         <size>0x4</size>
         <input_file_ref idref="fl-9"/>
      </object_component>
      <object_component id="oc-32b">
         <name>.data</name>
         <load_address>0x20003332</load_address>
         <run_address>0x20003332</run_address>
         <size>0x2</size>
         <input_file_ref idref="fl-a"/>
      </object_component>
      <object_component id="oc-237">
         <name>.data</name>
         <load_address>0x20003338</load_address>
         <run_address>0x20003338</run_address>
         <size>0x4</size>
         <input_file_ref idref="fl-d5"/>
      </object_component>
      <object_component id="oc-3c2">
         <name>.data</name>
         <load_address>0x20003334</load_address>
         <run_address>0x20003334</run_address>
         <size>0x4</size>
         <input_file_ref idref="fl-f5"/>
      </object_component>
      <object_component id="oc-136">
         <name>.common:TCP_STATE</name>
         <uninitialized>true</uninitialized>
         <run_address>0x2000230c</run_address>
         <size>0x1</size>
      </object_component>
      <object_component id="oc-137">
         <name>.common:MQTT_STATE</name>
         <uninitialized>true</uninitialized>
         <run_address>0x2000230b</run_address>
         <size>0x1</size>
      </object_component>
      <object_component id="oc-131">
         <name>.common:HANDSHAKE_STATE</name>
         <uninitialized>true</uninitialized>
         <run_address>0x2000230a</run_address>
         <size>0x1</size>
      </object_component>
      <object_component id="oc-138">
         <name>.common:publishTopic</name>
         <uninitialized>true</uninitialized>
         <run_address>0x20002188</run_address>
         <size>0x50</size>
      </object_component>
      <object_component id="oc-139">
         <name>.common:publishData</name>
         <uninitialized>true</uninitialized>
         <run_address>0x200020d0</run_address>
         <size>0x64</size>
      </object_component>
      <object_component id="oc-13a">
         <name>.common:subTopicFilter</name>
         <uninitialized>true</uninitialized>
         <run_address>0x200021d8</run_address>
         <size>0x50</size>
      </object_component>
      <object_component id="oc-13b">
         <name>.common:unsubTopicFilter</name>
         <uninitialized>true</uninitialized>
         <run_address>0x20002228</run_address>
         <size>0x50</size>
      </object_component>
      <object_component id="oc-156">
         <name>.common:sendUnsubFlag</name>
         <uninitialized>true</uninitialized>
         <run_address>0x20002312</run_address>
         <size>0x1</size>
      </object_component>
      <object_component id="oc-142">
         <name>.common:sendPubFlag</name>
         <uninitialized>true</uninitialized>
         <run_address>0x20002310</run_address>
         <size>0x1</size>
      </object_component>
      <object_component id="oc-158">
         <name>.common:sendArpFlag</name>
         <uninitialized>true</uninitialized>
         <run_address>0x2000230e</run_address>
         <size>0x1</size>
      </object_component>
      <object_component id="oc-157">
         <name>.common:sendFinFlag</name>
         <uninitialized>true</uninitialized>
         <run_address>0x2000230f</run_address>
         <size>0x1</size>
      </object_component>
      <object_component id="oc-149">
         <name>.common:sendSubFlag</name>
         <uninitialized>true</uninitialized>
         <run_address>0x20002311</run_address>
         <size>0x1</size>
      </object_component>
      <object_component id="oc-32f">
         <name>.common:packetIDArray</name>
         <uninitialized>true</uninitialized>
         <run_address>0x20001f40</run_address>
         <size>0x190</size>
      </object_component>
      <object_component id="oc-32e">
         <name>.common:filterTopics</name>
         <uninitialized>true</uninitialized>
         <run_address>0x20000000</run_address>
         <size>0x1f40</size>
      </object_component>
      <object_component id="oc-123">
         <name>.common:strInput</name>
         <uninitialized>true</uninitialized>
         <run_address>0x20002134</run_address>
         <size>0x54</size>
      </object_component>
      <object_component id="oc-124">
         <name>.common:token</name>
         <uninitialized>true</uninitialized>
         <run_address>0x20002304</run_address>
         <size>0x4</size>
      </object_component>
      <object_component id="oc-240">
         <name>.common:FLAGS</name>
         <uninitialized>true</uninitialized>
         <run_address>0x20002308</run_address>
         <size>0x2</size>
      </object_component>
      <object_component id="oc-249">
         <name>.common:currentSeq</name>
         <uninitialized>true</uninitialized>
         <run_address>0x20002300</run_address>
         <size>0x4</size>
      </object_component>
      <object_component id="oc-248">
         <name>.common:currentAck</name>
         <uninitialized>true</uninitialized>
         <run_address>0x200022fc</run_address>
         <size>0x4</size>
      </object_component>
      <object_component id="oc-247">
         <name>.common:ok</name>
         <uninitialized>true</uninitialized>
         <run_address>0x2000230d</run_address>
         <size>0x1</size>
      </object_component>
      <object_component id="oc-78">
         <name>.common:fn</name>
         <uninitialized>true</uninitialized>
         <run_address>0x20002278</run_address>
         <size>0x28</size>
      </object_component>
      <object_component id="oc-74">
         <name>.common:period</name>
         <uninitialized>true</uninitialized>
         <run_address>0x200022a0</run_address>
         <size>0x28</size>
      </object_component>
      <object_component id="oc-77">
         <name>.common:ticks</name>
         <uninitialized>true</uninitialized>
         <run_address>0x200022c8</run_address>
         <size>0x28</size>
      </object_component>
      <object_component id="oc-79">
         <name>.common:reload</name>
         <uninitialized>true</uninitialized>
         <run_address>0x200022f0</run_address>
         <size>0xc</size>
      </object_component>
      <object_component id="oc-24">
         <name>.stack</name>
         <uninitialized>true</uninitialized>
         <run_address>0x20002318</run_address>
         <size>0x4</size>
         <input_file_ref idref="fl-d7"/>
      </object_component>
      <object_component id="oc-487">
         <name>.stack</name>
         <uninitialized>true</uninitialized>
         <run_address>0x20002318</run_address>
         <size>0x0</size>
      </object_component>
      <object_component id="oc-cd">
         <name>.debug_info</name>
         <load_address>0x0</load_address>
         <run_address>0x0</run_address>
         <size>0x350</size>
         <input_file_ref idref="fl-2"/>
      </object_component>
      <object_component id="oc-146">
         <name>.debug_info</name>
         <load_address>0x350</load_address>
         <run_address>0x350</run_address>
         <size>0x4b4</size>
         <input_file_ref idref="fl-2"/>
      </object_component>
      <object_component id="oc-8c">
         <name>.debug_info</name>
         <load_address>0x804</load_address>
         <run_address>0x804</run_address>
         <size>0x26b</size>
         <input_file_ref idref="fl-2"/>
      </object_component>
      <object_component id="oc-80">
         <name>.debug_info</name>
         <load_address>0xa6f</load_address>
         <run_address>0xa6f</run_address>
         <size>0x8b</size>
         <input_file_ref idref="fl-2"/>
      </object_component>
      <object_component id="oc-c6">
         <name>.debug_info</name>
         <load_address>0xafa</load_address>
         <run_address>0xafa</run_address>
         <size>0x2a4</size>
         <input_file_ref idref="fl-2"/>
      </object_component>
      <object_component id="oc-7b">
         <name>.debug_info</name>
         <load_address>0xd9e</load_address>
         <run_address>0xd9e</run_address>
         <size>0xbb</size>
         <input_file_ref idref="fl-2"/>
      </object_component>
      <object_component id="oc-1bd">
         <name>.debug_info</name>
         <load_address>0xe59</load_address>
         <run_address>0xe59</run_address>
         <size>0xcc</size>
         <input_file_ref idref="fl-2"/>
      </object_component>
      <object_component id="oc-1f5">
         <name>.debug_info</name>
         <load_address>0xf25</load_address>
         <run_address>0xf25</run_address>
         <size>0x2c</size>
         <input_file_ref idref="fl-2"/>
      </object_component>
      <object_component id="oc-1a4">
         <name>.debug_info</name>
         <load_address>0xf51</load_address>
         <run_address>0xf51</run_address>
         <size>0xee</size>
         <input_file_ref idref="fl-2"/>
      </object_component>
      <object_component id="oc-1a9">
         <name>.debug_info</name>
         <load_address>0x103f</load_address>
         <run_address>0x103f</run_address>
         <size>0xe1</size>
         <input_file_ref idref="fl-2"/>
      </object_component>
      <object_component id="oc-15a">
         <name>.debug_info</name>
         <load_address>0x1120</load_address>
         <run_address>0x1120</run_address>
         <size>0x1c1</size>
         <input_file_ref idref="fl-2"/>
      </object_component>
      <object_component id="oc-df">
         <name>.debug_info</name>
         <load_address>0x12e1</load_address>
         <run_address>0x12e1</run_address>
         <size>0x118</size>
         <input_file_ref idref="fl-3"/>
      </object_component>
      <object_component id="oc-3c">
         <name>.debug_info</name>
         <load_address>0x13f9</load_address>
         <run_address>0x13f9</run_address>
         <size>0x84</size>
         <input_file_ref idref="fl-3"/>
      </object_component>
      <object_component id="oc-105">
         <name>.debug_info</name>
         <load_address>0x147d</load_address>
         <run_address>0x147d</run_address>
         <size>0x200</size>
         <input_file_ref idref="fl-4"/>
      </object_component>
      <object_component id="oc-1d4">
         <name>.debug_info</name>
         <load_address>0x167d</load_address>
         <run_address>0x167d</run_address>
         <size>0x462</size>
         <input_file_ref idref="fl-5"/>
      </object_component>
      <object_component id="oc-1ce">
         <name>.debug_info</name>
         <load_address>0x1adf</load_address>
         <run_address>0x1adf</run_address>
         <size>0x129</size>
         <input_file_ref idref="fl-5"/>
      </object_component>
      <object_component id="oc-1d1">
         <name>.debug_info</name>
         <load_address>0x1c08</load_address>
         <run_address>0x1c08</run_address>
         <size>0xd1</size>
         <input_file_ref idref="fl-5"/>
      </object_component>
      <object_component id="oc-ed">
         <name>.debug_info</name>
         <load_address>0x1cd9</load_address>
         <run_address>0x1cd9</run_address>
         <size>0x1883</size>
         <input_file_ref idref="fl-5"/>
      </object_component>
      <object_component id="oc-1b8">
         <name>.debug_info</name>
         <load_address>0x355c</load_address>
         <run_address>0x355c</run_address>
         <size>0x88</size>
         <input_file_ref idref="fl-5"/>
      </object_component>
      <object_component id="oc-cb">
         <name>.debug_info</name>
         <load_address>0x35e4</load_address>
         <run_address>0x35e4</run_address>
         <size>0x110f</size>
         <input_file_ref idref="fl-6"/>
      </object_component>
      <object_component id="oc-121">
         <name>.debug_info</name>
         <load_address>0x46f3</load_address>
         <run_address>0x46f3</run_address>
         <size>0xcd</size>
         <input_file_ref idref="fl-6"/>
      </object_component>
      <object_component id="oc-b3">
         <name>.debug_info</name>
         <load_address>0x47c0</load_address>
         <run_address>0x47c0</run_address>
         <size>0x1401</size>
         <input_file_ref idref="fl-6"/>
      </object_component>
      <object_component id="oc-19f">
         <name>.debug_info</name>
         <load_address>0x5bc1</load_address>
         <run_address>0x5bc1</run_address>
         <size>0x24a</size>
         <input_file_ref idref="fl-6"/>
      </object_component>
      <object_component id="oc-85">
         <name>.debug_info</name>
         <load_address>0x5e0b</load_address>
         <run_address>0x5e0b</run_address>
         <size>0x2c</size>
         <input_file_ref idref="fl-6"/>
      </object_component>
      <object_component id="oc-335">
         <name>.debug_info</name>
         <load_address>0x5e37</load_address>
         <run_address>0x5e37</run_address>
         <size>0xb2</size>
         <input_file_ref idref="fl-6"/>
      </object_component>
      <object_component id="oc-1ae">
         <name>.debug_info</name>
         <load_address>0x5ee9</load_address>
         <run_address>0x5ee9</run_address>
         <size>0xee</size>
         <input_file_ref idref="fl-6"/>
      </object_component>
      <object_component id="oc-33c">
         <name>.debug_info</name>
         <load_address>0x5fd7</load_address>
         <run_address>0x5fd7</run_address>
         <size>0x9e</size>
         <input_file_ref idref="fl-6"/>
      </object_component>
      <object_component id="oc-1b3">
         <name>.debug_info</name>
         <load_address>0x6075</load_address>
         <run_address>0x6075</run_address>
         <size>0x35</size>
         <input_file_ref idref="fl-6"/>
      </object_component>
      <object_component id="oc-1c6">
         <name>.debug_info</name>
         <load_address>0x60aa</load_address>
         <run_address>0x60aa</run_address>
         <size>0x260</size>
         <input_file_ref idref="fl-7"/>
      </object_component>
      <object_component id="oc-e8">
         <name>.debug_info</name>
         <load_address>0x630a</load_address>
         <run_address>0x630a</run_address>
         <size>0x10e6</size>
         <input_file_ref idref="fl-7"/>
      </object_component>
      <object_component id="oc-254">
         <name>.debug_info</name>
         <load_address>0x73f0</load_address>
         <run_address>0x73f0</run_address>
         <size>0x357</size>
         <input_file_ref idref="fl-8"/>
      </object_component>
      <object_component id="oc-14e">
         <name>.debug_info</name>
         <load_address>0x7747</load_address>
         <run_address>0x7747</run_address>
         <size>0x2ce</size>
         <input_file_ref idref="fl-8"/>
      </object_component>
      <object_component id="oc-20a">
         <name>.debug_info</name>
         <load_address>0x7a15</load_address>
         <run_address>0x7a15</run_address>
         <size>0x2c9</size>
         <input_file_ref idref="fl-9"/>
      </object_component>
      <object_component id="oc-1fb">
         <name>.debug_info</name>
         <load_address>0x7cde</load_address>
         <run_address>0x7cde</run_address>
         <size>0xcf</size>
         <input_file_ref idref="fl-9"/>
      </object_component>
      <object_component id="oc-1fe">
         <name>.debug_info</name>
         <load_address>0x7dad</load_address>
         <run_address>0x7dad</run_address>
         <size>0xd5</size>
         <input_file_ref idref="fl-9"/>
      </object_component>
      <object_component id="oc-201">
         <name>.debug_info</name>
         <load_address>0x7e82</load_address>
         <run_address>0x7e82</run_address>
         <size>0xd3</size>
         <input_file_ref idref="fl-9"/>
      </object_component>
      <object_component id="oc-204">
         <name>.debug_info</name>
         <load_address>0x7f55</load_address>
         <run_address>0x7f55</run_address>
         <size>0xd5</size>
         <input_file_ref idref="fl-9"/>
      </object_component>
      <object_component id="oc-207">
         <name>.debug_info</name>
         <load_address>0x802a</load_address>
         <run_address>0x802a</run_address>
         <size>0xe3</size>
         <input_file_ref idref="fl-9"/>
      </object_component>
      <object_component id="oc-fe">
         <name>.debug_info</name>
         <load_address>0x810d</load_address>
         <run_address>0x810d</run_address>
         <size>0xa91</size>
         <input_file_ref idref="fl-9"/>
      </object_component>
      <object_component id="oc-132">
         <name>.debug_info</name>
         <load_address>0x8b9e</load_address>
         <run_address>0x8b9e</run_address>
         <size>0x611</size>
         <input_file_ref idref="fl-a"/>
      </object_component>
      <object_component id="oc-32c">
         <name>.debug_info</name>
         <load_address>0x91af</load_address>
         <run_address>0x91af</run_address>
         <size>0xc9</size>
         <input_file_ref idref="fl-a"/>
      </object_component>
      <object_component id="oc-243">
         <name>.debug_info</name>
         <load_address>0x9278</load_address>
         <run_address>0x9278</run_address>
         <size>0x984</size>
         <input_file_ref idref="fl-a"/>
      </object_component>
      <object_component id="oc-1c9">
         <name>.debug_info</name>
         <load_address>0x9bfc</load_address>
         <run_address>0x9bfc</run_address>
         <size>0x452</size>
         <input_file_ref idref="fl-b"/>
      </object_component>
      <object_component id="oc-134">
         <name>.debug_info</name>
         <load_address>0xa04e</load_address>
         <run_address>0xa04e</run_address>
         <size>0x904</size>
         <input_file_ref idref="fl-c"/>
      </object_component>
      <object_component id="oc-126">
         <name>.debug_info</name>
         <load_address>0xa952</load_address>
         <run_address>0xa952</run_address>
         <size>0x10ae</size>
         <input_file_ref idref="fl-c"/>
      </object_component>
      <object_component id="oc-75">
         <name>.debug_info</name>
         <load_address>0xba00</load_address>
         <run_address>0xba00</run_address>
         <size>0x325</size>
         <input_file_ref idref="fl-d"/>
      </object_component>
      <object_component id="oc-30">
         <name>.debug_info</name>
         <load_address>0xbd25</load_address>
         <run_address>0xbd25</run_address>
         <size>0x4a7</size>
         <input_file_ref idref="fl-d"/>
      </object_component>
      <object_component id="oc-35">
         <name>.debug_info</name>
         <load_address>0xc1cc</load_address>
         <run_address>0xc1cc</run_address>
         <size>0x2c2</size>
         <input_file_ref idref="fl-e"/>
      </object_component>
      <object_component id="oc-13">
         <name>.debug_info</name>
         <load_address>0xc48e</load_address>
         <run_address>0xc48e</run_address>
         <size>0xeb</size>
         <input_file_ref idref="fl-e"/>
      </object_component>
      <object_component id="oc-2b">
         <name>.debug_info</name>
         <load_address>0xc579</load_address>
         <run_address>0xc579</run_address>
         <size>0x267</size>
         <input_file_ref idref="fl-e"/>
      </object_component>
      <object_component id="oc-1d6">
         <name>.debug_info</name>
         <load_address>0xc7e0</load_address>
         <run_address>0xc7e0</run_address>
         <size>0x34b</size>
         <input_file_ref idref="fl-f"/>
      </object_component>
      <object_component id="oc-f2">
         <name>.debug_info</name>
         <load_address>0xcb2b</load_address>
         <run_address>0xcb2b</run_address>
         <size>0x3c4</size>
         <input_file_ref idref="fl-f"/>
      </object_component>
      <object_component id="oc-256">
         <name>.debug_info</name>
         <load_address>0xceef</load_address>
         <run_address>0xceef</run_address>
         <size>0x3f0</size>
         <input_file_ref idref="fl-10"/>
      </object_component>
      <object_component id="oc-153">
         <name>.debug_info</name>
         <load_address>0xd2df</load_address>
         <run_address>0xd2df</run_address>
         <size>0x612</size>
         <input_file_ref idref="fl-10"/>
      </object_component>
      <object_component id="oc-140">
         <name>.debug_info</name>
         <load_address>0xd8f1</load_address>
         <run_address>0xd8f1</run_address>
         <size>0x122</size>
         <input_file_ref idref="fl-11"/>
      </object_component>
      <object_component id="oc-1ea">
         <name>.debug_info</name>
         <load_address>0xda13</load_address>
         <run_address>0xda13</run_address>
         <size>0x33a</size>
         <input_file_ref idref="fl-cb"/>
      </object_component>
      <object_component id="oc-f9">
         <name>.debug_info</name>
         <load_address>0xdd4d</load_address>
         <run_address>0xdd4d</run_address>
         <size>0x1ee</size>
         <input_file_ref idref="fl-cb"/>
      </object_component>
      <object_component id="oc-1e0">
         <name>.debug_info</name>
         <load_address>0xdf3b</load_address>
         <run_address>0xdf3b</run_address>
         <size>0x1c3</size>
         <input_file_ref idref="fl-cb"/>
      </object_component>
      <object_component id="oc-1e6">
         <name>.debug_info</name>
         <load_address>0xe0fe</load_address>
         <run_address>0xe0fe</run_address>
         <size>0x176</size>
         <input_file_ref idref="fl-cb"/>
      </object_component>
      <object_component id="oc-1eb">
         <name>.debug_info</name>
         <load_address>0xe274</load_address>
         <run_address>0xe274</run_address>
         <size>0x2c</size>
         <input_file_ref idref="fl-cb"/>
      </object_component>
      <object_component id="oc-1f0">
         <name>.debug_info</name>
         <load_address>0xe2a0</load_address>
         <run_address>0xe2a0</run_address>
         <size>0x69</size>
         <input_file_ref idref="fl-cb"/>
      </object_component>
      <object_component id="oc-22a">
         <name>.debug_info</name>
         <load_address>0xe309</load_address>
         <run_address>0xe309</run_address>
         <size>0x37a</size>
         <input_file_ref idref="fl-cc"/>
      </object_component>
      <object_component id="oc-110">
         <name>.debug_info</name>
         <load_address>0xe683</load_address>
         <run_address>0xe683</run_address>
         <size>0x17e</size>
         <input_file_ref idref="fl-cc"/>
      </object_component>
      <object_component id="oc-220">
         <name>.debug_info</name>
         <load_address>0xe801</load_address>
         <run_address>0xe801</run_address>
         <size>0x171</size>
         <input_file_ref idref="fl-cc"/>
      </object_component>
      <object_component id="oc-219">
         <name>.debug_info</name>
         <load_address>0xe972</load_address>
         <run_address>0xe972</run_address>
         <size>0x17e</size>
         <input_file_ref idref="fl-cc"/>
      </object_component>
      <object_component id="oc-225">
         <name>.debug_info</name>
         <load_address>0xeaf0</load_address>
         <run_address>0xeaf0</run_address>
         <size>0x1de</size>
         <input_file_ref idref="fl-cc"/>
      </object_component>
      <object_component id="oc-42">
         <name>.debug_info</name>
         <load_address>0xecce</load_address>
         <run_address>0xecce</run_address>
         <size>0x119</size>
         <input_file_ref idref="fl-cd"/>
      </object_component>
      <object_component id="oc-a5">
         <name>.debug_info</name>
         <load_address>0xede7</load_address>
         <run_address>0xede7</run_address>
         <size>0x2d4</size>
         <input_file_ref idref="fl-ce"/>
      </object_component>
      <object_component id="oc-54">
         <name>.debug_info</name>
         <load_address>0xf0bb</load_address>
         <run_address>0xf0bb</run_address>
         <size>0x1b5</size>
         <input_file_ref idref="fl-ce"/>
      </object_component>
      <object_component id="oc-a0">
         <name>.debug_info</name>
         <load_address>0xf270</load_address>
         <run_address>0xf270</run_address>
         <size>0x46</size>
         <input_file_ref idref="fl-ce"/>
      </object_component>
      <object_component id="oc-d5">
         <name>.debug_info</name>
         <load_address>0xf2b6</load_address>
         <run_address>0xf2b6</run_address>
         <size>0x2c</size>
         <input_file_ref idref="fl-ce"/>
      </object_component>
      <object_component id="oc-4c">
         <name>.debug_info</name>
         <load_address>0xf2e2</load_address>
         <run_address>0xf2e2</run_address>
         <size>0x2a8</size>
         <input_file_ref idref="fl-cf"/>
      </object_component>
      <object_component id="oc-1e">
         <name>.debug_info</name>
         <load_address>0xf58a</load_address>
         <run_address>0xf58a</run_address>
         <size>0x1ea</size>
         <input_file_ref idref="fl-cf"/>
      </object_component>
      <object_component id="oc-47">
         <name>.debug_info</name>
         <load_address>0xf774</load_address>
         <run_address>0xf774</run_address>
         <size>0x46</size>
         <input_file_ref idref="fl-cf"/>
      </object_component>
      <object_component id="oc-98">
         <name>.debug_info</name>
         <load_address>0xf7ba</load_address>
         <run_address>0xf7ba</run_address>
         <size>0x2c</size>
         <input_file_ref idref="fl-cf"/>
      </object_component>
      <object_component id="oc-96">
         <name>.debug_info</name>
         <load_address>0xf7e6</load_address>
         <run_address>0xf7e6</run_address>
         <size>0x29e</size>
         <input_file_ref idref="fl-d0"/>
      </object_component>
      <object_component id="oc-18">
         <name>.debug_info</name>
         <load_address>0xfa84</load_address>
         <run_address>0xfa84</run_address>
         <size>0x250</size>
         <input_file_ref idref="fl-d0"/>
      </object_component>
      <object_component id="oc-37">
         <name>.debug_info</name>
         <load_address>0xfcd4</load_address>
         <run_address>0xfcd4</run_address>
         <size>0x60</size>
         <input_file_ref idref="fl-d0"/>
      </object_component>
      <object_component id="oc-ce">
         <name>.debug_info</name>
         <load_address>0xfd34</load_address>
         <run_address>0xfd34</run_address>
         <size>0x46</size>
         <input_file_ref idref="fl-d0"/>
      </object_component>
      <object_component id="oc-91">
         <name>.debug_info</name>
         <load_address>0xfd7a</load_address>
         <run_address>0xfd7a</run_address>
         <size>0x39</size>
         <input_file_ref idref="fl-d0"/>
      </object_component>
      <object_component id="oc-2e1">
         <name>.debug_info</name>
         <load_address>0xfdb3</load_address>
         <run_address>0xfdb3</run_address>
         <size>0xf9</size>
         <input_file_ref idref="fl-d1"/>
      </object_component>
      <object_component id="oc-20d">
         <name>.debug_info</name>
         <load_address>0xfeac</load_address>
         <run_address>0xfeac</run_address>
         <size>0x105</size>
         <input_file_ref idref="fl-d1"/>
      </object_component>
      <object_component id="oc-23d">
         <name>.debug_info</name>
         <load_address>0xffb1</load_address>
         <run_address>0xffb1</run_address>
         <size>0x28a</size>
         <input_file_ref idref="fl-d2"/>
      </object_component>
      <object_component id="oc-11e">
         <name>.debug_info</name>
         <load_address>0x1023b</load_address>
         <run_address>0x1023b</run_address>
         <size>0x273</size>
         <input_file_ref idref="fl-d2"/>
      </object_component>
      <object_component id="oc-24c">
         <name>.debug_info</name>
         <load_address>0x104ae</load_address>
         <run_address>0x104ae</run_address>
         <size>0x2a4</size>
         <input_file_ref idref="fl-d3"/>
      </object_component>
      <object_component id="oc-12c">
         <name>.debug_info</name>
         <load_address>0x10752</load_address>
         <run_address>0x10752</run_address>
         <size>0x24d</size>
         <input_file_ref idref="fl-d3"/>
      </object_component>
      <object_component id="oc-363">
         <name>.debug_info</name>
         <load_address>0x1099f</load_address>
         <run_address>0x1099f</run_address>
         <size>0x28f</size>
         <input_file_ref idref="fl-d4"/>
      </object_component>
      <object_component id="oc-285">
         <name>.debug_info</name>
         <load_address>0x10c2e</load_address>
         <run_address>0x10c2e</run_address>
         <size>0x245</size>
         <input_file_ref idref="fl-d4"/>
      </object_component>
      <object_component id="oc-23b">
         <name>.debug_info</name>
         <load_address>0x10e73</load_address>
         <run_address>0x10e73</run_address>
         <size>0x2fe</size>
         <input_file_ref idref="fl-d5"/>
      </object_component>
      <object_component id="oc-238">
         <name>.debug_info</name>
         <load_address>0x11171</load_address>
         <run_address>0x11171</run_address>
         <size>0x105</size>
         <input_file_ref idref="fl-d5"/>
      </object_component>
      <object_component id="oc-118">
         <name>.debug_info</name>
         <load_address>0x11276</load_address>
         <run_address>0x11276</run_address>
         <size>0x1ab</size>
         <input_file_ref idref="fl-d5"/>
      </object_component>
      <object_component id="oc-210">
         <name>.debug_info</name>
         <load_address>0x11421</load_address>
         <run_address>0x11421</run_address>
         <size>0x2b6</size>
         <input_file_ref idref="fl-d6"/>
      </object_component>
      <object_component id="oc-10b">
         <name>.debug_info</name>
         <load_address>0x116d7</load_address>
         <run_address>0x116d7</run_address>
         <size>0x154</size>
         <input_file_ref idref="fl-d6"/>
      </object_component>
      <object_component id="oc-25">
         <name>.debug_info</name>
         <load_address>0x1182b</load_address>
         <run_address>0x1182b</run_address>
         <size>0x10b</size>
         <input_file_ref idref="fl-d7"/>
      </object_component>
      <object_component id="oc-61">
         <name>.debug_info</name>
         <load_address>0x11936</load_address>
         <run_address>0x11936</run_address>
         <size>0x1a9</size>
         <input_file_ref idref="fl-d7"/>
      </object_component>
      <object_component id="oc-2c4">
         <name>.debug_info</name>
         <load_address>0x11adf</load_address>
         <run_address>0x11adf</run_address>
         <size>0x590</size>
         <input_file_ref idref="fl-d8"/>
      </object_component>
      <object_component id="oc-292">
         <name>.debug_info</name>
         <load_address>0x1206f</load_address>
         <run_address>0x1206f</run_address>
         <size>0x21e</size>
         <input_file_ref idref="fl-d8"/>
      </object_component>
      <object_component id="oc-395">
         <name>.debug_info</name>
         <load_address>0x1228d</load_address>
         <run_address>0x1228d</run_address>
         <size>0x1b3</size>
         <input_file_ref idref="fl-d8"/>
      </object_component>
      <object_component id="oc-39b">
         <name>.debug_info</name>
         <load_address>0x12440</load_address>
         <run_address>0x12440</run_address>
         <size>0x21b</size>
         <input_file_ref idref="fl-d8"/>
      </object_component>
      <object_component id="oc-29d">
         <name>.debug_info</name>
         <load_address>0x1265b</load_address>
         <run_address>0x1265b</run_address>
         <size>0x3c0</size>
         <input_file_ref idref="fl-d8"/>
      </object_component>
      <object_component id="oc-3a2">
         <name>.debug_info</name>
         <load_address>0x12a1b</load_address>
         <run_address>0x12a1b</run_address>
         <size>0x30a</size>
         <input_file_ref idref="fl-d8"/>
      </object_component>
      <object_component id="oc-3a8">
         <name>.debug_info</name>
         <load_address>0x12d25</load_address>
         <run_address>0x12d25</run_address>
         <size>0x215</size>
         <input_file_ref idref="fl-d8"/>
      </object_component>
      <object_component id="oc-2a3">
         <name>.debug_info</name>
         <load_address>0x12f3a</load_address>
         <run_address>0x12f3a</run_address>
         <size>0x215</size>
         <input_file_ref idref="fl-d8"/>
      </object_component>
      <object_component id="oc-2a9">
         <name>.debug_info</name>
         <load_address>0x1314f</load_address>
         <run_address>0x1314f</run_address>
         <size>0x304</size>
         <input_file_ref idref="fl-d8"/>
      </object_component>
      <object_component id="oc-2af">
         <name>.debug_info</name>
         <load_address>0x13453</load_address>
         <run_address>0x13453</run_address>
         <size>0x4b5</size>
         <input_file_ref idref="fl-d8"/>
      </object_component>
      <object_component id="oc-1db">
         <name>.debug_info</name>
         <load_address>0x13908</load_address>
         <run_address>0x13908</run_address>
         <size>0x5f4</size>
         <input_file_ref idref="fl-d8"/>
      </object_component>
      <object_component id="oc-2c5">
         <name>.debug_info</name>
         <load_address>0x13efc</load_address>
         <run_address>0x13efc</run_address>
         <size>0x86</size>
         <input_file_ref idref="fl-d8"/>
      </object_component>
      <object_component id="oc-3c9">
         <name>.debug_info</name>
         <load_address>0x13f82</load_address>
         <run_address>0x13f82</run_address>
         <size>0x39</size>
         <input_file_ref idref="fl-d8"/>
      </object_component>
      <object_component id="oc-436">
         <name>.debug_info</name>
         <load_address>0x13fbb</load_address>
         <run_address>0x13fbb</run_address>
         <size>0xb6</size>
         <input_file_ref idref="fl-d8"/>
      </object_component>
      <object_component id="oc-3ce">
         <name>.debug_info</name>
         <load_address>0x14071</load_address>
         <run_address>0x14071</run_address>
         <size>0x46</size>
         <input_file_ref idref="fl-d8"/>
      </object_component>
      <object_component id="oc-2ca">
         <name>.debug_info</name>
         <load_address>0x140b7</load_address>
         <run_address>0x140b7</run_address>
         <size>0x46</size>
         <input_file_ref idref="fl-d8"/>
      </object_component>
      <object_component id="oc-315">
         <name>.debug_info</name>
         <load_address>0x140fd</load_address>
         <run_address>0x140fd</run_address>
         <size>0x5ce</size>
         <input_file_ref idref="fl-d9"/>
      </object_component>
      <object_component id="oc-213">
         <name>.debug_info</name>
         <load_address>0x146cb</load_address>
         <run_address>0x146cb</run_address>
         <size>0xa45</size>
         <input_file_ref idref="fl-d9"/>
      </object_component>
      <object_component id="oc-317">
         <name>.debug_info</name>
         <load_address>0x15110</load_address>
         <run_address>0x15110</run_address>
         <size>0x9a</size>
         <input_file_ref idref="fl-d9"/>
      </object_component>
      <object_component id="oc-38e">
         <name>.debug_info</name>
         <load_address>0x151aa</load_address>
         <run_address>0x151aa</run_address>
         <size>0x14c</size>
         <input_file_ref idref="fl-da"/>
      </object_component>
      <object_component id="oc-295">
         <name>.debug_info</name>
         <load_address>0x152f6</load_address>
         <run_address>0x152f6</run_address>
         <size>0x128</size>
         <input_file_ref idref="fl-db"/>
      </object_component>
      <object_component id="oc-378">
         <name>.debug_info</name>
         <load_address>0x1541e</load_address>
         <run_address>0x1541e</run_address>
         <size>0x12a</size>
         <input_file_ref idref="fl-db"/>
      </object_component>
      <object_component id="oc-374">
         <name>.debug_info</name>
         <load_address>0x15548</load_address>
         <run_address>0x15548</run_address>
         <size>0x13a</size>
         <input_file_ref idref="fl-dc"/>
      </object_component>
      <object_component id="oc-36e">
         <name>.debug_info</name>
         <load_address>0x15682</load_address>
         <run_address>0x15682</run_address>
         <size>0x13a</size>
         <input_file_ref idref="fl-dd"/>
      </object_component>
      <object_component id="oc-37f">
         <name>.debug_info</name>
         <load_address>0x157bc</load_address>
         <run_address>0x157bc</run_address>
         <size>0x12e</size>
         <input_file_ref idref="fl-de"/>
      </object_component>
      <object_component id="oc-2f9">
         <name>.debug_info</name>
         <load_address>0x158ea</load_address>
         <run_address>0x158ea</run_address>
         <size>0x13e</size>
         <input_file_ref idref="fl-df"/>
      </object_component>
      <object_component id="oc-389">
         <name>.debug_info</name>
         <load_address>0x15a28</load_address>
         <run_address>0x15a28</run_address>
         <size>0x12c</size>
         <input_file_ref idref="fl-e0"/>
      </object_component>
      <object_component id="oc-a9">
         <name>.debug_info</name>
         <load_address>0x15b54</load_address>
         <run_address>0x15b54</run_address>
         <size>0x147</size>
         <input_file_ref idref="fl-e1"/>
      </object_component>
      <object_component id="oc-369">
         <name>.debug_info</name>
         <load_address>0x15c9b</load_address>
         <run_address>0x15c9b</run_address>
         <size>0x134</size>
         <input_file_ref idref="fl-e2"/>
      </object_component>
      <object_component id="oc-262">
         <name>.debug_info</name>
         <load_address>0x15dcf</load_address>
         <run_address>0x15dcf</run_address>
         <size>0x4b3</size>
         <input_file_ref idref="fl-e3"/>
      </object_component>
      <object_component id="oc-16e">
         <name>.debug_info</name>
         <load_address>0x16282</load_address>
         <run_address>0x16282</run_address>
         <size>0x1a6</size>
         <input_file_ref idref="fl-e3"/>
      </object_component>
      <object_component id="oc-351">
         <name>.debug_info</name>
         <load_address>0x16428</load_address>
         <run_address>0x16428</run_address>
         <size>0x39</size>
         <input_file_ref idref="fl-e3"/>
      </object_component>
      <object_component id="oc-3f8">
         <name>.debug_info</name>
         <load_address>0x16461</load_address>
         <run_address>0x16461</run_address>
         <size>0x39</size>
         <input_file_ref idref="fl-e3"/>
      </object_component>
      <object_component id="oc-356">
         <name>.debug_info</name>
         <load_address>0x1649a</load_address>
         <run_address>0x1649a</run_address>
         <size>0x39</size>
         <input_file_ref idref="fl-e3"/>
      </object_component>
      <object_component id="oc-35b">
         <name>.debug_info</name>
         <load_address>0x164d3</load_address>
         <run_address>0x164d3</run_address>
         <size>0xcd</size>
         <input_file_ref idref="fl-e3"/>
      </object_component>
      <object_component id="oc-ad">
         <name>.debug_info</name>
         <load_address>0x165a0</load_address>
         <run_address>0x165a0</run_address>
         <size>0x153</size>
         <input_file_ref idref="fl-e4"/>
      </object_component>
      <object_component id="oc-160">
         <name>.debug_info</name>
         <load_address>0x166f3</load_address>
         <run_address>0x166f3</run_address>
         <size>0x122</size>
         <input_file_ref idref="fl-e6"/>
      </object_component>
      <object_component id="oc-413">
         <name>.debug_info</name>
         <load_address>0x16815</load_address>
         <run_address>0x16815</run_address>
         <size>0x29c</size>
         <input_file_ref idref="fl-e8"/>
      </object_component>
      <object_component id="oc-385">
         <name>.debug_info</name>
         <load_address>0x16ab1</load_address>
         <run_address>0x16ab1</run_address>
         <size>0x1da</size>
         <input_file_ref idref="fl-e8"/>
      </object_component>
      <object_component id="oc-365">
         <name>.debug_info</name>
         <load_address>0x16c8b</load_address>
         <run_address>0x16c8b</run_address>
         <size>0x2b9</size>
         <input_file_ref idref="fl-ea"/>
      </object_component>
      <object_component id="oc-289">
         <name>.debug_info</name>
         <load_address>0x16f44</load_address>
         <run_address>0x16f44</run_address>
         <size>0x17c</size>
         <input_file_ref idref="fl-ea"/>
[...]
      </symbol>
      <symbol id="sm-37f">
         <name>getIpSubnetMask</name>
         <value>0x4769</value>
         <object_component_ref idref="oc-fc"/>
      </symbol>
      <symbol id="sm-380">
         <name>setIpSubnetMask</name>
         <value>0x472f</value>
         <object_component_ref idref="oc-fc"/>
      </symbol>
      <symbol id="sm-381">
         <name>ipAddress</name>
         <value>0x2000331e</value>
         <object_component_ref idref="oc-1fa"/>
      </symbol>
      <symbol id="sm-382">
         <name>isIpUnicast</name>
         <value>0x4635</value>
         <object_component_ref idref="oc-fc"/>
      </symbol>
      <symbol id="sm-383">
         <name>setIpAddress</name>
         <value>0x46bb</value>
         <object_component_ref idref="oc-fc"/>
      </symbol>
      <symbol id="sm-384">
         <name>getIpDnsAddress</name>
         <value>0x4851</value>
         <object_component_ref idref="oc-fc"/>
      </symbol>
      <symbol id="sm-385">
         <name>setIpDnsAddress</name>
         <value>0x4817</value>
         <object_component_ref idref="oc-fc"/>
      </symbol>
      <symbol id="sm-3b6">
         <name>sendSub</name>
         <value>0x430d</value>
         <object_component_ref idref="oc-241"/>
      </symbol>
      <symbol id="sm-3b7">
         <name>sendPublish</name>
         <value>0x4235</value>
         <object_component_ref idref="oc-241"/>
      </symbol>
      <symbol id="sm-3b8">
         <name>encodeRemainingLength</name>
         <value>0x40b9</value>
         <object_component_ref idref="oc-241"/>
      </symbol>
      <symbol id="sm-3b9">
         <name>sendDisconnect</name>
         <value>0x4585</value>
         <object_component_ref idref="oc-241"/>
      </symbol>
      <symbol id="sm-3ba">
         <name>sendConnect</name>
         <value>0x4127</value>
         <object_component_ref idref="oc-241"/>
      </symbol>
      <symbol id="sm-3bb">
         <name>getPacketIdIndex</name>
         <value>0x452f</value>
         <object_component_ref idref="oc-241"/>
      </symbol>
      <symbol id="sm-3bc">
         <name>sendUnsubFunc</name>
         <value>0x441f</value>
         <object_component_ref idref="oc-241"/>
      </symbol>
      <symbol id="sm-3bd">
         <name>INDEX</name>
         <value>0x20003332</value>
         <object_component_ref idref="oc-32b"/>
      </symbol>
      <symbol id="sm-3d9">
         <name>setSpi0Mode</name>
         <value>0x611b</value>
         <object_component_ref idref="oc-1c7"/>
      </symbol>
      <symbol id="sm-3da">
         <name>readSpi0Data</name>
         <value>0x6181</value>
         <object_component_ref idref="oc-1c7"/>
      </symbol>
      <symbol id="sm-3db">
         <name>writeSpi0Data</name>
         <value>0x6169</value>
         <object_component_ref idref="oc-1c7"/>
      </symbol>
      <symbol id="sm-3dc">
         <name>initSpi0</name>
         <value>0x6049</value>
         <object_component_ref idref="oc-1c7"/>
      </symbol>
      <symbol id="sm-3dd">
         <name>setSpi0BaudRate</name>
         <value>0x60e5</value>
         <object_component_ref idref="oc-1c7"/>
      </symbol>
      <symbol id="sm-445">
         <name>FLAGS</name>
         <value>0x20002308</value>
      </symbol>
      <symbol id="sm-446">
         <name>currentSeq</name>
         <value>0x20002300</value>
      </symbol>
      <symbol id="sm-447">
         <name>currentAck</name>
         <value>0x200022fc</value>
      </symbol>
      <symbol id="sm-448">
         <name>ok</name>
         <value>0x2000230d</value>
      </symbol>
      <symbol id="sm-449">
         <name>isTcp</name>
         <value>0x1cb9</value>
         <object_component_ref idref="oc-125"/>
      </symbol>
      <symbol id="sm-44a">
         <name>decodePub</name>
         <value>0x256d</value>
         <object_component_ref idref="oc-125"/>
      </symbol>
      <symbol id="sm-44b">
         <name>saveSeqAck</name>
         <value>0x22cd</value>
         <object_component_ref idref="oc-125"/>
      </symbol>
      <symbol id="sm-44c">
         <name>sendMqttPub</name>
         <value>0x22ed</value>
         <object_component_ref idref="oc-125"/>
      </symbol>
      <symbol id="sm-44d">
         <name>stateMachine</name>
         <value>0x203d</value>
         <object_component_ref idref="oc-125"/>
      </symbol>
      <symbol id="sm-44e">
         <name>sendMqttSub</name>
         <value>0x23ed</value>
         <object_component_ref idref="oc-125"/>
      </symbol>
      <symbol id="sm-44f">
         <name>sendMqttDisconnect</name>
         <value>0x24f9</value>
         <object_component_ref idref="oc-125"/>
      </symbol>
      <symbol id="sm-450">
         <name>sendMqttUnsub</name>
         <value>0x246f</value>
         <object_component_ref idref="oc-125"/>
      </symbol>
      <symbol id="sm-451">
         <name>getSeqACK</name>
         <value>0x1db7</value>
         <object_component_ref idref="oc-125"/>
      </symbol>
      <symbol id="sm-452">
         <name>sendMqttConnect</name>
         <value>0x2385</value>
         <object_component_ref idref="oc-125"/>
      </symbol>
      <symbol id="sm-453">
         <name>sendTcpMessage</name>
         <value>0x1dfb</value>
         <object_component_ref idref="oc-125"/>
      </symbol>
      <symbol id="sm-454">
         <name>getTcpData</name>
         <value>0x1d8b</value>
         <object_component_ref idref="oc-125"/>
      </symbol>
      <symbol id="sm-495">
         <name>fn</name>
         <value>0x20002278</value>
      </symbol>
      <symbol id="sm-496">
         <name>period</name>
         <value>0x200022a0</value>
      </symbol>
      <symbol id="sm-497">
         <name>ticks</name>
         <value>0x200022c8</value>
      </symbol>
      <symbol id="sm-498">
         <name>reload</name>
         <value>0x200022f0</value>
      </symbol>
      <symbol id="sm-499">
         <name>initTimer</name>
         <value>0x5249</value>
         <object_component_ref idref="oc-2d"/>
      </symbol>
      <symbol id="sm-49a">
         <name>stopTimer</name>
         <value>0x53f5</value>
         <object_component_ref idref="oc-2d"/>
      </symbol>
      <symbol id="sm-49b">
         <name>startOneshotTimer</name>
         <value>0x52e9</value>
         <object_component_ref idref="oc-2d"/>
      </symbol>
      <symbol id="sm-49c">
         <name>restartTimer</name>
         <value>0x545b</value>
         <object_component_ref idref="oc-2d"/>
      </symbol>
      <symbol id="sm-49d">
         <name>random32</name>
         <value>0x5543</value>
         <object_component_ref idref="oc-2d"/>
      </symbol>
      <symbol id="sm-49e">
         <name>tickIsr</name>
         <value>0x54c9</value>
         <object_component_ref idref="oc-2d"/>
      </symbol>
      <symbol id="sm-49f">
         <name>startPeriodicTimer</name>
         <value>0x536f</value>
         <object_component_ref idref="oc-2d"/>
      </symbol>
      <symbol id="sm-4bb">
         <name>ResetISR</name>
         <value>0x7873</value>
         <object_component_ref idref="oc-27"/>
      </symbol>
      <symbol id="sm-4bc">
         <name>g_pfnVectors</name>
         <value>0x0</value>
         <object_component_ref idref="oc-12"/>
      </symbol>
      <symbol id="sm-4df">
         <name>getcUart0</name>
         <value>0x68d3</value>
         <object_component_ref idref="oc-f0"/>
      </symbol>
      <symbol id="sm-4e0">
         <name>kbhitUart0</name>
         <value>0x68e7</value>
         <object_component_ref idref="oc-f0"/>
      </symbol>
      <symbol id="sm-4e1">
         <name>setUart0BaudRate</name>
         <value>0x6847</value>
         <object_component_ref idref="oc-f0"/>
      </symbol>
      <symbol id="sm-4e2">
         <name>putsUart0</name>
         <value>0x68a7</value>
         <object_component_ref idref="oc-f0"/>
      </symbol>
      <symbol id="sm-4e3">
         <name>initUart0</name>
         <value>0x67fd</value>
         <object_component_ref idref="oc-f0"/>
      </symbol>
      <symbol id="sm-4e4">
         <name>putcUart0</name>
         <value>0x688b</value>
         <object_component_ref idref="oc-f0"/>
      </symbol>
      <symbol id="sm-503">
         <name>sendUdpMessage</name>
         <value>0x504f</value>
         <object_component_ref idref="oc-150"/>
      </symbol>
      <symbol id="sm-504">
         <name>getUdpData</name>
         <value>0x4f79</value>
         <object_component_ref idref="oc-150"/>
      </symbol>
      <symbol id="sm-505">
         <name>getUdpMessageSocket</name>
         <value>0x4fa5</value>
         <object_component_ref idref="oc-150"/>
      </symbol>
      <symbol id="sm-506">
         <name>isUdp</name>
         <value>0x4ed1</value>
         <object_component_ref idref="oc-150"/>
      </symbol>
      <symbol id="sm-514">
         <name>waitMicrosecond</name>
         <value>0x771d</value>
         <object_component_ref idref="oc-13c"/>
      </symbol>
      <symbol id="sm-543">
         <name>snprintf</name>
         <value>0x74ad</value>
         <object_component_ref idref="oc-f6"/>
      </symbol>
      <symbol id="sm-57a">
         <name>sscanf</name>
         <value>0x7605</value>
         <object_component_ref idref="oc-10e"/>
      </symbol>
      <symbol id="sm-595">
         <name>memcpy</name>
         <value>0x6e17</value>
         <object_component_ref idref="oc-41"/>
      </symbol>
      <symbol id="sm-596">
         <name>__aeabi_memcpy</name>
         <value>0x6e17</value>
         <object_component_ref idref="oc-41"/>
      </symbol>
      <symbol id="sm-597">
         <name>__aeabi_memcpy8</name>
         <value>0x6e17</value>
         <object_component_ref idref="oc-41"/>
      </symbol>
      <symbol id="sm-598">
         <name>__aeabi_memcpy4</name>
         <value>0x6e17</value>
         <object_component_ref idref="oc-41"/>
      </symbol>
      <symbol id="sm-5af">
         <name>__TI_zero_init</name>
         <value>0x7867</value>
         <object_component_ref idref="oc-53"/>
      </symbol>
      <symbol id="sm-5c6">
         <name>__TI_decompress_none</name>
         <value>0x7859</value>
         <object_component_ref idref="oc-1b"/>
      </symbol>
      <symbol id="sm-5e9">
         <name>__TI_decompress_lzss</name>
         <value>0x7299</value>
         <object_component_ref idref="oc-15"/>
      </symbol>
      <symbol id="sm-5f4">
         <name>_ctypes_</name>
         <value>0x7898</value>
         <object_component_ref idref="oc-20c"/>
      </symbol>
      <symbol id="sm-603">
         <name>strcmp</name>
         <value>0x77a7</value>
         <object_component_ref idref="oc-11a"/>
      </symbol>
      <symbol id="sm-611">
         <name>strcpy</name>
         <value>0x77ed</value>
         <object_component_ref idref="oc-12b"/>
      </symbol>
      <symbol id="sm-61f">
         <name>strlen</name>
         <value>0x7801</value>
         <object_component_ref idref="oc-282"/>
      </symbol>
      <symbol id="sm-637">
         <name>strtok</name>
         <value>0x7585</value>
         <object_component_ref idref="oc-114"/>
      </symbol>
      <symbol id="sm-646">
         <name>tolower</name>
         <value>0x7849</value>
         <object_component_ref idref="oc-108"/>
      </symbol>
      <symbol id="sm-659">
         <name>__stack</name>
         <value>0x20002318</value>
         <object_component_ref idref="oc-24"/>
      </symbol>
      <symbol id="sm-65a">
         <name>_c_int00_noargs</name>
         <value>0x763d</value>
         <object_component_ref idref="oc-5f"/>
      </symbol>
      <symbol id="sm-7bf">
         <name>__TI_printfi</name>
         <value>0x274d</value>
         <object_component_ref idref="oc-1d7"/>
      </symbol>
      <symbol id="sm-875">
         <name>__TI_scanfi</name>
         <value>0x11a5</value>
         <object_component_ref idref="oc-211"/>
      </symbol>
      <symbol id="sm-88c">
         <name>__aeabi_dsub</name>
         <value>0x5e91</value>
         <object_component_ref idref="oc-38c"/>
      </symbol>
      <symbol id="sm-88d">
         <name>__aeabi_dadd</name>
         <value>0x5e9b</value>
         <object_component_ref idref="oc-38c"/>
      </symbol>
      <symbol id="sm-8af">
         <name>__aeabi_cdcmpeq</name>
         <value>0x6f49</value>
         <object_component_ref idref="oc-294"/>
      </symbol>
      <symbol id="sm-8b0">
         <name>__aeabi_cdcmple</name>
         <value>0x6f49</value>
         <object_component_ref idref="oc-294"/>
      </symbol>
      <symbol id="sm-8b1">
         <name>__aeabi_cdrcmple</name>
         <value>0x6fcf</value>
         <object_component_ref idref="oc-377"/>
      </symbol>
      <symbol id="sm-8c5">
         <name>__aeabi_ddiv</name>
         <value>0x6595</value>
         <object_component_ref idref="oc-372"/>
      </symbol>
      <symbol id="sm-8d0">
         <name>__aeabi_dmul</name>
         <value>0x6c69</value>
         <object_component_ref idref="oc-36d"/>
      </symbol>
      <symbol id="sm-8da">
         <name>__aeabi_d2iz</name>
         <value>0x74f9</value>
         <object_component_ref idref="oc-37c"/>
      </symbol>
      <symbol id="sm-8e6">
         <name>__aeabi_d2f</name>
         <value>0x71c1</value>
         <object_component_ref idref="oc-2f6"/>
      </symbol>
      <symbol id="sm-8f0">
         <name>__aeabi_i2d</name>
         <value>0x76a1</value>
         <object_component_ref idref="oc-387"/>
      </symbol>
      <symbol id="sm-8ff">
         <name>__aeabi_memset</name>
         <value>0x70db</value>
         <object_component_ref idref="oc-a6"/>
      </symbol>
      <symbol id="sm-900">
         <name>memset</name>
         <value>0x70e1</value>
         <object_component_ref idref="oc-a6"/>
      </symbol>
      <symbol id="sm-901">
         <name>__aeabi_memset8</name>
         <value>0x70db</value>
         <object_component_ref idref="oc-a6"/>
      </symbol>
      <symbol id="sm-902">
         <name>__aeabi_memset4</name>
         <value>0x70db</value>
         <object_component_ref idref="oc-a6"/>
      </symbol>
      <symbol id="sm-903">
         <name>__aeabi_memclr8</name>
         <value>0x70d9</value>
         <object_component_ref idref="oc-a6"/>
      </symbol>
      <symbol id="sm-904">
         <name>__aeabi_memclr4</name>
         <value>0x70d9</value>
         <object_component_ref idref="oc-a6"/>
      </symbol>
      <symbol id="sm-905">
         <name>__aeabi_memclr</name>
         <value>0x70d9</value>
         <object_component_ref idref="oc-a6"/>
      </symbol>
      <symbol id="sm-912">
         <name>__aeabi_uldivmod</name>
         <value>0x6eb3</value>
         <object_component_ref idref="oc-366"/>
      </symbol>
      <symbol id="sm-93a">
         <name>__TI_auto_init_nobinit_nopinit</name>
         <value>0x7541</value>
         <object_component_ref idref="oc-16b"/>
      </symbol>
      <symbol id="sm-944">
         <name>_system_pre_init</name>
         <value>0x7891</value>
         <object_component_ref idref="oc-ac"/>
      </symbol>
      <symbol id="sm-950">
         <name>C$$EXIT</name>
         <value>0x7895</value>
         <object_component_ref idref="oc-15f"/>
      </symbol>
      <symbol id="sm-951">
         <name>abort</name>
         <value>0x7895</value>
         <object_component_ref idref="oc-15f"/>
      </symbol>
      <symbol id="sm-961">
         <name>__TI_ltoa</name>
         <value>0x73bb</value>
         <object_component_ref idref="oc-381"/>
      </symbol>
      <symbol id="sm-978">
         <name>atoi</name>
         <value>0x7461</value>
         <object_component_ref idref="oc-288"/>
      </symbol>
      <symbol id="sm-988">
         <name>memccpy</name>
         <value>0x7741</value>
         <object_component_ref idref="oc-2b1"/>
      </symbol>
      <symbol id="sm-998">
         <name>strchr</name>
         <value>0x77d7</value>
         <object_component_ref idref="oc-30d"/>
      </symbol>
      <symbol id="sm-9a9">
         <name>strcspn</name>
         <value>0x76f9</value>
         <object_component_ref idref="oc-231"/>
      </symbol>
      <symbol id="sm-9b8">
         <name>strrchr</name>
         <value>0x77bf</value>
         <object_component_ref idref="oc-307"/>
      </symbol>
      <symbol id="sm-9ca">
         <name>strspn</name>
         <value>0x76cf</value>
         <object_component_ref idref="oc-22b"/>
      </symbol>
      <symbol id="sm-a2a">
         <name>strtold</name>
         <value>0x4a71</value>
         <object_component_ref idref="oc-2f0"/>
      </symbol>
      <symbol id="sm-a2b">
         <name>strtod</name>
         <value>0x4a71</value>
         <object_component_ref idref="oc-2f0"/>
      </symbol>
      <symbol id="sm-a4f">
         <name>strtol</name>
         <value>0x66cd</value>
         <object_component_ref idref="oc-2fb"/>
      </symbol>
      <symbol id="sm-a75">
         <name>strtoll</name>
         <value>0x5ae5</value>
         <object_component_ref idref="oc-301"/>
      </symbol>
      <symbol id="sm-a95">
         <name>strtoul</name>
         <value>0x6b59</value>
         <object_component_ref idref="oc-2ea"/>
      </symbol>
      <symbol id="sm-ab8">
         <name>strtoull</name>
         <value>0x61a9</value>
         <object_component_ref idref="oc-2e4"/>
      </symbol>
      <symbol id="sm-ace">
         <name>__aeabi_errno_addr</name>
         <value>0x7881</value>
         <object_component_ref idref="oc-2bd"/>
      </symbol>
      <symbol id="sm-acf">
         <name>errno</name>
         <value>0x20003334</value>
         <object_component_ref idref="oc-3c2"/>
      </symbol>
      <symbol id="sm-aef">
         <name>frexpl</name>
         <value>0x7301</value>
         <object_component_ref idref="oc-3ac"/>
      </symbol>
      <symbol id="sm-af0">
         <name>frexp</name>
         <value>0x7301</value>
         <object_component_ref idref="oc-3ac"/>
      </symbol>
      <symbol id="sm-b0d">
         <name>scalbn</name>
         <value>0x6a49</value>
         <object_component_ref idref="oc-3b2"/>
      </symbol>
      <symbol id="sm-b0e">
         <name>scalbnl</name>
         <value>0x6a49</value>
         <object_component_ref idref="oc-3b2"/>
      </symbol>
      <symbol id="sm-b0f">
         <name>ldexpl</name>
         <value>0x6a49</value>
         <object_component_ref idref="oc-3b2"/>
      </symbol>
      <symbol id="sm-b10">
         <name>ldexp</name>
         <value>0x6a49</value>
         <object_component_ref idref="oc-3b2"/>
      </symbol>
      <symbol id="sm-b1a">
         <name>copysign</name>
         <value>0x775d</value>
         <object_component_ref idref="oc-421"/>
      </symbol>
      <symbol id="sm-b1b">
         <name>copysignl</name>
         <value>0x775d</value>
         <object_component_ref idref="oc-421"/>
      </symbol>
      <symbol id="sm-b34">
         <name>wcslen</name>
         <value>0x7827</value>
         <object_component_ref idref="oc-2b7"/>
      </symbol>
      <symbol id="sm-b3e">
         <name>__aeabi_idiv0</name>
         <value>0x319b</value>
         <object_component_ref idref="oc-408"/>
      </symbol>
      <symbol id="sm-b3f">
         <name>__aeabi_ldiv0</name>
         <value>0x319b</value>
         <object_component_ref idref="oc-408"/>
      </symbol>
      <symbol id="sm-b48">
         <name>__aeabi_lmul</name>
         <value>0x778f</value>
         <object_component_ref idref="oc-3d5"/>
      </symbol>
      <symbol id="sm-b49">
         <name>__TI_static_base__</name>
         <value>0x0</value>
      </symbol>
      <symbol id="sm-b4c">
         <name>__mpu_init</name>
         <value>0x0</value>
      </symbol>
      <symbol id="sm-b4d">
         <name>_system_post_cinit</name>
         <value>0x0</value>
      </symbol>
   </symbol_table>
   <title>Link successful</title>
</link_info>
