******************************************************************************
                  TI ARM Linker PC v20.2.6                     
******************************************************************************
>> Linked Sun Mar 19 18:09:05 2023

OUTPUT FILE NAME:   <iot_project1.out>
ENTRY POINT SYMBOL: "_c_int00_noargs"  address: 0000763d


MEMORY CONFIGURATION

         name            origin    length      used     unused   attr    fill
----------------------  --------  ---------  --------  --------  ----  --------
  FLASH                 00000000   00040000  00007ab0  00038550  R  X
  SRAM                  20000000   00008000  0000333b  00004cc5  RW X


SEGMENT ALLOCATION MAP

run origin  load origin   length   init length attrs members
----------  ----------- ---------- ----------- ----- -------
00000000    00000000    00007ab0   00007ab0    r-x
  00000000    00000000    0000026c   0000026c    r-- .intvecs
  0000026c    0000026c    0000762c   0000762c    r-x .text
  00007898    00007898    000001e0   000001e0    r-- .const
  00007a78    00007a78    00000038   00000038    r-- .cinit
20000000    20000000    00003340   00000000    rw-
  20000000    20000000    00002313   00000000    rw- .bss
  20002318    20002318    00001000   00000000    rw- .stack
  20003318    20003318    00000028   00000000    rw- .data


SECTION ALLOCATION MAP

 output                                  attributes/
section   page    origin      length       input sections
--------  ----  ----------  ----------   ----------------
.intvecs   0    00000000    0000026c     
                  00000000    0000026c     tm4c123gh6pm_startup_ccs.obj (.intvecs)

.text      0    0000026c    0000762c     
                  0000026c    00000f38     ethernet.obj (.text)
                  000011a4    00000b14     rtsv7M4_T_le_v4SPD16_eabi.lib : _scanfi.c.obj (.text:__TI_scanfi)
                  00001cb8    00000a94     tcp.obj (.text)
                  0000274c    00000a4e     rtsv7M4_T_le_v4SPD16_eabi.lib : _printfi.c.obj (.text:__TI_printfi)
                  0000319a    00000002                                   : div0.asm.obj (.text)
                  0000319c    00000808     gpio.obj (.text)
                  000039a4    00000714     eth0.obj (.text)
                  000040b8    0000050c     mqtt.obj (.text)
                  000045c4    000004ac     ip.obj (.text)
                  00004a70    00000460     rtsv7M4_T_le_v4SPD16_eabi.lib : strtod.c.obj (.text:strtod)
                  00004ed0    00000378     udp.obj (.text)
                  00005248    00000338     timer.obj (.text)
                  00005580    000002f4     arp.obj (.text)
                  00005874    00000270     rtsv7M4_T_le_v4SPD16_eabi.lib : _printfi.c.obj (.text:_pconv_a)
                  00005ae4    000001dc                                   : strtoll.c.obj (.text:strtoll)
                  00005cc0    000001d0                                   : _printfi.c.obj (.text:_pconv_g)
                  00005e90    000001b6                                   : fd_add_t2.asm.obj (.text)
                  00006046    00000002     --HOLE-- [fill = 0]
                  00006048    00000160     spi0.obj (.text)
                  000061a8    0000015c     rtsv7M4_T_le_v4SPD16_eabi.lib : strtoull.c.obj (.text:strtoull)
                  00006304    00000154     icmp.obj (.text)
                  00006458    0000013c     rtsv7M4_T_le_v4SPD16_eabi.lib : _printfi.c.obj (.text:_pconv_e)
                  00006594    00000136                                   : fd_div_t2.asm.obj (.text)
                  000066ca    00000002     --HOLE-- [fill = 0]
                  000066cc    00000130                                   : strtol.c.obj (.text:strtol)
                  000067fc    00000128     uart0.obj (.text)
                  00006924    00000124     rtsv7M4_T_le_v4SPD16_eabi.lib : _printfi.c.obj (.text:fcvt)
                  00006a48    00000110                                   : s_scalbn.c.obj (.text:scalbn)
                  00006b58    00000110                                   : strtoul.c.obj (.text:strtoul)
                  00006c68    000000fc                                   : fd_mul_t2.asm.obj (.text)
                  00006d64    000000b1                                   : _printfi.c.obj (.text:_ltostr)
                  00006e15    00000001     --HOLE-- [fill = 0]
                  00006e16    0000009c                                   : memcpy_t2.asm.obj (.text)
                  00006eb2    00000096                                   : ull_div_t2.asm.obj (.text)
                  00006f48    00000086                                   : fd_cmp_t2.asm.obj (.text:__aeabi_cdcmple)
                  00006fce    00000086                                   : fd_cmp_t2.asm.obj (.text:__aeabi_cdrcmple)
                  00007054    00000084     eeprom.obj (.text)
                  000070d8    0000007a     rtsv7M4_T_le_v4SPD16_eabi.lib : memset_t2.asm.obj (.text)
                  00007152    0000006e                                   : _printfi.c.obj (.text:_mcpy)
                  000071c0    0000006e                                   : fd_tos_t2.asm.obj (.text)
                  0000722e    00000002     --HOLE-- [fill = 0]
                  00007230    00000068                                   : sscanf.c.obj (.text:_chkmbc)
                  00007298    00000068                                   : copy_decompress_lzss.c.obj (.text:decompress:lzss:__TI_decompress_lzss)
                  00007300    00000064                                   : s_frexp.c.obj (.text:frexp)
                  00007364    00000056                                   : _printfi.c.obj (.text:_pconv_f)
                  000073ba    00000054                                   : _ltoa.c.obj (.text:__TI_ltoa)
                  0000740e    00000052                                   : _printfi.c.obj (.text:_ecpy)
                  00007460    0000004c                                   : atoi.c.obj (.text:atoi)
                  000074ac    0000004c                                   : snprintf.c.obj (.text:snprintf)
                  000074f8    00000048                                   : fd_toi_t2.asm.obj (.text)
                  00007540    00000044                                   : autoinit.c.obj (.text:__TI_auto_init_nobinit_nopinit:__TI_auto_init_nobinit_nopinit)
                  00007584    00000040                                   : strtok.c.obj (.text:strtok)
                  000075c4    0000003e                                   : _printfi.c.obj (.text:_fcpy)
                  00007602    00000002     --HOLE-- [fill = 0]
                  00007604    00000038                                   : sscanf.c.obj (.text:sscanf)
                  0000763c    00000034                                   : boot_cortex_m.c.obj (.text:_c_int00_noargs:_c_int00_noargs)
                  00007670    00000030                                   : snprintf.c.obj (.text:_outs)
                  000076a0    0000002e                                   : i_tofd_t2.asm.obj (.text)
                  000076ce    0000002a                                   : strspn.c.obj (.text:strspn)
                  000076f8    00000024                                   : strcspn.c.obj (.text:strcspn)
                  0000771c    00000024     wait.obj (.text)
                  00007740    0000001c     rtsv7M4_T_le_v4SPD16_eabi.lib : memccpy.c.obj (.text:memccpy)
                  0000775c    0000001a                                   : s_copysign.c.obj (.text:copysign)
                  00007776    00000018                                   : snprintf.c.obj (.text:_outc)
                  0000778e    00000018                                   : ll_mul_t2.asm.obj (.text)
                  000077a6    00000018                                   : strcmp.c.obj (.text:strcmp)
                  000077be    00000018                                   : strrchr.c.obj (.text:strrchr)
                  000077d6    00000016                                   : strchr.c.obj (.text:strchr)
                  000077ec    00000014                                   : strcpy.c.obj (.text:strcpy)
                  00007800    00000014                                   : strlen.c.obj (.text:strlen)
                  00007814    00000012                                   : sscanf.c.obj (.text:_inpchar)
                  00007826    00000012                                   : wcslen.c.obj (.text:wcslen)
                  00007838    00000010     clock.obj (.text)
                  00007848    00000010     rtsv7M4_T_le_v4SPD16_eabi.lib : tolower.c.obj (.text:tolower)
                  00007858    0000000e                                   : copy_decompress_none.c.obj (.text:decompress:none:__TI_decompress_none)
                  00007866    0000000c                                   : copy_zero_init.c.obj (.text:decompress:ZI:__TI_zero_init)
                  00007872    0000000c     tm4c123gh6pm_startup_ccs.obj (.text)
                  0000787e    00000002     --HOLE-- [fill = 0]
                  00007880    00000008     rtsv7M4_T_le_v4SPD16_eabi.lib : errno.c.obj (.text:__aeabi_errno_addr)
                  00007888    00000008                                   : sscanf.c.obj (.text:_uninpchar)
                  00007890    00000004                                   : pre_init.c.obj (.text:_system_pre_init)
                  00007894    00000004                                   : exit.c.obj (.text:abort:abort)

.const     0    00007898    000001e0     
                  00007898    00000101     rtsv7M4_T_le_v4SPD16_eabi.lib : ctype.c.obj (.const:.string:_ctypes_)
                  00007999    00000007     --HOLE-- [fill = 0]
                  000079a0    000000c8                                   : strtod.c.obj (.const:$O1$$)
                  00007a68    00000010                                   : _scanfi.c.obj (.const:$O1$$)

.cinit     0    00007a78    00000038     
                  00007a78    00000011     (.cinit..data.load) [load image, compression = lzss]
                  00007a89    00000003     --HOLE-- [fill = 0]
                  00007a8c    0000000c     (__TI_handler_table)
                  00007a98    00000008     (.cinit..bss.load) [load image, compression = zero_init]
                  00007aa0    00000010     (__TI_cinit_table)

.init_array 
*          0    00000000    00000000     UNINITIALIZED

.bss       0    20000000    00002313     UNINITIALIZED
                  20000000    00001f40     (.common:filterTopics)
                  20001f40    00000190     (.common:packetIDArray)
                  200020d0    00000064     (.common:publishData)
                  20002134    00000054     (.common:strInput)
                  20002188    00000050     (.common:publishTopic)
                  200021d8    00000050     (.common:subTopicFilter)
                  20002228    00000050     (.common:unsubTopicFilter)
                  20002278    00000028     (.common:fn)
                  200022a0    00000028     (.common:period)
                  200022c8    00000028     (.common:ticks)
                  200022f0    0000000c     (.common:reload)
                  200022fc    00000004     (.common:currentAck)
                  20002300    00000004     (.common:currentSeq)
                  20002304    00000004     (.common:token)
                  20002308    00000002     (.common:FLAGS)
                  2000230a    00000001     (.common:HANDSHAKE_STATE)
                  2000230b    00000001     (.common:MQTT_STATE)
                  2000230c    00000001     (.common:TCP_STATE)
                  2000230d    00000001     (.common:ok)
                  2000230e    00000001     (.common:sendArpFlag)
                  2000230f    00000001     (.common:sendFinFlag)
                  20002310    00000001     (.common:sendPubFlag)
                  20002311    00000001     (.common:sendSubFlag)
                  20002312    00000001     (.common:sendUnsubFlag)

.data      0    20003318    00000028     UNINITIALIZED
                  20003318    00000006     eth0.obj (.data:hwAddress)
                  2000331e    00000004     ip.obj (.data:ipAddress)
                  20003322    00000004     ip.obj (.data:ipDnsAddress)
                  20003326    00000004     ip.obj (.data:ipGwAddress)
                  2000332a    00000004     ip.obj (.data:ipSubnetMask)
                  2000332e    00000004     ip.obj (.data:ipTimeServerAddress)
                  20003332    00000002     mqtt.obj (.data)
                  20003334    00000004     rtsv7M4_T_le_v4SPD16_eabi.lib : errno.c.obj (.data)
                  20003338    00000004                                   : strtok.c.obj (.data)
                  2000333c    00000003     eth0.obj (.data)
                  2000333f    00000001     ethernet.obj (.data)

.stack     0    20002318    00001000     UNINITIALIZED
                  20002318    00000004     rtsv7M4_T_le_v4SPD16_eabi.lib : boot_cortex_m.c.obj (.stack)
                  2000231c    00000ffc     --HOLE--

__llvm_prf_cnts 
*          0    20000000    00000000     UNINITIALIZED

MODULE SUMMARY

       Module                         code    ro data   rw data
       ------                         ----    -------   -------
    .\
       ethernet.obj                   3896    0         8837   
       tcp.obj                        2708    0         11     
       gpio.obj                       2056    0         0      
       eth0.obj                       1812    0         9      
       mqtt.obj                       1292    0         2      
       ip.obj                         1196    0         20     
       timer.obj                      824     0         132    
       udp.obj                        888     0         0      
       arp.obj                        756     0         0      
       tm4c123gh6pm_startup_ccs.obj   12      620       0      
       spi0.obj                       352     0         0      
       icmp.obj                       340     0         0      
       uart0.obj                      296     0         0      
       eeprom.obj                     132     0         0      
       wait.obj                       36      0         0      
       clock.obj                      16      0         0      
    +--+------------------------------+-------+---------+---------+
       Total:                         16612   620       9011   
                                                               
    C:\ti\ccs1200\ccs\tools\compiler\ti-cgt-arm_20.2.6.LTS\lib\rtsv7M4_T_le_v4SPD16_eabi.lib
       _printfi.c.obj                 4851    0         0      
       _scanfi.c.obj                  2836    16        0      
       strtod.c.obj                   1120    200       0      
       strtoll.c.obj                  476     0         0      
       fd_add_t2.asm.obj              438     0         0      
       strtoull.c.obj                 348     0         0      
       fd_div_t2.asm.obj              310     0         0      
       strtol.c.obj                   304     0         0      
       s_scalbn.c.obj                 272     0         0      
       strtoul.c.obj                  272     0         0      
       fd_cmp_t2.asm.obj              268     0         0      
       ctype.c.obj                    0       257       0      
       fd_mul_t2.asm.obj              252     0         0      
       sscanf.c.obj                   186     0         0      
       memcpy_t2.asm.obj              156     0         0      
       ull_div_t2.asm.obj             150     0         0      
       snprintf.c.obj                 148     0         0      
       memset_t2.asm.obj              122     0         0      
       fd_tos_t2.asm.obj              110     0         0      
       copy_decompress_lzss.c.obj     104     0         0      
       s_frexp.c.obj                  100     0         0      
       _ltoa.c.obj                    84      0         0      
       atoi.c.obj                     76      0         0      
       fd_toi_t2.asm.obj              72      0         0      
       autoinit.c.obj                 68      0         0      
       strtok.c.obj                   64      0         4      
       boot_cortex_m.c.obj            52      0         0      
       i_tofd_t2.asm.obj              46      0         0      
       strspn.c.obj                   42      0         0      
       strcspn.c.obj                  36      0         0      
       memccpy.c.obj                  28      0         0      
       s_copysign.c.obj               26      0         0      
       ll_mul_t2.asm.obj              24      0         0      
       strcmp.c.obj                   24      0         0      
       strrchr.c.obj                  24      0         0      
       strchr.c.obj                   22      0         0      
       strcpy.c.obj                   20      0         0      
       strlen.c.obj                   20      0         0      
       wcslen.c.obj                   18      0         0      
       tolower.c.obj                  16      0         0      
       copy_decompress_none.c.obj     14      0         0      
       copy_zero_init.c.obj           12      0         0      
       errno.c.obj                    8       0         4      
       exit.c.obj                     4       0         0      
       pre_init.c.obj                 4       0         0      
       div0.asm.obj                   2       0         0      
    +--+------------------------------+-------+---------+---------+
       Total:                         13629   473       8      
                                                               
       Stack:                         0       0         4096   
       Linker Generated:              0       53        0      
    +--+------------------------------+-------+---------+---------+
       Grand Total:                   30241   1146      13115  


LINKER GENERATED COPY TABLES

__TI_cinit_table @ 00007aa0 records: 2, size/record: 8, table size: 16
	.data: load addr=00007a78, load size=00000011 bytes, run addr=20003318, run size=00000028 bytes, compression=lzss
	.bss: load addr=00007a98, load size=00000008 bytes, run addr=20000000, run size=00002313 bytes, compression=zero_init


LINKER GENERATED HANDLER TABLE

__TI_handler_table @ 00007a8c records: 3, size/record: 4, table size: 12
	index: 0, handler: __TI_decompress_lzss
	index: 1, handler: __TI_decompress_none
	index: 2, handler: __TI_zero_init


GLOBAL SYMBOLS: SORTED ALPHABETICALLY BY Name 

address   name                          
-------   ----                          
00007895  C$$EXIT                       
20002308  FLAGS                         
2000230a  HANDSHAKE_STATE               
20003332  INDEX                         
2000230b  MQTT_STATE                    
00007873  ResetISR                      
2000230c  TCP_STATE                     
20003318  __STACK_END                   
00001000  __STACK_SIZE                  
20002518  __STACK_TOP                   
00007aa0  __TI_CINIT_Base               
00007ab0  __TI_CINIT_Limit              
00007a8c  __TI_Handler_Table_Base       
00007a98  __TI_Handler_Table_Limit      
00007541  __TI_auto_init_nobinit_nopinit
00007299  __TI_decompress_lzss          
00007859  __TI_decompress_none          
000073bb  __TI_ltoa                     
ffffffff  __TI_pprof_out_hndl           
0000274d  __TI_printfi                  
ffffffff  __TI_prof_data_size           
ffffffff  __TI_prof_data_start          
000011a5  __TI_scanfi                   
00000000  __TI_static_base__            
00007867  __TI_zero_init                
00006f49  __aeabi_cdcmpeq               
00006f49  __aeabi_cdcmple               
00006fcf  __aeabi_cdrcmple              
000071c1  __aeabi_d2f                   
000074f9  __aeabi_d2iz                  
00005e9b  __aeabi_dadd                  
00006595  __aeabi_ddiv                  
00006c69  __aeabi_dmul                  
00005e91  __aeabi_dsub                  
00007881  __aeabi_errno_addr            
000076a1  __aeabi_i2d                   
0000319b  __aeabi_idiv0                 
0000319b  __aeabi_ldiv0                 
0000778f  __aeabi_lmul                  
000070d9  __aeabi_memclr                
000070d9  __aeabi_memclr4               
000070d9  __aeabi_memclr8               
00006e17  __aeabi_memcpy                
00006e17  __aeabi_memcpy4               
00006e17  __aeabi_memcpy8               
000070db  __aeabi_memset                
000070db  __aeabi_memset4               
000070db  __aeabi_memset8               
00006eb3  __aeabi_uldivmod              
ffffffff  __binit__                     
ffffffff  __c_args__                    
UNDEFED   __mpu_init                    
20002318  __stack                       
20000000  __start___llvm_prf_cnts       
20000000  __stop___llvm_prf_cnts        
0000763d  _c_int00_noargs               
00007898  _ctypes_                      
UNDEFED   _system_post_cinit            
00007891  _system_pre_init              
00007895  abort                         
000005ed  asciiToUint8                  
00007461  atoi                          
ffffffff  binit                         
00004a2b  calcIpChecksum                
00003a63  clearEtherReg                 
000037f1  clearPinInterrupt             
0000775d  copysign                      
0000775d  copysignl                     
2000333f  count                         
200022fc  currentAck                    
20002300  currentSeq                    
0000256d  decodePub                     
000039bb  disableEtherCs                
000037cd  disablePinInterrupt           
00003505  disablePinPulldown            
000034bd  disablePinPullup              
00003259  disablePort                   
000002a9  displayConnectionInfo         
000039a5  enableEtherCs                 
000037a9  enablePinInterrupt            
000034e1  enablePinPulldown             
0000348f  enablePinPullup               
0000319d  enablePort                    
000040b9  encodeRemainingLength         
20003334  errno                         
00000bc1  fillSocket                    
20000000  filterTopics                  
20002278  fn                            
00007301  frexp                         
00007301  frexpl                        
00000000  g_pfnVectors                  
00003fbf  getEtherId                    
00004059  getEtherMacAddress            
00003d99  getEtherPacket                
000046f5  getIpAddress                  
000049f9  getIpChecksum                 
00004851  getIpDnsAddress               
000047dd  getIpGatewayAddress           
0000493d  getIpMqttBrokerAddress        
00004769  getIpSubnetMask               
000048c5  getIpTimeServerAddress        
0000452f  getPacketIdIndex              
0000385f  getPinValue                   
00003915  getPortValue                  
00001db7  getSeqACK                     
00001d8b  getTcpData                    
00004f79  getUdpData                    
00004fa5  getUdpMessageSocket           
000068d3  getcUart0                     
00003f93  htonl                         
00003f6f  htons                         
20003318  hwAddress                     
00003fcb  incEtherId                    
00007055  initEeprom                    
00003baf  initEther                     
0000026d  initHw                        
00006049  initSpi0                      
00007839  initSystemClockTo40Mhz        
00005249  initTimer                     
000067fd  initUart0                     
2000331e  ipAddress                     
20003322  ipDnsAddress                  
20003326  ipGwAddress                   
2000332a  ipSubnetMask                  
2000332e  ipTimeServerAddress           
00005581  isArpRequest                  
00005625  isArpResponse                 
00003d4f  isEtherDataAvailable          
00004695  isEtherIpValid                
00003d35  isEtherLinkUp                 
00003d69  isEtherOverflow               
000045c5  isIp                          
00004635  isIpUnicast                   
00006305  isPingRequest                 
00001cb9  isTcp                         
00004ed1  isUdp                         
000068e7  kbhitUart0                    
00006a49  ldexp                         
00006a49  ldexpl                        
00000d2d  main                          
00007741  memccpy                       
00006e17  memcpy                        
000070e1  memset                        
2000333c  nextPacketLsb                 
2000333d  nextPacketMsb                 
2000230d  ok                            
20001f40  packetIDArray                 
200022a0  period                        
0000069f  processShell                  
200020d0  publishData                   
20002188  publishTopic                  
00003e89  putEtherPacket                
0000688b  putcUart0                     
000068a7  putsUart0                     
00005543  random32                      
00000539  readConfiguration             
0000709d  readEeprom                    
00003b97  readEtherMem                  
00003aeb  readEtherPhy                  
000039fd  readEtherReg                  
00006181  readSpi0Data                  
200022f0  reload                        
0000545b  restartTimer                  
000022cd  saveSeqAck                    
00006a49  scalbn                        
00006a49  scalbnl                       
000033c3  selectPinAnalogInput          
00003375  selectPinDigitalInput         
000036df  selectPinInterruptBothEdges   
0000368f  selectPinInterruptFallingEdge 
00003735  selectPinInterruptHighLevel   
0000376f  selectPinInterruptLowLevel    
0000363f  selectPinInterruptRisingEdge  
00003327  selectPinOpenDrainOutput      
000032d9  selectPinPushPullOutput       
2000230e  sendArpFlag                   
00005757  sendArpRequest                
00005679  sendArpResponse               
00004127  sendConnect                   
00004585  sendDisconnect                
2000230f  sendFinFlag                   
00002385  sendMqttConnect               
000024f9  sendMqttDisconnect            
000022ed  sendMqttPub                   
000023ed  sendMqttSub                   
0000246f  sendMqttUnsub                 
00006349  sendPingResponse              
20002310  sendPubFlag                   
00004235  sendPublish                   
0000430d  sendSub                       
20002311  sendSubFlag                   
00001dfb  sendTcpMessage                
0000504f  sendUdpMessage                
20002312  sendUnsubFlag                 
0000441f  sendUnsubFunc                 
2000333e  sequenceId                    
00003a97  setEtherBank                  
00003fd5  setEtherMacAddress            
00003a2f  setEtherReg                   
000046bb  setIpAddress                  
00004817  setIpDnsAddress               
000047a3  setIpGatewayAddress           
000048ff  setIpMqttBrokerAddress        
0000472f  setIpSubnetMask               
0000488b  setIpTimeServerAddress        
0000352d  setPinAuxFunction             
00003413  setPinCommitControl           
00003815  setPinValue                   
0000389d  setPortValue                  
000060e5  setSpi0BaudRate               
0000611b  setSpi0Mode                   
00006847  setUart0BaudRate              
000074ad  snprintf                      
00007605  sscanf                        
00003b85  startEtherMemRead             
00003b57  startEtherMemWrite            
000052e9  startOneshotTimer             
0000536f  startPeriodicTimer            
0000203d  stateMachine                  
00003ba7  stopEtherMemRead              
00003b7d  stopEtherMemWrite             
000053f5  stopTimer                     
20002134  strInput                      
000077d7  strchr                        
000077a7  strcmp                        
000077ed  strcpy                        
000076f9  strcspn                       
00007801  strlen                        
000077bf  strrchr                       
000076cf  strspn                        
00004a71  strtod                        
00007585  strtok                        
000066cd  strtol                        
00004a71  strtold                       
00005ae5  strtoll                       
00006b59  strtoul                       
000061a9  strtoull                      
200021d8  subTopicFilter                
00004985  sumIpWords                    
000054c9  tickIsr                       
200022c8  ticks                         
0000383b  togglePinValue                
20002304  token                         
00007849  tolower                       
20002228  unsubTopicFilter              
0000771d  waitMicrosecond               
00007827  wcslen                        
0000706b  writeEeprom                   
00003b69  writeEtherMem                 
00003ab3  writeEtherPhy                 
000039c9  writeEtherReg                 
00006169  writeSpi0Data                 


GLOBAL SYMBOLS: SORTED BY Symbol Address 

address   name                          
-------   ----                          
00000000  __TI_static_base__            
00000000  g_pfnVectors                  
0000026d  initHw                        
000002a9  displayConnectionInfo         
00000539  readConfiguration             
000005ed  asciiToUint8                  
0000069f  processShell                  
00000bc1  fillSocket                    
00000d2d  main                          
00001000  __STACK_SIZE                  
000011a5  __TI_scanfi                   
00001cb9  isTcp                         
00001d8b  getTcpData                    
00001db7  getSeqACK                     
00001dfb  sendTcpMessage                
0000203d  stateMachine                  
000022cd  saveSeqAck                    
000022ed  sendMqttPub                   
00002385  sendMqttConnect               
000023ed  sendMqttSub                   
0000246f  sendMqttUnsub                 
000024f9  sendMqttDisconnect            
0000256d  decodePub                     
0000274d  __TI_printfi                  
0000319b  __aeabi_idiv0                 
0000319b  __aeabi_ldiv0                 
0000319d  enablePort                    
00003259  disablePort                   
000032d9  selectPinPushPullOutput       
00003327  selectPinOpenDrainOutput      
00003375  selectPinDigitalInput         
000033c3  selectPinAnalogInput          
00003413  setPinCommitControl           
0000348f  enablePinPullup               
000034bd  disablePinPullup              
000034e1  enablePinPulldown             
00003505  disablePinPulldown            
0000352d  setPinAuxFunction             
0000363f  selectPinInterruptRisingEdge  
0000368f  selectPinInterruptFallingEdge 
000036df  selectPinInterruptBothEdges   
00003735  selectPinInterruptHighLevel   
0000376f  selectPinInterruptLowLevel    
000037a9  enablePinInterrupt            
000037cd  disablePinInterrupt           
000037f1  clearPinInterrupt             
00003815  setPinValue                   
0000383b  togglePinValue                
0000385f  getPinValue                   
0000389d  setPortValue                  
00003915  getPortValue                  
000039a5  enableEtherCs                 
000039bb  disableEtherCs                
000039c9  writeEtherReg                 
000039fd  readEtherReg                  
00003a2f  setEtherReg                   
00003a63  clearEtherReg                 
00003a97  setEtherBank                  
00003ab3  writeEtherPhy                 
00003aeb  readEtherPhy                  
00003b57  startEtherMemWrite            
00003b69  writeEtherMem                 
00003b7d  stopEtherMemWrite             
00003b85  startEtherMemRead             
00003b97  readEtherMem                  
00003ba7  stopEtherMemRead              
00003baf  initEther                     
00003d35  isEtherLinkUp                 
00003d4f  isEtherDataAvailable          
00003d69  isEtherOverflow               
00003d99  getEtherPacket                
00003e89  putEtherPacket                
00003f6f  htons                         
00003f93  htonl                         
00003fbf  getEtherId                    
00003fcb  incEtherId                    
00003fd5  setEtherMacAddress            
00004059  getEtherMacAddress            
000040b9  encodeRemainingLength         
00004127  sendConnect                   
00004235  sendPublish                   
0000430d  sendSub                       
0000441f  sendUnsubFunc                 
0000452f  getPacketIdIndex              
00004585  sendDisconnect                
000045c5  isIp                          
00004635  isIpUnicast                   
00004695  isEtherIpValid                
000046bb  setIpAddress                  
000046f5  getIpAddress                  
0000472f  setIpSubnetMask               
00004769  getIpSubnetMask               
000047a3  setIpGatewayAddress           
000047dd  getIpGatewayAddress           
00004817  setIpDnsAddress               
00004851  getIpDnsAddress               
0000488b  setIpTimeServerAddress        
000048c5  getIpTimeServerAddress        
000048ff  setIpMqttBrokerAddress        
0000493d  getIpMqttBrokerAddress        
00004985  sumIpWords                    
000049f9  getIpChecksum                 
00004a2b  calcIpChecksum                
00004a71  strtod                        
00004a71  strtold                       
00004ed1  isUdp                         
00004f79  getUdpData                    
00004fa5  getUdpMessageSocket           
0000504f  sendUdpMessage                
00005249  initTimer                     
000052e9  startOneshotTimer             
0000536f  startPeriodicTimer            
000053f5  stopTimer                     
0000545b  restartTimer                  
000054c9  tickIsr                       
00005543  random32                      
00005581  isArpRequest                  
00005625  isArpResponse                 
00005679  sendArpResponse               
00005757  sendArpRequest                
00005ae5  strtoll                       
00005e91  __aeabi_dsub                  
00005e9b  __aeabi_dadd                  
00006049  initSpi0                      
000060e5  setSpi0BaudRate               
0000611b  setSpi0Mode                   
00006169  writeSpi0Data                 
00006181  readSpi0Data                  
000061a9  strtoull                      
00006305  isPingRequest                 
00006349  sendPingResponse              
00006595  __aeabi_ddiv                  
000066cd  strtol                        
000067fd  initUart0                     
00006847  setUart0BaudRate              
0000688b  putcUart0                     
000068a7  putsUart0                     
000068d3  getcUart0                     
000068e7  kbhitUart0                    
00006a49  ldexp                         
00006a49  ldexpl                        
00006a49  scalbn                        
00006a49  scalbnl                       
00006b59  strtoul                       
00006c69  __aeabi_dmul                  
00006e17  __aeabi_memcpy                
00006e17  __aeabi_memcpy4               
00006e17  __aeabi_memcpy8               
00006e17  memcpy                        
00006eb3  __aeabi_uldivmod              
00006f49  __aeabi_cdcmpeq               
00006f49  __aeabi_cdcmple               
00006fcf  __aeabi_cdrcmple              
00007055  initEeprom                    
0000706b  writeEeprom                   
0000709d  readEeprom                    
000070d9  __aeabi_memclr                
000070d9  __aeabi_memclr4               
000070d9  __aeabi_memclr8               
000070db  __aeabi_memset                
000070db  __aeabi_memset4               
000070db  __aeabi_memset8               
000070e1  memset                        
000071c1  __aeabi_d2f                   
00007299  __TI_decompress_lzss          
00007301  frexp                         
00007301  frexpl                        
000073bb  __TI_ltoa                     
00007461  atoi                          
000074ad  snprintf                      
000074f9  __aeabi_d2iz                  
00007541  __TI_auto_init_nobinit_nopinit
00007585  strtok                        
00007605  sscanf                        
0000763d  _c_int00_noargs               
000076a1  __aeabi_i2d                   
000076cf  strspn                        
000076f9  strcspn                       
0000771d  waitMicrosecond               
00007741  memccpy                       
0000775d  copysign                      
0000775d  copysignl                     
0000778f  __aeabi_lmul                  
000077a7  strcmp                        
000077bf  strrchr                       
000077d7  strchr                        
000077ed  strcpy                        
00007801  strlen                        
00007827  wcslen                        
00007839  initSystemClockTo40Mhz        
00007849  tolower                       
00007859  __TI_decompress_none          
00007867  __TI_zero_init                
00007873  ResetISR                      
00007881  __aeabi_errno_addr            
00007891  _system_pre_init              
00007895  C$$EXIT                       
00007895  abort                         
00007898  _ctypes_                      
00007a8c  __TI_Handler_Table_Base       
00007a98  __TI_Handler_Table_Limit      
00007aa0  __TI_CINIT_Base               
00007ab0  __TI_CINIT_Limit              
20000000  __start___llvm_prf_cnts       
20000000  __stop___llvm_prf_cnts        
20000000  filterTopics                  
20001f40  packetIDArray                 
200020d0  publishData                   
20002134  strInput                      
20002188  publishTopic                  
200021d8  subTopicFilter                
20002228  unsubTopicFilter              
20002278  fn                            
200022a0  period                        
200022c8  ticks                         
200022f0  reload                        
200022fc  currentAck                    
20002300  currentSeq                    
20002304  token                         
20002308  FLAGS                         
2000230a  HANDSHAKE_STATE               
2000230b  MQTT_STATE                    
2000230c  TCP_STATE                     
2000230d  ok                            
2000230e  sendArpFlag                   
2000230f  sendFinFlag                   
20002310  sendPubFlag                   
20002311  sendSubFlag                   
20002312  sendUnsubFlag                 
20002318  __stack                       
20002518  __STACK_TOP                   
20003318  __STACK_END                   
20003318  hwAddress                     
2000331e  ipAddress                     
20003322  ipDnsAddress                  
20003326  ipGwAddress                   
2000332a  ipSubnetMask                  
2000332e  ipTimeServerAddress           
20003332  INDEX                         
20003334  errno                         
2000333c  nextPacketLsb                 
2000333d  nextPacketMsb                 
2000333e  sequenceId                    
2000333f  count                         
ffffffff  __TI_pprof_out_hndl           
ffffffff  __TI_prof_data_size           
ffffffff  __TI_prof_data_start          
ffffffff  __binit__                     
ffffffff  __c_args__                    
ffffffff  binit                         
UNDEFED   __mpu_init                    
UNDEFED   _system_post_cinit            

[252 symbols]
