******************************************************************************
                  TI ARM Linker PC v20.2.6                     
******************************************************************************
>> Linked Mon Mar 20 20:04:15 2023

OUTPUT FILE NAME:   <iot_project1.out>
ENTRY POINT SYMBOL: "_c_int00_noargs"  address: 000078c9


MEMORY CONFIGURATION

         name            origin    length      used     unused   attr    fill
----------------------  --------  ---------  --------  --------  ----  --------
  FLASH                 00000000   00040000  00007d3c  000382c4  R  X
  SRAM                  20000000   00008000  0000392f  000046d1  RW X


SEGMENT ALLOCATION MAP

run origin  load origin   length   init length attrs members
----------  ----------- ---------- ----------- ----- -------
00000000    00000000    00007d40   00007d40    r-x
  00000000    00000000    0000026c   0000026c    r-- .intvecs
  0000026c    0000026c    000078b8   000078b8    r-x .text
  00007b28    00007b28    000001e0   000001e0    r-- .const
  00007d08    00007d08    00000038   00000038    r-- .cinit
20000000    20000000    00003930   00000000    rw-
  20000000    20000000    00002907   00000000    rw- .bss
  20002908    20002908    00001000   00000000    rw- .stack
  20003908    20003908    00000028   00000000    rw- .data


SECTION ALLOCATION MAP

 output                                  attributes/
section   page    origin      length       input sections
--------  ----  ----------  ----------   ----------------
.intvecs   0    00000000    0000026c     
                  00000000    0000026c     tm4c123gh6pm_startup_ccs.obj (.intvecs)

.text      0    0000026c    000078b8     
                  0000026c    00000fd4     ethernet.obj (.text)
                  00001240    00000c84     tcp.obj (.text)
                  00001ec4    00000b14     rtsv7M4_T_le_v4SPD16_eabi.lib : _scanfi.c.obj (.text:__TI_scanfi)
                  000029d8    00000a4e                                   : _printfi.c.obj (.text:__TI_printfi)
                  00003426    00000002                                   : div0.asm.obj (.text)
                  00003428    00000808     gpio.obj (.text)
                  00003c30    00000714     eth0.obj (.text)
                  00004344    0000050c     mqtt.obj (.text)
                  00004850    000004ac     ip.obj (.text)
                  00004cfc    00000460     rtsv7M4_T_le_v4SPD16_eabi.lib : strtod.c.obj (.text:strtod)
                  0000515c    00000378     udp.obj (.text)
                  000054d4    00000338     timer.obj (.text)
                  0000580c    000002f4     arp.obj (.text)
                  00005b00    00000270     rtsv7M4_T_le_v4SPD16_eabi.lib : _printfi.c.obj (.text:_pconv_a)
                  00005d70    000001dc                                   : strtoll.c.obj (.text:strtoll)
                  00005f4c    000001d0                                   : _printfi.c.obj (.text:_pconv_g)
                  0000611c    000001b6                                   : fd_add_t2.asm.obj (.text)
                  000062d2    00000002     --HOLE-- [fill = 0]
                  000062d4    00000160     spi0.obj (.text)
                  00006434    0000015c     rtsv7M4_T_le_v4SPD16_eabi.lib : strtoull.c.obj (.text:strtoull)
                  00006590    00000154     icmp.obj (.text)
                  000066e4    0000013c     rtsv7M4_T_le_v4SPD16_eabi.lib : _printfi.c.obj (.text:_pconv_e)
                  00006820    00000136                                   : fd_div_t2.asm.obj (.text)
                  00006956    00000002     --HOLE-- [fill = 0]
                  00006958    00000130                                   : strtol.c.obj (.text:strtol)
                  00006a88    00000128     uart0.obj (.text)
                  00006bb0    00000124     rtsv7M4_T_le_v4SPD16_eabi.lib : _printfi.c.obj (.text:fcvt)
                  00006cd4    00000110                                   : s_scalbn.c.obj (.text:scalbn)
                  00006de4    00000110                                   : strtoul.c.obj (.text:strtoul)
                  00006ef4    000000fc                                   : fd_mul_t2.asm.obj (.text)
                  00006ff0    000000b1                                   : _printfi.c.obj (.text:_ltostr)
                  000070a1    00000001     --HOLE-- [fill = 0]
                  000070a2    0000009c                                   : memcpy_t2.asm.obj (.text)
                  0000713e    00000096                                   : ull_div_t2.asm.obj (.text)
                  000071d4    00000086                                   : fd_cmp_t2.asm.obj (.text:__aeabi_cdcmple)
                  0000725a    00000086                                   : fd_cmp_t2.asm.obj (.text:__aeabi_cdrcmple)
                  000072e0    00000084     eeprom.obj (.text)
                  00007364    0000007a     rtsv7M4_T_le_v4SPD16_eabi.lib : memset_t2.asm.obj (.text)
                  000073de    0000006e                                   : _printfi.c.obj (.text:_mcpy)
                  0000744c    0000006e                                   : fd_tos_t2.asm.obj (.text)
                  000074ba    00000002     --HOLE-- [fill = 0]
                  000074bc    00000068                                   : sscanf.c.obj (.text:_chkmbc)
                  00007524    00000068                                   : copy_decompress_lzss.c.obj (.text:decompress:lzss:__TI_decompress_lzss)
                  0000758c    00000064                                   : s_frexp.c.obj (.text:frexp)
                  000075f0    00000056                                   : _printfi.c.obj (.text:_pconv_f)
                  00007646    00000054                                   : _ltoa.c.obj (.text:__TI_ltoa)
                  0000769a    00000052                                   : _printfi.c.obj (.text:_ecpy)
                  000076ec    0000004c                                   : atoi.c.obj (.text:atoi)
                  00007738    0000004c                                   : snprintf.c.obj (.text:snprintf)
                  00007784    00000048                                   : fd_toi_t2.asm.obj (.text)
                  000077cc    00000044                                   : autoinit.c.obj (.text:__TI_auto_init_nobinit_nopinit:__TI_auto_init_nobinit_nopinit)
                  00007810    00000040                                   : strtok.c.obj (.text:strtok)
                  00007850    0000003e                                   : _printfi.c.obj (.text:_fcpy)
                  0000788e    00000002     --HOLE-- [fill = 0]
                  00007890    00000038                                   : sscanf.c.obj (.text:sscanf)
                  000078c8    00000034                                   : boot_cortex_m.c.obj (.text:_c_int00_noargs:_c_int00_noargs)
                  000078fc    00000030                                   : snprintf.c.obj (.text:_outs)
                  0000792c    0000002e                                   : i_tofd_t2.asm.obj (.text)
                  0000795a    0000002a                                   : strspn.c.obj (.text:strspn)
                  00007984    00000024                                   : strcspn.c.obj (.text:strcspn)
                  000079a8    00000024     wait.obj (.text)
                  000079cc    0000001c     rtsv7M4_T_le_v4SPD16_eabi.lib : memccpy.c.obj (.text:memccpy)
                  000079e8    0000001a                                   : s_copysign.c.obj (.text:copysign)
                  00007a02    00000018                                   : snprintf.c.obj (.text:_outc)
                  00007a1a    00000018                                   : ll_mul_t2.asm.obj (.text)
                  00007a32    00000018                                   : strcmp.c.obj (.text:strcmp)
                  00007a4a    00000018                                   : strrchr.c.obj (.text:strrchr)
                  00007a62    00000016                                   : strchr.c.obj (.text:strchr)
                  00007a78    00000014                                   : strcpy.c.obj (.text:strcpy)
                  00007a8c    00000014                                   : strlen.c.obj (.text:strlen)
                  00007aa0    00000012                                   : sscanf.c.obj (.text:_inpchar)
                  00007ab2    00000012                                   : wcslen.c.obj (.text:wcslen)
                  00007ac4    00000010     clock.obj (.text)
                  00007ad4    00000010     rtsv7M4_T_le_v4SPD16_eabi.lib : tolower.c.obj (.text:tolower)
                  00007ae4    0000000e                                   : copy_decompress_none.c.obj (.text:decompress:none:__TI_decompress_none)
                  00007af2    0000000c                                   : copy_zero_init.c.obj (.text:decompress:ZI:__TI_zero_init)
                  00007afe    0000000c     tm4c123gh6pm_startup_ccs.obj (.text)
                  00007b0a    00000002     --HOLE-- [fill = 0]
                  00007b0c    00000008     rtsv7M4_T_le_v4SPD16_eabi.lib : errno.c.obj (.text:__aeabi_errno_addr)
                  00007b14    00000008                                   : sscanf.c.obj (.text:_uninpchar)
                  00007b1c    00000004                                   : pre_init.c.obj (.text:_system_pre_init)
                  00007b20    00000004                                   : exit.c.obj (.text:abort:abort)

.const     0    00007b28    000001e0     
                  00007b28    00000101     rtsv7M4_T_le_v4SPD16_eabi.lib : ctype.c.obj (.const:.string:_ctypes_)
                  00007c29    00000007     --HOLE-- [fill = 0]
                  00007c30    000000c8                                   : strtod.c.obj (.const:$O1$$)
                  00007cf8    00000010                                   : _scanfi.c.obj (.const:$O1$$)

.cinit     0    00007d08    00000038     
                  00007d08    00000011     (.cinit..data.load) [load image, compression = lzss]
                  00007d19    00000003     --HOLE-- [fill = 0]
                  00007d1c    0000000c     (__TI_handler_table)
                  00007d28    00000008     (.cinit..bss.load) [load image, compression = zero_init]
                  00007d30    00000010     (__TI_cinit_table)

.init_array 
*          0    00000000    00000000     UNINITIALIZED

.bss       0    20000000    00002907     UNINITIALIZED
                  20000000    00001f40     (.common:filterTopics)
                  20001f40    000005f4     (.common:sendMQTTData)
                  20002534    00000190     (.common:packetIDArray)
                  200026c4    00000064     (.common:publishData)
                  20002728    00000054     (.common:strInput)
                  2000277c    00000050     (.common:publishTopic)
                  200027cc    00000050     (.common:subTopicFilter)
                  2000281c    00000050     (.common:unsubTopicFilter)
                  2000286c    00000028     (.common:fn)
                  20002894    00000028     (.common:period)
                  200028bc    00000028     (.common:ticks)
                  200028e4    0000000c     (.common:reload)
                  200028f0    00000004     (.common:currentAck)
                  200028f4    00000004     (.common:currentSeq)
                  200028f8    00000004     (.common:token)
                  200028fc    00000002     (.common:FLAGS)
                  200028fe    00000001     (.common:HANDSHAKE_STATE)
                  200028ff    00000001     (.common:MQTT_STATE)
                  20002900    00000001     (.common:TCP_STATE)
                  20002901    00000001     (.common:ok)
                  20002902    00000001     (.common:sendArpFlag)
                  20002903    00000001     (.common:sendFinFlag)
                  20002904    00000001     (.common:sendPubFlag)
                  20002905    00000001     (.common:sendSubFlag)
                  20002906    00000001     (.common:sendUnsubFlag)

.data      0    20003908    00000028     UNINITIALIZED
                  20003908    00000006     eth0.obj (.data:hwAddress)
                  2000390e    00000004     ip.obj (.data:ipAddress)
                  20003912    00000004     ip.obj (.data:ipDnsAddress)
                  20003916    00000004     ip.obj (.data:ipGwAddress)
                  2000391a    00000004     ip.obj (.data:ipSubnetMask)
                  2000391e    00000004     ip.obj (.data:ipTimeServerAddress)
                  20003922    00000002     mqtt.obj (.data)
                  20003924    00000004     rtsv7M4_T_le_v4SPD16_eabi.lib : errno.c.obj (.data)
                  20003928    00000004                                   : strtok.c.obj (.data)
                  2000392c    00000003     eth0.obj (.data)
                  2000392f    00000001     ethernet.obj (.data)

.stack     0    20002908    00001000     UNINITIALIZED
                  20002908    00000004     rtsv7M4_T_le_v4SPD16_eabi.lib : boot_cortex_m.c.obj (.stack)
                  2000290c    00000ffc     --HOLE--

__llvm_prf_cnts 
*          0    20000000    00000000     UNINITIALIZED

MODULE SUMMARY

       Module                         code    ro data   rw data
       ------                         ----    -------   -------
    .\
       ethernet.obj                   4052    0         8837   
       tcp.obj                        3204    0         1535   
       gpio.obj                       2056    0         0      
       eth0.obj                       1812    0         9      
       mqtt.obj                       1292    0         2      
       ip.obj                         1196    0         20     
       timer.obj                      824     0         132    
       udp.obj                        888     0         0      
       arp.obj                        756     0         0      
       tm4c123gh6pm_startup_ccs.obj   12      620       0      
       spi0.obj                       352     0         0      
       icmp.obj                       340     0         0      
       uart0.obj                      296     0         0      
       eeprom.obj                     132     0         0      
       wait.obj                       36      0         0      
       clock.obj                      16      0         0      
    +--+------------------------------+-------+---------+---------+
       Total:                         17264   620       10535  
                                                               
    C:\ti\ccs1200\ccs\tools\compiler\ti-cgt-arm_20.2.6.LTS\lib\rtsv7M4_T_le_v4SPD16_eabi.lib
       _printfi.c.obj                 4851    0         0      
       _scanfi.c.obj                  2836    16        0      
       strtod.c.obj                   1120    200       0      
       strtoll.c.obj                  476     0         0      
       fd_add_t2.asm.obj              438     0         0      
       strtoull.c.obj                 348     0         0      
       fd_div_t2.asm.obj              310     0         0      
       strtol.c.obj                   304     0         0      
       s_scalbn.c.obj                 272     0         0      
       strtoul.c.obj                  272     0         0      
       fd_cmp_t2.asm.obj              268     0         0      
       ctype.c.obj                    0       257       0      
       fd_mul_t2.asm.obj              252     0         0      
       sscanf.c.obj                   186     0         0      
       memcpy_t2.asm.obj              156     0         0      
       ull_div_t2.asm.obj             150     0         0      
       snprintf.c.obj                 148     0         0      
       memset_t2.asm.obj              122     0         0      
       fd_tos_t2.asm.obj              110     0         0      
       copy_decompress_lzss.c.obj     104     0         0      
       s_frexp.c.obj                  100     0         0      
       _ltoa.c.obj                    84      0         0      
       atoi.c.obj                     76      0         0      
       fd_toi_t2.asm.obj              72      0         0      
       autoinit.c.obj                 68      0         0      
       strtok.c.obj                   64      0         4      
       boot_cortex_m.c.obj            52      0         0      
       i_tofd_t2.asm.obj              46      0         0      
       strspn.c.obj                   42      0         0      
       strcspn.c.obj                  36      0         0      
       memccpy.c.obj                  28      0         0      
       s_copysign.c.obj               26      0         0      
       ll_mul_t2.asm.obj              24      0         0      
       strcmp.c.obj                   24      0         0      
       strrchr.c.obj                  24      0         0      
       strchr.c.obj                   22      0         0      
       strcpy.c.obj                   20      0         0      
       strlen.c.obj                   20      0         0      
       wcslen.c.obj                   18      0         0      
       tolower.c.obj                  16      0         0      
       copy_decompress_none.c.obj     14      0         0      
       copy_zero_init.c.obj           12      0         0      
       errno.c.obj                    8       0         4      
       exit.c.obj                     4       0         0      
       pre_init.c.obj                 4       0         0      
       div0.asm.obj                   2       0         0      
    +--+------------------------------+-------+---------+---------+
       Total:                         13629   473       8      
                                                               
       Stack:                         0       0         4096   
       Linker Generated:              0       53        0      
    +--+------------------------------+-------+---------+---------+
       Grand Total:                   30893   1146      14639  


LINKER GENERATED COPY TABLES

__TI_cinit_table @ 00007d30 records: 2, size/record: 8, table size: 16
	.data: load addr=00007d08, load size=00000011 bytes, run addr=20003908, run size=00000028 bytes, compression=lzss
	.bss: load addr=00007d28, load size=00000008 bytes, run addr=20000000, run size=00002907 bytes, compression=zero_init


LINKER GENERATED HANDLER TABLE

__TI_handler_table @ 00007d1c records: 3, size/record: 4, table size: 12
	index: 0, handler: __TI_decompress_lzss
	index: 1, handler: __TI_decompress_none
	index: 2, handler: __TI_zero_init


GLOBAL SYMBOLS: SORTED ALPHABETICALLY BY Name 

address   name                          
-------   ----                          
00007b21  C$$EXIT                       
200028fc  FLAGS                         
200028fe  HANDSHAKE_STATE               
20003922  INDEX                         
200028ff  MQTT_STATE                    
00007aff  ResetISR                      
20002900  TCP_STATE                     
20003908  __STACK_END                   
00001000  __STACK_SIZE                  
20002b08  __STACK_TOP                   
00007d30  __TI_CINIT_Base               
00007d40  __TI_CINIT_Limit              
00007d1c  __TI_Handler_Table_Base       
00007d28  __TI_Handler_Table_Limit      
000077cd  __TI_auto_init_nobinit_nopinit
00007525  __TI_decompress_lzss          
00007ae5  __TI_decompress_none          
00007647  __TI_ltoa                     
ffffffff  __TI_pprof_out_hndl           
000029d9  __TI_printfi                  
ffffffff  __TI_prof_data_size           
ffffffff  __TI_prof_data_start          
00001ec5  __TI_scanfi                   
00000000  __TI_static_base__            
00007af3  __TI_zero_init                
000071d5  __aeabi_cdcmpeq               
000071d5  __aeabi_cdcmple               
0000725b  __aeabi_cdrcmple              
0000744d  __aeabi_d2f                   
00007785  __aeabi_d2iz                  
00006127  __aeabi_dadd                  
00006821  __aeabi_ddiv                  
00006ef5  __aeabi_dmul                  
0000611d  __aeabi_dsub                  
00007b0d  __aeabi_errno_addr            
0000792d  __aeabi_i2d                   
00003427  __aeabi_idiv0                 
00003427  __aeabi_ldiv0                 
00007a1b  __aeabi_lmul                  
00007365  __aeabi_memclr                
00007365  __aeabi_memclr4               
00007365  __aeabi_memclr8               
000070a3  __aeabi_memcpy                
000070a3  __aeabi_memcpy4               
000070a3  __aeabi_memcpy8               
00007367  __aeabi_memset                
00007367  __aeabi_memset4               
00007367  __aeabi_memset8               
0000713f  __aeabi_uldivmod              
ffffffff  __binit__                     
ffffffff  __c_args__                    
UNDEFED   __mpu_init                    
20002908  __stack                       
20000000  __start___llvm_prf_cnts       
20000000  __stop___llvm_prf_cnts        
000078c9  _c_int00_noargs               
00007b28  _ctypes_                      
UNDEFED   _system_post_cinit            
00007b1d  _system_pre_init              
00007b21  abort                         
000005ed  asciiToUint8                  
000076ed  atoi                          
ffffffff  binit                         
00004cb7  calcIpChecksum                
00003cef  clearEtherReg                 
00003a7d  clearPinInterrupt             
000079e9  copysign                      
000079e9  copysignl                     
2000392f  count                         
200028f0  currentAck                    
200028f4  currentSeq                    
00001af9  decodePub                     
00003c47  disableEtherCs                
00003a59  disablePinInterrupt           
00003791  disablePinPulldown            
00003749  disablePinPullup              
000034e5  disablePort                   
000002a9  displayConnectionInfo         
00003c31  enableEtherCs                 
00003a35  enablePinInterrupt            
0000376d  enablePinPulldown             
0000371b  enablePinPullup               
00003429  enablePort                    
00004345  encodeRemainingLength         
20003924  errno                         
00000bf5  fillSocket                    
20000000  filterTopics                  
2000286c  fn                            
0000758d  frexp                         
0000758d  frexpl                        
00000000  g_pfnVectors                  
0000424b  getEtherId                    
000042e5  getEtherMacAddress            
00004025  getEtherPacket                
00004981  getIpAddress                  
00004c85  getIpChecksum                 
00004add  getIpDnsAddress               
00004a69  getIpGatewayAddress           
00004bc9  getIpMqttBrokerAddress        
000049f5  getIpSubnetMask               
00004b51  getIpTimeServerAddress        
000047bb  getPacketIdIndex              
00003aeb  getPinValue                   
00003ba1  getPortValue                  
0000133f  getSeqACK                     
00001313  getTcpData                    
00001c81  getTcpMqttStatus              
00005205  getUdpData                    
00005231  getUdpMessageSocket           
00006b5f  getcUart0                     
0000421f  htonl                         
000041fb  htons                         
20003908  hwAddress                     
00004257  incEtherId                    
000072e1  initEeprom                    
00003e3b  initEther                     
0000026d  initHw                        
000062d5  initSpi0                      
00007ac5  initSystemClockTo40Mhz        
000054d5  initTimer                     
00006a89  initUart0                     
2000390e  ipAddress                     
20003912  ipDnsAddress                  
20003916  ipGwAddress                   
2000391a  ipSubnetMask                  
2000391e  ipTimeServerAddress           
0000580d  isArpRequest                  
000058b1  isArpResponse                 
00003fdb  isEtherDataAvailable          
00004921  isEtherIpValid                
00003fc1  isEtherLinkUp                 
00003ff5  isEtherOverflow               
00004851  isIp                          
000048c1  isIpUnicast                   
00006591  isPingRequest                 
00001241  isTcp                         
0000515d  isUdp                         
00006b73  kbhitUart0                    
00006cd5  ldexp                         
00006cd5  ldexpl                        
00000da1  main                          
000079cd  memccpy                       
000070a3  memcpy                        
0000736d  memset                        
2000392c  nextPacketLsb                 
2000392d  nextPacketMsb                 
20002901  ok                            
20002534  packetIDArray                 
20002894  period                        
0000069f  processShell                  
200026c4  publishData                   
2000277c  publishTopic                  
00004115  putEtherPacket                
00006b17  putcUart0                     
00006b33  putsUart0                     
000057cf  random32                      
00000539  readConfiguration             
00007329  readEeprom                    
00003e23  readEtherMem                  
00003d77  readEtherPhy                  
00003c89  readEtherReg                  
0000640d  readSpi0Data                  
200028e4  reload                        
000056e7  restartTimer                  
00001849  saveSeqAck                    
00006cd5  scalbn                        
00006cd5  scalbnl                       
0000364f  selectPinAnalogInput          
00003601  selectPinDigitalInput         
0000396b  selectPinInterruptBothEdges   
0000391b  selectPinInterruptFallingEdge 
000039c1  selectPinInterruptHighLevel   
000039fb  selectPinInterruptLowLevel    
000038cb  selectPinInterruptRisingEdge  
000035b3  selectPinOpenDrainOutput      
00003565  selectPinPushPullOutput       
20002902  sendArpFlag                   
000059e3  sendArpRequest                
00005905  sendArpResponse               
000043b3  sendConnect                   
00004811  sendDisconnect                
20002903  sendFinFlag                   
20001f40  sendMQTTData                  
000018dd  sendMqttConnect               
00001a6d  sendMqttDisconnect            
00001869  sendMqttPub                   
00001951  sendMqttSub                   
000019df  sendMqttUnsub                 
000065d5  sendPingResponse              
20002904  sendPubFlag                   
000044c1  sendPublish                   
00004599  sendSub                       
20002905  sendSubFlag                   
00001383  sendTcpMessage                
000052db  sendUdpMessage                
20002906  sendUnsubFlag                 
000046ab  sendUnsubFunc                 
2000392e  sequenceId                    
00003d23  setEtherBank                  
00004261  setEtherMacAddress            
00003cbb  setEtherReg                   
00004947  setIpAddress                  
00004aa3  setIpDnsAddress               
00004a2f  setIpGatewayAddress           
00004b8b  setIpMqttBrokerAddress        
000049bb  setIpSubnetMask               
00004b17  setIpTimeServerAddress        
000037b9  setPinAuxFunction             
0000369f  setPinCommitControl           
00003aa1  setPinValue                   
00003b29  setPortValue                  
00006371  setSpi0BaudRate               
000063a7  setSpi0Mode                   
00006ad3  setUart0BaudRate              
00007739  snprintf                      
00007891  sscanf                        
00003e11  startEtherMemRead             
00003de3  startEtherMemWrite            
00005575  startOneshotTimer             
000055fb  startPeriodicTimer            
000015c5  stateMachine                  
00003e33  stopEtherMemRead              
00003e09  stopEtherMemWrite             
00005681  stopTimer                     
20002728  strInput                      
00007a63  strchr                        
00007a33  strcmp                        
00007a79  strcpy                        
00007985  strcspn                       
00007a8d  strlen                        
00007a4b  strrchr                       
0000795b  strspn                        
00004cfd  strtod                        
00007811  strtok                        
00006959  strtol                        
00004cfd  strtold                       
00005d71  strtoll                       
00006de5  strtoul                       
00006435  strtoull                      
200027cc  subTopicFilter                
00004c11  sumIpWords                    
00005755  tickIsr                       
200028bc  ticks                         
00003ac7  togglePinValue                
200028f8  token                         
00007ad5  tolower                       
2000281c  unsubTopicFilter              
000079a9  waitMicrosecond               
00007ab3  wcslen                        
000072f7  writeEeprom                   
00003df5  writeEtherMem                 
00003d3f  writeEtherPhy                 
00003c55  writeEtherReg                 
000063f5  writeSpi0Data                 


GLOBAL SYMBOLS: SORTED BY Symbol Address 

address   name                          
-------   ----                          
00000000  __TI_static_base__            
00000000  g_pfnVectors                  
0000026d  initHw                        
000002a9  displayConnectionInfo         
00000539  readConfiguration             
000005ed  asciiToUint8                  
0000069f  processShell                  
00000bf5  fillSocket                    
00000da1  main                          
00001000  __STACK_SIZE                  
00001241  isTcp                         
00001313  getTcpData                    
0000133f  getSeqACK                     
00001383  sendTcpMessage                
000015c5  stateMachine                  
00001849  saveSeqAck                    
00001869  sendMqttPub                   
000018dd  sendMqttConnect               
00001951  sendMqttSub                   
000019df  sendMqttUnsub                 
00001a6d  sendMqttDisconnect            
00001af9  decodePub                     
00001c81  getTcpMqttStatus              
00001ec5  __TI_scanfi                   
000029d9  __TI_printfi                  
00003427  __aeabi_idiv0                 
00003427  __aeabi_ldiv0                 
00003429  enablePort                    
000034e5  disablePort                   
00003565  selectPinPushPullOutput       
000035b3  selectPinOpenDrainOutput      
00003601  selectPinDigitalInput         
0000364f  selectPinAnalogInput          
0000369f  setPinCommitControl           
0000371b  enablePinPullup               
00003749  disablePinPullup              
0000376d  enablePinPulldown             
00003791  disablePinPulldown            
000037b9  setPinAuxFunction             
000038cb  selectPinInterruptRisingEdge  
0000391b  selectPinInterruptFallingEdge 
0000396b  selectPinInterruptBothEdges   
000039c1  selectPinInterruptHighLevel   
000039fb  selectPinInterruptLowLevel    
00003a35  enablePinInterrupt            
00003a59  disablePinInterrupt           
00003a7d  clearPinInterrupt             
00003aa1  setPinValue                   
00003ac7  togglePinValue                
00003aeb  getPinValue                   
00003b29  setPortValue                  
00003ba1  getPortValue                  
00003c31  enableEtherCs                 
00003c47  disableEtherCs                
00003c55  writeEtherReg                 
00003c89  readEtherReg                  
00003cbb  setEtherReg                   
00003cef  clearEtherReg                 
00003d23  setEtherBank                  
00003d3f  writeEtherPhy                 
00003d77  readEtherPhy                  
00003de3  startEtherMemWrite            
00003df5  writeEtherMem                 
00003e09  stopEtherMemWrite             
00003e11  startEtherMemRead             
00003e23  readEtherMem                  
00003e33  stopEtherMemRead              
00003e3b  initEther                     
00003fc1  isEtherLinkUp                 
00003fdb  isEtherDataAvailable          
00003ff5  isEtherOverflow               
00004025  getEtherPacket                
00004115  putEtherPacket                
000041fb  htons                         
0000421f  htonl                         
0000424b  getEtherId                    
00004257  incEtherId                    
00004261  setEtherMacAddress            
000042e5  getEtherMacAddress            
00004345  encodeRemainingLength         
000043b3  sendConnect                   
000044c1  sendPublish                   
00004599  sendSub                       
000046ab  sendUnsubFunc                 
000047bb  getPacketIdIndex              
00004811  sendDisconnect                
00004851  isIp                          
000048c1  isIpUnicast                   
00004921  isEtherIpValid                
00004947  setIpAddress                  
00004981  getIpAddress                  
000049bb  setIpSubnetMask               
000049f5  getIpSubnetMask               
00004a2f  setIpGatewayAddress           
00004a69  getIpGatewayAddress           
00004aa3  setIpDnsAddress               
00004add  getIpDnsAddress               
00004b17  setIpTimeServerAddress        
00004b51  getIpTimeServerAddress        
00004b8b  setIpMqttBrokerAddress        
00004bc9  getIpMqttBrokerAddress        
00004c11  sumIpWords                    
00004c85  getIpChecksum                 
00004cb7  calcIpChecksum                
00004cfd  strtod                        
00004cfd  strtold                       
0000515d  isUdp                         
00005205  getUdpData                    
00005231  getUdpMessageSocket           
000052db  sendUdpMessage                
000054d5  initTimer                     
00005575  startOneshotTimer             
000055fb  startPeriodicTimer            
00005681  stopTimer                     
000056e7  restartTimer                  
00005755  tickIsr                       
000057cf  random32                      
0000580d  isArpRequest                  
000058b1  isArpResponse                 
00005905  sendArpResponse               
000059e3  sendArpRequest                
00005d71  strtoll                       
0000611d  __aeabi_dsub                  
00006127  __aeabi_dadd                  
000062d5  initSpi0                      
00006371  setSpi0BaudRate               
000063a7  setSpi0Mode                   
000063f5  writeSpi0Data                 
0000640d  readSpi0Data                  
00006435  strtoull                      
00006591  isPingRequest                 
000065d5  sendPingResponse              
00006821  __aeabi_ddiv                  
00006959  strtol                        
00006a89  initUart0                     
00006ad3  setUart0BaudRate              
00006b17  putcUart0                     
00006b33  putsUart0                     
00006b5f  getcUart0                     
00006b73  kbhitUart0                    
00006cd5  ldexp                         
00006cd5  ldexpl                        
00006cd5  scalbn                        
00006cd5  scalbnl                       
00006de5  strtoul                       
00006ef5  __aeabi_dmul                  
000070a3  __aeabi_memcpy                
000070a3  __aeabi_memcpy4               
000070a3  __aeabi_memcpy8               
000070a3  memcpy                        
0000713f  __aeabi_uldivmod              
000071d5  __aeabi_cdcmpeq               
000071d5  __aeabi_cdcmple               
0000725b  __aeabi_cdrcmple              
000072e1  initEeprom                    
000072f7  writeEeprom                   
00007329  readEeprom                    
00007365  __aeabi_memclr                
00007365  __aeabi_memclr4               
00007365  __aeabi_memclr8               
00007367  __aeabi_memset                
00007367  __aeabi_memset4               
00007367  __aeabi_memset8               
0000736d  memset                        
0000744d  __aeabi_d2f                   
00007525  __TI_decompress_lzss          
0000758d  frexp                         
0000758d  frexpl                        
00007647  __TI_ltoa                     
000076ed  atoi                          
00007739  snprintf                      
00007785  __aeabi_d2iz                  
000077cd  __TI_auto_init_nobinit_nopinit
00007811  strtok                        
00007891  sscanf                        
000078c9  _c_int00_noargs               
0000792d  __aeabi_i2d                   
0000795b  strspn                        
00007985  strcspn                       
000079a9  waitMicrosecond               
000079cd  memccpy                       
000079e9  copysign                      
000079e9  copysignl                     
00007a1b  __aeabi_lmul                  
00007a33  strcmp                        
00007a4b  strrchr                       
00007a63  strchr                        
00007a79  strcpy                        
00007a8d  strlen                        
00007ab3  wcslen                        
00007ac5  initSystemClockTo40Mhz        
00007ad5  tolower                       
00007ae5  __TI_decompress_none          
00007af3  __TI_zero_init                
00007aff  ResetISR                      
00007b0d  __aeabi_errno_addr            
00007b1d  _system_pre_init              
00007b21  C$$EXIT                       
00007b21  abort                         
00007b28  _ctypes_                      
00007d1c  __TI_Handler_Table_Base       
00007d28  __TI_Handler_Table_Limit      
00007d30  __TI_CINIT_Base               
00007d40  __TI_CINIT_Limit              
20000000  __start___llvm_prf_cnts       
20000000  __stop___llvm_prf_cnts        
20000000  filterTopics                  
20001f40  sendMQTTData                  
20002534  packetIDArray                 
200026c4  publishData                   
20002728  strInput                      
2000277c  publishTopic                  
200027cc  subTopicFilter                
2000281c  unsubTopicFilter              
2000286c  fn                            
20002894  period                        
200028bc  ticks                         
200028e4  reload                        
200028f0  currentAck                    
200028f4  currentSeq                    
200028f8  token                         
200028fc  FLAGS                         
200028fe  HANDSHAKE_STATE               
200028ff  MQTT_STATE                    
20002900  TCP_STATE                     
20002901  ok                            
20002902  sendArpFlag                   
20002903  sendFinFlag                   
20002904  sendPubFlag                   
20002905  sendSubFlag                   
20002906  sendUnsubFlag                 
20002908  __stack                       
20002b08  __STACK_TOP                   
20003908  __STACK_END                   
20003908  hwAddress                     
2000390e  ipAddress                     
20003912  ipDnsAddress                  
20003916  ipGwAddress                   
2000391a  ipSubnetMask                  
2000391e  ipTimeServerAddress           
20003922  INDEX                         
20003924  errno                         
2000392c  nextPacketLsb                 
2000392d  nextPacketMsb                 
2000392e  sequenceId                    
2000392f  count                         
ffffffff  __TI_pprof_out_hndl           
ffffffff  __TI_prof_data_size           
ffffffff  __TI_prof_data_start          
ffffffff  __binit__                     
ffffffff  __c_args__                    
ffffffff  binit                         
UNDEFED   __mpu_init                    
UNDEFED   _system_post_cinit            

[254 symbols]
