******************************************************************************
                  TI ARM Linker PC v20.2.6                     
******************************************************************************
>> Linked Sun Mar 19 13:32:58 2023

OUTPUT FILE NAME:   <iot_project1.out>
ENTRY POINT SYMBOL: "_c_int00_noargs"  address: 0000758d


MEMORY CONFIGURATION

         name            origin    length      used     unused   attr    fill
----------------------  --------  ---------  --------  --------  ----  --------
  FLASH                 00000000   00040000  00007a00  00038600  R  X
  SRAM                  20000000   00008000  0000333b  00004cc5  RW X


SEGMENT ALLOCATION MAP

run origin  load origin   length   init length attrs members
----------  ----------- ---------- ----------- ----- -------
00000000    00000000    00007a00   00007a00    r-x
  00000000    00000000    0000026c   0000026c    r-- .intvecs
  0000026c    0000026c    0000757c   0000757c    r-x .text
  000077e8    000077e8    000001e0   000001e0    r-- .const
  000079c8    000079c8    00000038   00000038    r-- .cinit
20000000    20000000    00003340   00000000    rw-
  20000000    20000000    00002313   00000000    rw- .bss
  20002318    20002318    00001000   00000000    rw- .stack
  20003318    20003318    00000028   00000000    rw- .data


SECTION ALLOCATION MAP

 output                                  attributes/
section   page    origin      length       input sections
--------  ----  ----------  ----------   ----------------
.intvecs   0    00000000    0000026c     
                  00000000    0000026c     tm4c123gh6pm_startup_ccs.obj (.intvecs)

.text      0    0000026c    0000757c     
                  0000026c    00000f48     ethernet.obj (.text)
                  000011b4    00000b14     rtsv7M4_T_le_v4SPD16_eabi.lib : _scanfi.c.obj (.text:__TI_scanfi)
                  00001cc8    00000a4e                                   : _printfi.c.obj (.text:__TI_printfi)
                  00002716    00000002                                   : div0.asm.obj (.text)
                  00002718    000009ac     tcp.obj (.text)
                  000030c4    00000808     gpio.obj (.text)
                  000038cc    00000714     eth0.obj (.text)
                  00003fe0    00000534     mqtt.obj (.text)
                  00004514    000004ac     ip.obj (.text)
                  000049c0    00000460     rtsv7M4_T_le_v4SPD16_eabi.lib : strtod.c.obj (.text:strtod)
                  00004e20    00000378     udp.obj (.text)
                  00005198    00000338     timer.obj (.text)
                  000054d0    000002f4     arp.obj (.text)
                  000057c4    00000270     rtsv7M4_T_le_v4SPD16_eabi.lib : _printfi.c.obj (.text:_pconv_a)
                  00005a34    000001dc                                   : strtoll.c.obj (.text:strtoll)
                  00005c10    000001d0                                   : _printfi.c.obj (.text:_pconv_g)
                  00005de0    000001b6                                   : fd_add_t2.asm.obj (.text)
                  00005f96    00000002     --HOLE-- [fill = 0]
                  00005f98    00000160     spi0.obj (.text)
                  000060f8    0000015c     rtsv7M4_T_le_v4SPD16_eabi.lib : strtoull.c.obj (.text:strtoull)
                  00006254    00000154     icmp.obj (.text)
                  000063a8    0000013c     rtsv7M4_T_le_v4SPD16_eabi.lib : _printfi.c.obj (.text:_pconv_e)
                  000064e4    00000136                                   : fd_div_t2.asm.obj (.text)
                  0000661a    00000002     --HOLE-- [fill = 0]
                  0000661c    00000130                                   : strtol.c.obj (.text:strtol)
                  0000674c    00000128     uart0.obj (.text)
                  00006874    00000124     rtsv7M4_T_le_v4SPD16_eabi.lib : _printfi.c.obj (.text:fcvt)
                  00006998    00000110                                   : s_scalbn.c.obj (.text:scalbn)
                  00006aa8    00000110                                   : strtoul.c.obj (.text:strtoul)
                  00006bb8    000000fc                                   : fd_mul_t2.asm.obj (.text)
                  00006cb4    000000b1                                   : _printfi.c.obj (.text:_ltostr)
                  00006d65    00000001     --HOLE-- [fill = 0]
                  00006d66    0000009c                                   : memcpy_t2.asm.obj (.text)
                  00006e02    00000096                                   : ull_div_t2.asm.obj (.text)
                  00006e98    00000086                                   : fd_cmp_t2.asm.obj (.text:__aeabi_cdcmple)
                  00006f1e    00000086                                   : fd_cmp_t2.asm.obj (.text:__aeabi_cdrcmple)
                  00006fa4    00000084     eeprom.obj (.text)
                  00007028    0000007a     rtsv7M4_T_le_v4SPD16_eabi.lib : memset_t2.asm.obj (.text)
                  000070a2    0000006e                                   : _printfi.c.obj (.text:_mcpy)
                  00007110    0000006e                                   : fd_tos_t2.asm.obj (.text)
                  0000717e    00000002     --HOLE-- [fill = 0]
                  00007180    00000068                                   : sscanf.c.obj (.text:_chkmbc)
                  000071e8    00000068                                   : copy_decompress_lzss.c.obj (.text:decompress:lzss:__TI_decompress_lzss)
                  00007250    00000064                                   : s_frexp.c.obj (.text:frexp)
                  000072b4    00000056                                   : _printfi.c.obj (.text:_pconv_f)
                  0000730a    00000054                                   : _ltoa.c.obj (.text:__TI_ltoa)
                  0000735e    00000052                                   : _printfi.c.obj (.text:_ecpy)
                  000073b0    0000004c                                   : atoi.c.obj (.text:atoi)
                  000073fc    0000004c                                   : snprintf.c.obj (.text:snprintf)
                  00007448    00000048                                   : fd_toi_t2.asm.obj (.text)
                  00007490    00000044                                   : autoinit.c.obj (.text:__TI_auto_init_nobinit_nopinit:__TI_auto_init_nobinit_nopinit)
                  000074d4    00000040                                   : strtok.c.obj (.text:strtok)
                  00007514    0000003e                                   : _printfi.c.obj (.text:_fcpy)
                  00007552    00000002     --HOLE-- [fill = 0]
                  00007554    00000038                                   : sscanf.c.obj (.text:sscanf)
                  0000758c    00000034                                   : boot_cortex_m.c.obj (.text:_c_int00_noargs:_c_int00_noargs)
                  000075c0    00000030                                   : snprintf.c.obj (.text:_outs)
                  000075f0    0000002e                                   : i_tofd_t2.asm.obj (.text)
                  0000761e    0000002a                                   : strspn.c.obj (.text:strspn)
                  00007648    00000024                                   : strcspn.c.obj (.text:strcspn)
                  0000766c    00000024     wait.obj (.text)
                  00007690    0000001c     rtsv7M4_T_le_v4SPD16_eabi.lib : memccpy.c.obj (.text:memccpy)
                  000076ac    0000001a                                   : s_copysign.c.obj (.text:copysign)
                  000076c6    00000018                                   : snprintf.c.obj (.text:_outc)
                  000076de    00000018                                   : ll_mul_t2.asm.obj (.text)
                  000076f6    00000018                                   : strcmp.c.obj (.text:strcmp)
                  0000770e    00000018                                   : strrchr.c.obj (.text:strrchr)
                  00007726    00000016                                   : strchr.c.obj (.text:strchr)
                  0000773c    00000014                                   : strcpy.c.obj (.text:strcpy)
                  00007750    00000014                                   : strlen.c.obj (.text:strlen)
                  00007764    00000012                                   : sscanf.c.obj (.text:_inpchar)
                  00007776    00000012                                   : wcslen.c.obj (.text:wcslen)
                  00007788    00000010     clock.obj (.text)
                  00007798    00000010     rtsv7M4_T_le_v4SPD16_eabi.lib : tolower.c.obj (.text:tolower)
                  000077a8    0000000e                                   : copy_decompress_none.c.obj (.text:decompress:none:__TI_decompress_none)
                  000077b6    0000000c                                   : copy_zero_init.c.obj (.text:decompress:ZI:__TI_zero_init)
                  000077c2    0000000c     tm4c123gh6pm_startup_ccs.obj (.text)
                  000077ce    00000002     --HOLE-- [fill = 0]
                  000077d0    00000008     rtsv7M4_T_le_v4SPD16_eabi.lib : errno.c.obj (.text:__aeabi_errno_addr)
                  000077d8    00000008                                   : sscanf.c.obj (.text:_uninpchar)
                  000077e0    00000004                                   : pre_init.c.obj (.text:_system_pre_init)
                  000077e4    00000004                                   : exit.c.obj (.text:abort:abort)

.const     0    000077e8    000001e0     
                  000077e8    00000101     rtsv7M4_T_le_v4SPD16_eabi.lib : ctype.c.obj (.const:.string:_ctypes_)
                  000078e9    00000007     --HOLE-- [fill = 0]
                  000078f0    000000c8                                   : strtod.c.obj (.const:$O1$$)
                  000079b8    00000010                                   : _scanfi.c.obj (.const:$O1$$)

.cinit     0    000079c8    00000038     
                  000079c8    00000011     (.cinit..data.load) [load image, compression = lzss]
                  000079d9    00000003     --HOLE-- [fill = 0]
                  000079dc    0000000c     (__TI_handler_table)
                  000079e8    00000008     (.cinit..bss.load) [load image, compression = zero_init]
                  000079f0    00000010     (__TI_cinit_table)

.init_array 
*          0    00000000    00000000     UNINITIALIZED

.bss       0    20000000    00002313     UNINITIALIZED
                  20000000    00001f40     (.common:filterTopics)
                  20001f40    00000190     (.common:packetIDArray)
                  200020d0    00000064     (.common:publishData)
                  20002134    00000054     (.common:strInput)
                  20002188    00000050     (.common:publishTopic)
                  200021d8    00000050     (.common:subTopicFilter)
                  20002228    00000050     (.common:unsubTopicFilter)
                  20002278    00000028     (.common:fn)
                  200022a0    00000028     (.common:period)
                  200022c8    00000028     (.common:ticks)
                  200022f0    0000000c     (.common:reload)
                  200022fc    00000004     (.common:currentAck)
                  20002300    00000004     (.common:currentSeq)
                  20002304    00000004     (.common:token)
                  20002308    00000002     (.common:FLAGS)
                  2000230a    00000001     (.common:HANDSHAKE_STATE)
                  2000230b    00000001     (.common:MQTT_STATE)
                  2000230c    00000001     (.common:TCP_STATE)
                  2000230d    00000001     (.common:isPUB)
                  2000230e    00000001     (.common:sendArpFlag)
                  2000230f    00000001     (.common:sendFinFlag)
                  20002310    00000001     (.common:sendPubFlag)
                  20002311    00000001     (.common:sendSubFlag)
                  20002312    00000001     (.common:sendUnsubFlag)

.data      0    20003318    00000028     UNINITIALIZED
                  20003318    00000006     eth0.obj (.data:hwAddress)
                  2000331e    00000004     ip.obj (.data:ipAddress)
                  20003322    00000004     ip.obj (.data:ipDnsAddress)
                  20003326    00000004     ip.obj (.data:ipGwAddress)
                  2000332a    00000004     ip.obj (.data:ipSubnetMask)
                  2000332e    00000004     ip.obj (.data:ipTimeServerAddress)
                  20003332    00000002     mqtt.obj (.data)
                  20003334    00000004     rtsv7M4_T_le_v4SPD16_eabi.lib : errno.c.obj (.data)
                  20003338    00000004                                   : strtok.c.obj (.data)
                  2000333c    00000003     eth0.obj (.data)
                  2000333f    00000001     ethernet.obj (.data)

.stack     0    20002318    00001000     UNINITIALIZED
                  20002318    00000004     rtsv7M4_T_le_v4SPD16_eabi.lib : boot_cortex_m.c.obj (.stack)
                  2000231c    00000ffc     --HOLE--

__llvm_prf_cnts 
*          0    20000000    00000000     UNINITIALIZED

MODULE SUMMARY

       Module                         code    ro data   rw data
       ------                         ----    -------   -------
    .\
       ethernet.obj                   3912    0         8838   
       tcp.obj                        2476    0         10     
       gpio.obj                       2056    0         0      
       eth0.obj                       1812    0         9      
       mqtt.obj                       1332    0         2      
       ip.obj                         1196    0         20     
       timer.obj                      824     0         132    
       udp.obj                        888     0         0      
       arp.obj                        756     0         0      
       tm4c123gh6pm_startup_ccs.obj   12      620       0      
       spi0.obj                       352     0         0      
       icmp.obj                       340     0         0      
       uart0.obj                      296     0         0      
       eeprom.obj                     132     0         0      
       wait.obj                       36      0         0      
       clock.obj                      16      0         0      
    +--+------------------------------+-------+---------+---------+
       Total:                         16436   620       9011   
                                                               
    C:\ti\ccs1200\ccs\tools\compiler\ti-cgt-arm_20.2.6.LTS\lib\rtsv7M4_T_le_v4SPD16_eabi.lib
       _printfi.c.obj                 4851    0         0      
       _scanfi.c.obj                  2836    16        0      
       strtod.c.obj                   1120    200       0      
       strtoll.c.obj                  476     0         0      
       fd_add_t2.asm.obj              438     0         0      
       strtoull.c.obj                 348     0         0      
       fd_div_t2.asm.obj              310     0         0      
       strtol.c.obj                   304     0         0      
       s_scalbn.c.obj                 272     0         0      
       strtoul.c.obj                  272     0         0      
       fd_cmp_t2.asm.obj              268     0         0      
       ctype.c.obj                    0       257       0      
       fd_mul_t2.asm.obj              252     0         0      
       sscanf.c.obj                   186     0         0      
       memcpy_t2.asm.obj              156     0         0      
       ull_div_t2.asm.obj             150     0         0      
       snprintf.c.obj                 148     0         0      
       memset_t2.asm.obj              122     0         0      
       fd_tos_t2.asm.obj              110     0         0      
       copy_decompress_lzss.c.obj     104     0         0      
       s_frexp.c.obj                  100     0         0      
       _ltoa.c.obj                    84      0         0      
       atoi.c.obj                     76      0         0      
       fd_toi_t2.asm.obj              72      0         0      
       autoinit.c.obj                 68      0         0      
       strtok.c.obj                   64      0         4      
       boot_cortex_m.c.obj            52      0         0      
       i_tofd_t2.asm.obj              46      0         0      
       strspn.c.obj                   42      0         0      
       strcspn.c.obj                  36      0         0      
       memccpy.c.obj                  28      0         0      
       s_copysign.c.obj               26      0         0      
       ll_mul_t2.asm.obj              24      0         0      
       strcmp.c.obj                   24      0         0      
       strrchr.c.obj                  24      0         0      
       strchr.c.obj                   22      0         0      
       strcpy.c.obj                   20      0         0      
       strlen.c.obj                   20      0         0      
       wcslen.c.obj                   18      0         0      
       tolower.c.obj                  16      0         0      
       copy_decompress_none.c.obj     14      0         0      
       copy_zero_init.c.obj           12      0         0      
       errno.c.obj                    8       0         4      
       exit.c.obj                     4       0         0      
       pre_init.c.obj                 4       0         0      
       div0.asm.obj                   2       0         0      
    +--+------------------------------+-------+---------+---------+
       Total:                         13629   473       8      
                                                               
       Stack:                         0       0         4096   
       Linker Generated:              0       53        0      
    +--+------------------------------+-------+---------+---------+
       Grand Total:                   30065   1146      13115  


LINKER GENERATED COPY TABLES

__TI_cinit_table @ 000079f0 records: 2, size/record: 8, table size: 16
	.data: load addr=000079c8, load size=00000011 bytes, run addr=20003318, run size=00000028 bytes, compression=lzss
	.bss: load addr=000079e8, load size=00000008 bytes, run addr=20000000, run size=00002313 bytes, compression=zero_init


LINKER GENERATED HANDLER TABLE

__TI_handler_table @ 000079dc records: 3, size/record: 4, table size: 12
	index: 0, handler: __TI_decompress_lzss
	index: 1, handler: __TI_decompress_none
	index: 2, handler: __TI_zero_init


GLOBAL SYMBOLS: SORTED ALPHABETICALLY BY Name 

address   name                          
-------   ----                          
000077e5  C$$EXIT                       
20002308  FLAGS                         
2000230a  HANDSHAKE_STATE               
20003332  INDEX                         
2000230b  MQTT_STATE                    
000077c3  ResetISR                      
2000230c  TCP_STATE                     
20003318  __STACK_END                   
00001000  __STACK_SIZE                  
20002518  __STACK_TOP                   
000079f0  __TI_CINIT_Base               
00007a00  __TI_CINIT_Limit              
000079dc  __TI_Handler_Table_Base       
000079e8  __TI_Handler_Table_Limit      
00007491  __TI_auto_init_nobinit_nopinit
000071e9  __TI_decompress_lzss          
000077a9  __TI_decompress_none          
0000730b  __TI_ltoa                     
ffffffff  __TI_pprof_out_hndl           
00001cc9  __TI_printfi                  
ffffffff  __TI_prof_data_size           
ffffffff  __TI_prof_data_start          
000011b5  __TI_scanfi                   
00000000  __TI_static_base__            
000077b7  __TI_zero_init                
00006e99  __aeabi_cdcmpeq               
00006e99  __aeabi_cdcmple               
00006f1f  __aeabi_cdrcmple              
00007111  __aeabi_d2f                   
00007449  __aeabi_d2iz                  
00005deb  __aeabi_dadd                  
000064e5  __aeabi_ddiv                  
00006bb9  __aeabi_dmul                  
00005de1  __aeabi_dsub                  
000077d1  __aeabi_errno_addr            
000075f1  __aeabi_i2d                   
00002717  __aeabi_idiv0                 
00002717  __aeabi_ldiv0                 
000076df  __aeabi_lmul                  
00007029  __aeabi_memclr                
00007029  __aeabi_memclr4               
00007029  __aeabi_memclr8               
00006d67  __aeabi_memcpy                
00006d67  __aeabi_memcpy4               
00006d67  __aeabi_memcpy8               
0000702b  __aeabi_memset                
0000702b  __aeabi_memset4               
0000702b  __aeabi_memset8               
00006e03  __aeabi_uldivmod              
ffffffff  __binit__                     
ffffffff  __c_args__                    
UNDEFED   __mpu_init                    
20002318  __stack                       
20000000  __start___llvm_prf_cnts       
20000000  __stop___llvm_prf_cnts        
0000758d  _c_int00_noargs               
000077e8  _ctypes_                      
UNDEFED   _system_post_cinit            
000077e1  _system_pre_init              
000077e5  abort                         
000005ed  asciiToUint8                  
000073b1  atoi                          
ffffffff  binit                         
0000497b  calcIpChecksum                
0000398b  clearEtherReg                 
00003719  clearPinInterrupt             
000076ad  copysign                      
000076ad  copysignl                     
2000333f  count                         
200022fc  currentAck                    
20002300  currentSeq                    
000038e3  disableEtherCs                
000036f5  disablePinInterrupt           
0000342d  disablePinPulldown            
000033e5  disablePinPullup              
00003181  disablePort                   
000002a9  displayConnectionInfo         
000038cd  enableEtherCs                 
000036d1  enablePinInterrupt            
00003409  enablePinPulldown             
000033b7  enablePinPullup               
000030c5  enablePort                    
20003334  errno                         
00000bc1  fillSocket                    
20000000  filterTopics                  
20002278  fn                            
00007251  frexp                         
00007251  frexpl                        
00000000  g_pfnVectors                  
00003ee7  getEtherId                    
00003f81  getEtherMacAddress            
00003cc1  getEtherPacket                
00004645  getIpAddress                  
00004949  getIpChecksum                 
000047a1  getIpDnsAddress               
0000472d  getIpGatewayAddress           
0000488d  getIpMqttBrokerAddress        
000046b9  getIpSubnetMask               
00004815  getIpTimeServerAddress        
0000447d  getPacketIdIndex              
00003787  getPinValue                   
0000383d  getPortValue                  
00002817  getSeqACK                     
000027eb  getTcpData                    
00004ec9  getUdpData                    
00004ef5  getUdpMessageSocket           
00006823  getcUart0                     
00003ebb  htonl                         
00003e97  htons                         
20003318  hwAddress                     
00003ef3  incEtherId                    
00006fa5  initEeprom                    
00003ad7  initEther                     
0000026d  initHw                        
00005f99  initSpi0                      
00007789  initSystemClockTo40Mhz        
00005199  initTimer                     
0000674d  initUart0                     
2000331e  ipAddress                     
20003322  ipDnsAddress                  
20003326  ipGwAddress                   
2000332a  ipSubnetMask                  
2000332e  ipTimeServerAddress           
000054d1  isArpRequest                  
00005575  isArpResponse                 
00003c77  isEtherDataAvailable          
000045e5  isEtherIpValid                
00003c5d  isEtherLinkUp                 
00003c91  isEtherOverflow               
00004515  isIp                          
00004585  isIpUnicast                   
2000230d  isPUB                         
00006255  isPingRequest                 
00002719  isTcp                         
00004e21  isUdp                         
00006837  kbhitUart0                    
00006999  ldexp                         
00006999  ldexpl                        
00000d2d  main                          
00007691  memccpy                       
00006d67  memcpy                        
00007031  memset                        
2000333c  nextPacketLsb                 
2000333d  nextPacketMsb                 
20001f40  packetIDArray                 
200022a0  period                        
00002f75  printToUart                   
0000069f  processShell                  
200020d0  publishData                   
20002188  publishTopic                  
00003db1  putEtherPacket                
000067db  putcUart0                     
000067f7  putsUart0                     
00005493  random32                      
00000539  readConfiguration             
00006fed  readEeprom                    
00003abf  readEtherMem                  
00003a13  readEtherPhy                  
00003925  readEtherReg                  
000060d1  readSpi0Data                  
200022f0  reload                        
000053ab  restartTimer                  
00002cf5  saveSeqAck                    
00006999  scalbn                        
00006999  scalbnl                       
000032eb  selectPinAnalogInput          
0000329d  selectPinDigitalInput         
00003607  selectPinInterruptBothEdges   
000035b7  selectPinInterruptFallingEdge 
0000365d  selectPinInterruptHighLevel   
00003697  selectPinInterruptLowLevel    
00003567  selectPinInterruptRisingEdge  
0000324f  selectPinOpenDrainOutput      
00003201  selectPinPushPullOutput       
2000230e  sendArpFlag                   
000056a7  sendArpRequest                
000055c9  sendArpResponse               
00003fe1  sendConnect                   
000044d3  sendDisconnect                
2000230f  sendFinFlag                   
00002d79  sendMqttConnect               
00002f05  sendMqttDisconnect            
00002d15  sendMqttPub                   
00002e0d  sendMqttSub                   
00002e85  sendMqttUnsub                 
00006299  sendPingResponse              
20002310  sendPubFlag                   
0000412f  sendPublish                   
0000423d  sendSub                       
20002311  sendSubFlag                   
0000285b  sendTcpMessage                
00004f9f  sendUdpMessage                
20002312  sendUnsubFlag                 
0000434f  sendUnsubFunc                 
2000333e  sequenceId                    
000039bf  setEtherBank                  
00003efd  setEtherMacAddress            
00003957  setEtherReg                   
0000460b  setIpAddress                  
00004767  setIpDnsAddress               
000046f3  setIpGatewayAddress           
0000484f  setIpMqttBrokerAddress        
0000467f  setIpSubnetMask               
000047db  setIpTimeServerAddress        
00003455  setPinAuxFunction             
0000333b  setPinCommitControl           
0000373d  setPinValue                   
000037c5  setPortValue                  
00006035  setSpi0BaudRate               
0000606b  setSpi0Mode                   
00006797  setUart0BaudRate              
000073fd  snprintf                      
00007555  sscanf                        
00003aad  startEtherMemRead             
00003a7f  startEtherMemWrite            
00005239  startOneshotTimer             
000052bf  startPeriodicTimer            
00002a9d  stateMachine                  
00003acf  stopEtherMemRead              
00003aa5  stopEtherMemWrite             
00005345  stopTimer                     
20002134  strInput                      
00007727  strchr                        
000076f7  strcmp                        
0000773d  strcpy                        
00007649  strcspn                       
00007751  strlen                        
0000770f  strrchr                       
0000761f  strspn                        
000049c1  strtod                        
000074d5  strtok                        
0000661d  strtol                        
000049c1  strtold                       
00005a35  strtoll                       
00006aa9  strtoul                       
000060f9  strtoull                      
200021d8  subTopicFilter                
000048d5  sumIpWords                    
00005419  tickIsr                       
200022c8  ticks                         
00003763  togglePinValue                
20002304  token                         
00007799  tolower                       
20002228  unsubTopicFilter              
0000766d  waitMicrosecond               
00007777  wcslen                        
00006fbb  writeEeprom                   
00003a91  writeEtherMem                 
000039db  writeEtherPhy                 
000038f1  writeEtherReg                 
000060b9  writeSpi0Data                 


GLOBAL SYMBOLS: SORTED BY Symbol Address 

address   name                          
-------   ----                          
00000000  __TI_static_base__            
00000000  g_pfnVectors                  
0000026d  initHw                        
000002a9  displayConnectionInfo         
00000539  readConfiguration             
000005ed  asciiToUint8                  
0000069f  processShell                  
00000bc1  fillSocket                    
00000d2d  main                          
00001000  __STACK_SIZE                  
000011b5  __TI_scanfi                   
00001cc9  __TI_printfi                  
00002717  __aeabi_idiv0                 
00002717  __aeabi_ldiv0                 
00002719  isTcp                         
000027eb  getTcpData                    
00002817  getSeqACK                     
0000285b  sendTcpMessage                
00002a9d  stateMachine                  
00002cf5  saveSeqAck                    
00002d15  sendMqttPub                   
00002d79  sendMqttConnect               
00002e0d  sendMqttSub                   
00002e85  sendMqttUnsub                 
00002f05  sendMqttDisconnect            
00002f75  printToUart                   
000030c5  enablePort                    
00003181  disablePort                   
00003201  selectPinPushPullOutput       
0000324f  selectPinOpenDrainOutput      
0000329d  selectPinDigitalInput         
000032eb  selectPinAnalogInput          
0000333b  setPinCommitControl           
000033b7  enablePinPullup               
000033e5  disablePinPullup              
00003409  enablePinPulldown             
0000342d  disablePinPulldown            
00003455  setPinAuxFunction             
00003567  selectPinInterruptRisingEdge  
000035b7  selectPinInterruptFallingEdge 
00003607  selectPinInterruptBothEdges   
0000365d  selectPinInterruptHighLevel   
00003697  selectPinInterruptLowLevel    
000036d1  enablePinInterrupt            
000036f5  disablePinInterrupt           
00003719  clearPinInterrupt             
0000373d  setPinValue                   
00003763  togglePinValue                
00003787  getPinValue                   
000037c5  setPortValue                  
0000383d  getPortValue                  
000038cd  enableEtherCs                 
000038e3  disableEtherCs                
000038f1  writeEtherReg                 
00003925  readEtherReg                  
00003957  setEtherReg                   
0000398b  clearEtherReg                 
000039bf  setEtherBank                  
000039db  writeEtherPhy                 
00003a13  readEtherPhy                  
00003a7f  startEtherMemWrite            
00003a91  writeEtherMem                 
00003aa5  stopEtherMemWrite             
00003aad  startEtherMemRead             
00003abf  readEtherMem                  
00003acf  stopEtherMemRead              
00003ad7  initEther                     
00003c5d  isEtherLinkUp                 
00003c77  isEtherDataAvailable          
00003c91  isEtherOverflow               
00003cc1  getEtherPacket                
00003db1  putEtherPacket                
00003e97  htons                         
00003ebb  htonl                         
00003ee7  getEtherId                    
00003ef3  incEtherId                    
00003efd  setEtherMacAddress            
00003f81  getEtherMacAddress            
00003fe1  sendConnect                   
0000412f  sendPublish                   
0000423d  sendSub                       
0000434f  sendUnsubFunc                 
0000447d  getPacketIdIndex              
000044d3  sendDisconnect                
00004515  isIp                          
00004585  isIpUnicast                   
000045e5  isEtherIpValid                
0000460b  setIpAddress                  
00004645  getIpAddress                  
0000467f  setIpSubnetMask               
000046b9  getIpSubnetMask               
000046f3  setIpGatewayAddress           
0000472d  getIpGatewayAddress           
00004767  setIpDnsAddress               
000047a1  getIpDnsAddress               
000047db  setIpTimeServerAddress        
00004815  getIpTimeServerAddress        
0000484f  setIpMqttBrokerAddress        
0000488d  getIpMqttBrokerAddress        
000048d5  sumIpWords                    
00004949  getIpChecksum                 
0000497b  calcIpChecksum                
000049c1  strtod                        
000049c1  strtold                       
00004e21  isUdp                         
00004ec9  getUdpData                    
00004ef5  getUdpMessageSocket           
00004f9f  sendUdpMessage                
00005199  initTimer                     
00005239  startOneshotTimer             
000052bf  startPeriodicTimer            
00005345  stopTimer                     
000053ab  restartTimer                  
00005419  tickIsr                       
00005493  random32                      
000054d1  isArpRequest                  
00005575  isArpResponse                 
000055c9  sendArpResponse               
000056a7  sendArpRequest                
00005a35  strtoll                       
00005de1  __aeabi_dsub                  
00005deb  __aeabi_dadd                  
00005f99  initSpi0                      
00006035  setSpi0BaudRate               
0000606b  setSpi0Mode                   
000060b9  writeSpi0Data                 
000060d1  readSpi0Data                  
000060f9  strtoull                      
00006255  isPingRequest                 
00006299  sendPingResponse              
000064e5  __aeabi_ddiv                  
0000661d  strtol                        
0000674d  initUart0                     
00006797  setUart0BaudRate              
000067db  putcUart0                     
000067f7  putsUart0                     
00006823  getcUart0                     
00006837  kbhitUart0                    
00006999  ldexp                         
00006999  ldexpl                        
00006999  scalbn                        
00006999  scalbnl                       
00006aa9  strtoul                       
00006bb9  __aeabi_dmul                  
00006d67  __aeabi_memcpy                
00006d67  __aeabi_memcpy4               
00006d67  __aeabi_memcpy8               
00006d67  memcpy                        
00006e03  __aeabi_uldivmod              
00006e99  __aeabi_cdcmpeq               
00006e99  __aeabi_cdcmple               
00006f1f  __aeabi_cdrcmple              
00006fa5  initEeprom                    
00006fbb  writeEeprom                   
00006fed  readEeprom                    
00007029  __aeabi_memclr                
00007029  __aeabi_memclr4               
00007029  __aeabi_memclr8               
0000702b  __aeabi_memset                
0000702b  __aeabi_memset4               
0000702b  __aeabi_memset8               
00007031  memset                        
00007111  __aeabi_d2f                   
000071e9  __TI_decompress_lzss          
00007251  frexp                         
00007251  frexpl                        
0000730b  __TI_ltoa                     
000073b1  atoi                          
000073fd  snprintf                      
00007449  __aeabi_d2iz                  
00007491  __TI_auto_init_nobinit_nopinit
000074d5  strtok                        
00007555  sscanf                        
0000758d  _c_int00_noargs               
000075f1  __aeabi_i2d                   
0000761f  strspn                        
00007649  strcspn                       
0000766d  waitMicrosecond               
00007691  memccpy                       
000076ad  copysign                      
000076ad  copysignl                     
000076df  __aeabi_lmul                  
000076f7  strcmp                        
0000770f  strrchr                       
00007727  strchr                        
0000773d  strcpy                        
00007751  strlen                        
00007777  wcslen                        
00007789  initSystemClockTo40Mhz        
00007799  tolower                       
000077a9  __TI_decompress_none          
000077b7  __TI_zero_init                
000077c3  ResetISR                      
000077d1  __aeabi_errno_addr            
000077e1  _system_pre_init              
000077e5  C$$EXIT                       
000077e5  abort                         
000077e8  _ctypes_                      
000079dc  __TI_Handler_Table_Base       
000079e8  __TI_Handler_Table_Limit      
000079f0  __TI_CINIT_Base               
00007a00  __TI_CINIT_Limit              
20000000  __start___llvm_prf_cnts       
20000000  __stop___llvm_prf_cnts        
20000000  filterTopics                  
20001f40  packetIDArray                 
200020d0  publishData                   
20002134  strInput                      
20002188  publishTopic                  
200021d8  subTopicFilter                
20002228  unsubTopicFilter              
20002278  fn                            
200022a0  period                        
200022c8  ticks                         
200022f0  reload                        
200022fc  currentAck                    
20002300  currentSeq                    
20002304  token                         
20002308  FLAGS                         
2000230a  HANDSHAKE_STATE               
2000230b  MQTT_STATE                    
2000230c  TCP_STATE                     
2000230d  isPUB                         
2000230e  sendArpFlag                   
2000230f  sendFinFlag                   
20002310  sendPubFlag                   
20002311  sendSubFlag                   
20002312  sendUnsubFlag                 
20002318  __stack                       
20002518  __STACK_TOP                   
20003318  __STACK_END                   
20003318  hwAddress                     
2000331e  ipAddress                     
20003322  ipDnsAddress                  
20003326  ipGwAddress                   
2000332a  ipSubnetMask                  
2000332e  ipTimeServerAddress           
20003332  INDEX                         
20003334  errno                         
2000333c  nextPacketLsb                 
2000333d  nextPacketMsb                 
2000333e  sequenceId                    
2000333f  count                         
ffffffff  __TI_pprof_out_hndl           
ffffffff  __TI_prof_data_size           
ffffffff  __TI_prof_data_start          
ffffffff  __binit__                     
ffffffff  __c_args__                    
ffffffff  binit                         
UNDEFED   __mpu_init                    
UNDEFED   _system_post_cinit            

[251 symbols]
