******************************************************************************
                  TI ARM Linker PC v20.2.6                     
******************************************************************************
>> Linked Tue Mar 21 15:50:44 2023

OUTPUT FILE NAME:   <iot_project1.out>
ENTRY POINT SYMBOL: "_c_int00_noargs"  address: 000078c5


MEMORY CONFIGURATION

         name            origin    length      used     unused   attr    fill
----------------------  --------  ---------  --------  --------  ----  --------
  FLASH                 00000000   00040000  00007d38  000382c8  R  X
  SRAM                  20000000   00008000  0000392f  000046d1  RW X


SEGMENT ALLOCATION MAP

run origin  load origin   length   init length attrs members
----------  ----------- ---------- ----------- ----- -------
00000000    00000000    00007d38   00007d38    r-x
  00000000    00000000    0000026c   0000026c    r-- .intvecs
  0000026c    0000026c    000078b4   000078b4    r-x .text
  00007b20    00007b20    000001e0   000001e0    r-- .const
  00007d00    00007d00    00000038   00000038    r-- .cinit
20000000    20000000    00003930   00000000    rw-
  20000000    20000000    00002907   00000000    rw- .bss
  20002908    20002908    00001000   00000000    rw- .stack
  20003908    20003908    00000028   00000000    rw- .data


SECTION ALLOCATION MAP

 output                                  attributes/
section   page    origin      length       input sections
--------  ----  ----------  ----------   ----------------
.intvecs   0    00000000    0000026c     
                  00000000    0000026c     tm4c123gh6pm_startup_ccs.obj (.intvecs)

.text      0    0000026c    000078b4     
                  0000026c    00000fe4     ethernet.obj (.text)
                  00001250    00000c70     tcp.obj (.text)
                  00001ec0    00000b14     rtsv7M4_T_le_v4SPD16_eabi.lib : _scanfi.c.obj (.text:__TI_scanfi)
                  000029d4    00000a4e                                   : _printfi.c.obj (.text:__TI_printfi)
                  00003422    00000002                                   : div0.asm.obj (.text)
                  00003424    00000808     gpio.obj (.text)
                  00003c2c    00000714     eth0.obj (.text)
                  00004340    0000050c     mqtt.obj (.text)
                  0000484c    000004ac     ip.obj (.text)
                  00004cf8    00000460     rtsv7M4_T_le_v4SPD16_eabi.lib : strtod.c.obj (.text:strtod)
                  00005158    00000378     udp.obj (.text)
                  000054d0    00000338     timer.obj (.text)
                  00005808    000002f4     arp.obj (.text)
                  00005afc    00000270     rtsv7M4_T_le_v4SPD16_eabi.lib : _printfi.c.obj (.text:_pconv_a)
                  00005d6c    000001dc                                   : strtoll.c.obj (.text:strtoll)
                  00005f48    000001d0                                   : _printfi.c.obj (.text:_pconv_g)
                  00006118    000001b6                                   : fd_add_t2.asm.obj (.text)
                  000062ce    00000002     --HOLE-- [fill = 0]
                  000062d0    00000160     spi0.obj (.text)
                  00006430    0000015c     rtsv7M4_T_le_v4SPD16_eabi.lib : strtoull.c.obj (.text:strtoull)
                  0000658c    00000154     icmp.obj (.text)
                  000066e0    0000013c     rtsv7M4_T_le_v4SPD16_eabi.lib : _printfi.c.obj (.text:_pconv_e)
                  0000681c    00000136                                   : fd_div_t2.asm.obj (.text)
                  00006952    00000002     --HOLE-- [fill = 0]
                  00006954    00000130                                   : strtol.c.obj (.text:strtol)
                  00006a84    00000128     uart0.obj (.text)
                  00006bac    00000124     rtsv7M4_T_le_v4SPD16_eabi.lib : _printfi.c.obj (.text:fcvt)
                  00006cd0    00000110                                   : s_scalbn.c.obj (.text:scalbn)
                  00006de0    00000110                                   : strtoul.c.obj (.text:strtoul)
                  00006ef0    000000fc                                   : fd_mul_t2.asm.obj (.text)
                  00006fec    000000b1                                   : _printfi.c.obj (.text:_ltostr)
                  0000709d    00000001     --HOLE-- [fill = 0]
                  0000709e    0000009c                                   : memcpy_t2.asm.obj (.text)
                  0000713a    00000096                                   : ull_div_t2.asm.obj (.text)
                  000071d0    00000086                                   : fd_cmp_t2.asm.obj (.text:__aeabi_cdcmple)
                  00007256    00000086                                   : fd_cmp_t2.asm.obj (.text:__aeabi_cdrcmple)
                  000072dc    00000084     eeprom.obj (.text)
                  00007360    0000007a     rtsv7M4_T_le_v4SPD16_eabi.lib : memset_t2.asm.obj (.text)
                  000073da    0000006e                                   : _printfi.c.obj (.text:_mcpy)
                  00007448    0000006e                                   : fd_tos_t2.asm.obj (.text)
                  000074b6    00000002     --HOLE-- [fill = 0]
                  000074b8    00000068                                   : sscanf.c.obj (.text:_chkmbc)
                  00007520    00000068                                   : copy_decompress_lzss.c.obj (.text:decompress:lzss:__TI_decompress_lzss)
                  00007588    00000064                                   : s_frexp.c.obj (.text:frexp)
                  000075ec    00000056                                   : _printfi.c.obj (.text:_pconv_f)
                  00007642    00000054                                   : _ltoa.c.obj (.text:__TI_ltoa)
                  00007696    00000052                                   : _printfi.c.obj (.text:_ecpy)
                  000076e8    0000004c                                   : atoi.c.obj (.text:atoi)
                  00007734    0000004c                                   : snprintf.c.obj (.text:snprintf)
                  00007780    00000048                                   : fd_toi_t2.asm.obj (.text)
                  000077c8    00000044                                   : autoinit.c.obj (.text:__TI_auto_init_nobinit_nopinit:__TI_auto_init_nobinit_nopinit)
                  0000780c    00000040                                   : strtok.c.obj (.text:strtok)
                  0000784c    0000003e                                   : _printfi.c.obj (.text:_fcpy)
                  0000788a    00000002     --HOLE-- [fill = 0]
                  0000788c    00000038                                   : sscanf.c.obj (.text:sscanf)
                  000078c4    00000034                                   : boot_cortex_m.c.obj (.text:_c_int00_noargs:_c_int00_noargs)
                  000078f8    00000030                                   : snprintf.c.obj (.text:_outs)
                  00007928    0000002e                                   : i_tofd_t2.asm.obj (.text)
                  00007956    0000002a                                   : strspn.c.obj (.text:strspn)
                  00007980    00000024                                   : strcspn.c.obj (.text:strcspn)
                  000079a4    00000024     wait.obj (.text)
                  000079c8    0000001c     rtsv7M4_T_le_v4SPD16_eabi.lib : memccpy.c.obj (.text:memccpy)
                  000079e4    0000001a                                   : s_copysign.c.obj (.text:copysign)
                  000079fe    00000018                                   : snprintf.c.obj (.text:_outc)
                  00007a16    00000018                                   : ll_mul_t2.asm.obj (.text)
                  00007a2e    00000018                                   : strcmp.c.obj (.text:strcmp)
                  00007a46    00000018                                   : strrchr.c.obj (.text:strrchr)
                  00007a5e    00000016                                   : strchr.c.obj (.text:strchr)
                  00007a74    00000014                                   : strcpy.c.obj (.text:strcpy)
                  00007a88    00000014                                   : strlen.c.obj (.text:strlen)
                  00007a9c    00000012                                   : sscanf.c.obj (.text:_inpchar)
                  00007aae    00000012                                   : wcslen.c.obj (.text:wcslen)
                  00007ac0    00000010     clock.obj (.text)
                  00007ad0    00000010     rtsv7M4_T_le_v4SPD16_eabi.lib : tolower.c.obj (.text:tolower)
                  00007ae0    0000000e                                   : copy_decompress_none.c.obj (.text:decompress:none:__TI_decompress_none)
                  00007aee    0000000c                                   : copy_zero_init.c.obj (.text:decompress:ZI:__TI_zero_init)
                  00007afa    0000000c     tm4c123gh6pm_startup_ccs.obj (.text)
                  00007b06    00000002     --HOLE-- [fill = 0]
                  00007b08    00000008     rtsv7M4_T_le_v4SPD16_eabi.lib : errno.c.obj (.text:__aeabi_errno_addr)
                  00007b10    00000008                                   : sscanf.c.obj (.text:_uninpchar)
                  00007b18    00000004                                   : pre_init.c.obj (.text:_system_pre_init)
                  00007b1c    00000004                                   : exit.c.obj (.text:abort:abort)

.const     0    00007b20    000001e0     
                  00007b20    00000101     rtsv7M4_T_le_v4SPD16_eabi.lib : ctype.c.obj (.const:.string:_ctypes_)
                  00007c21    00000007     --HOLE-- [fill = 0]
                  00007c28    000000c8                                   : strtod.c.obj (.const:$O1$$)
                  00007cf0    00000010                                   : _scanfi.c.obj (.const:$O1$$)

.cinit     0    00007d00    00000038     
                  00007d00    00000011     (.cinit..data.load) [load image, compression = lzss]
                  00007d11    00000003     --HOLE-- [fill = 0]
                  00007d14    0000000c     (__TI_handler_table)
                  00007d20    00000008     (.cinit..bss.load) [load image, compression = zero_init]
                  00007d28    00000010     (__TI_cinit_table)

.init_array 
*          0    00000000    00000000     UNINITIALIZED

.bss       0    20000000    00002907     UNINITIALIZED
                  20000000    00001f40     (.common:filterTopics)
                  20001f40    000005f4     (.common:sendMQTTData)
                  20002534    00000190     (.common:packetIDArray)
                  200026c4    00000064     (.common:publishData)
                  20002728    00000054     (.common:strInput)
                  2000277c    00000050     (.common:publishTopic)
                  200027cc    00000050     (.common:subTopicFilter)
                  2000281c    00000050     (.common:unsubTopicFilter)
                  2000286c    00000028     (.common:fn)
                  20002894    00000028     (.common:period)
                  200028bc    00000028     (.common:ticks)
                  200028e4    0000000c     (.common:reload)
                  200028f0    00000004     (.common:currentAck)
                  200028f4    00000004     (.common:currentSeq)
                  200028f8    00000004     (.common:token)
                  200028fc    00000002     (.common:FLAGS)
                  200028fe    00000001     (.common:HANDSHAKE_STATE)
                  200028ff    00000001     (.common:MQTT_STATE)
                  20002900    00000001     (.common:TCP_STATE)
                  20002901    00000001     (.common:ok)
                  20002902    00000001     (.common:sendArpFlag)
                  20002903    00000001     (.common:sendFinFlag)
                  20002904    00000001     (.common:sendPubFlag)
                  20002905    00000001     (.common:sendSubFlag)
                  20002906    00000001     (.common:sendUnsubFlag)

.data      0    20003908    00000028     UNINITIALIZED
                  20003908    00000006     eth0.obj (.data:hwAddress)
                  2000390e    00000004     ip.obj (.data:ipAddress)
                  20003912    00000004     ip.obj (.data:ipDnsAddress)
                  20003916    00000004     ip.obj (.data:ipGwAddress)
                  2000391a    00000004     ip.obj (.data:ipSubnetMask)
                  2000391e    00000004     ip.obj (.data:ipTimeServerAddress)
                  20003922    00000002     mqtt.obj (.data)
                  20003924    00000004     rtsv7M4_T_le_v4SPD16_eabi.lib : errno.c.obj (.data)
                  20003928    00000004                                   : strtok.c.obj (.data)
                  2000392c    00000003     eth0.obj (.data)
                  2000392f    00000001     ethernet.obj (.data)

.stack     0    20002908    00001000     UNINITIALIZED
                  20002908    00000004     rtsv7M4_T_le_v4SPD16_eabi.lib : boot_cortex_m.c.obj (.stack)
                  2000290c    00000ffc     --HOLE--

__llvm_prf_cnts 
*          0    20000000    00000000     UNINITIALIZED

MODULE SUMMARY

       Module                         code    ro data   rw data
       ------                         ----    -------   -------
    .\
       ethernet.obj                   4068    0         8837   
       tcp.obj                        3184    0         1535   
       gpio.obj                       2056    0         0      
       eth0.obj                       1812    0         9      
       mqtt.obj                       1292    0         2      
       ip.obj                         1196    0         20     
       timer.obj                      824     0         132    
       udp.obj                        888     0         0      
       arp.obj                        756     0         0      
       tm4c123gh6pm_startup_ccs.obj   12      620       0      
       spi0.obj                       352     0         0      
       icmp.obj                       340     0         0      
       uart0.obj                      296     0         0      
       eeprom.obj                     132     0         0      
       wait.obj                       36      0         0      
       clock.obj                      16      0         0      
    +--+------------------------------+-------+---------+---------+
       Total:                         17260   620       10535  
                                                               
    C:\ti\ccs1200\ccs\tools\compiler\ti-cgt-arm_20.2.6.LTS\lib\rtsv7M4_T_le_v4SPD16_eabi.lib
       _printfi.c.obj                 4851    0         0      
       _scanfi.c.obj                  2836    16        0      
       strtod.c.obj                   1120    200       0      
       strtoll.c.obj                  476     0         0      
       fd_add_t2.asm.obj              438     0         0      
       strtoull.c.obj                 348     0         0      
       fd_div_t2.asm.obj              310     0         0      
       strtol.c.obj                   304     0         0      
       s_scalbn.c.obj                 272     0         0      
       strtoul.c.obj                  272     0         0      
       fd_cmp_t2.asm.obj              268     0         0      
       ctype.c.obj                    0       257       0      
       fd_mul_t2.asm.obj              252     0         0      
       sscanf.c.obj                   186     0         0      
       memcpy_t2.asm.obj              156     0         0      
       ull_div_t2.asm.obj             150     0         0      
       snprintf.c.obj                 148     0         0      
       memset_t2.asm.obj              122     0         0      
       fd_tos_t2.asm.obj              110     0         0      
       copy_decompress_lzss.c.obj     104     0         0      
       s_frexp.c.obj                  100     0         0      
       _ltoa.c.obj                    84      0         0      
       atoi.c.obj                     76      0         0      
       fd_toi_t2.asm.obj              72      0         0      
       autoinit.c.obj                 68      0         0      
       strtok.c.obj                   64      0         4      
       boot_cortex_m.c.obj            52      0         0      
       i_tofd_t2.asm.obj              46      0         0      
       strspn.c.obj                   42      0         0      
       strcspn.c.obj                  36      0         0      
       memccpy.c.obj                  28      0         0      
       s_copysign.c.obj               26      0         0      
       ll_mul_t2.asm.obj              24      0         0      
       strcmp.c.obj                   24      0         0      
       strrchr.c.obj                  24      0         0      
       strchr.c.obj                   22      0         0      
       strcpy.c.obj                   20      0         0      
       strlen.c.obj                   20      0         0      
       wcslen.c.obj                   18      0         0      
       tolower.c.obj                  16      0         0      
       copy_decompress_none.c.obj     14      0         0      
       copy_zero_init.c.obj           12      0         0      
       errno.c.obj                    8       0         4      
       exit.c.obj                     4       0         0      
       pre_init.c.obj                 4       0         0      
       div0.asm.obj                   2       0         0      
    +--+------------------------------+-------+---------+---------+
       Total:                         13629   473       8      
                                                               
       Stack:                         0       0         4096   
       Linker Generated:              0       53        0      
    +--+------------------------------+-------+---------+---------+
       Grand Total:                   30889   1146      14639  


LINKER GENERATED COPY TABLES

__TI_cinit_table @ 00007d28 records: 2, size/record: 8, table size: 16
	.data: load addr=00007d00, load size=00000011 bytes, run addr=20003908, run size=00000028 bytes, compression=lzss
	.bss: load addr=00007d20, load size=00000008 bytes, run addr=20000000, run size=00002907 bytes, compression=zero_init


LINKER GENERATED HANDLER TABLE

__TI_handler_table @ 00007d14 records: 3, size/record: 4, table size: 12
	index: 0, handler: __TI_decompress_lzss
	index: 1, handler: __TI_decompress_none
	index: 2, handler: __TI_zero_init


GLOBAL SYMBOLS: SORTED ALPHABETICALLY BY Name 

address   name                          
-------   ----                          
00007b1d  C$$EXIT                       
200028fc  FLAGS                         
200028fe  HANDSHAKE_STATE               
20003922  INDEX                         
200028ff  MQTT_STATE                    
00007afb  ResetISR                      
20002900  TCP_STATE                     
20003908  __STACK_END                   
00001000  __STACK_SIZE                  
20002b08  __STACK_TOP                   
00007d28  __TI_CINIT_Base               
00007d38  __TI_CINIT_Limit              
00007d14  __TI_Handler_Table_Base       
00007d20  __TI_Handler_Table_Limit      
000077c9  __TI_auto_init_nobinit_nopinit
00007521  __TI_decompress_lzss          
00007ae1  __TI_decompress_none          
00007643  __TI_ltoa                     
ffffffff  __TI_pprof_out_hndl           
000029d5  __TI_printfi                  
ffffffff  __TI_prof_data_size           
ffffffff  __TI_prof_data_start          
00001ec1  __TI_scanfi                   
00000000  __TI_static_base__            
00007aef  __TI_zero_init                
000071d1  __aeabi_cdcmpeq               
000071d1  __aeabi_cdcmple               
00007257  __aeabi_cdrcmple              
00007449  __aeabi_d2f                   
00007781  __aeabi_d2iz                  
00006123  __aeabi_dadd                  
0000681d  __aeabi_ddiv                  
00006ef1  __aeabi_dmul                  
00006119  __aeabi_dsub                  
00007b09  __aeabi_errno_addr            
00007929  __aeabi_i2d                   
00003423  __aeabi_idiv0                 
00003423  __aeabi_ldiv0                 
00007a17  __aeabi_lmul                  
00007361  __aeabi_memclr                
00007361  __aeabi_memclr4               
00007361  __aeabi_memclr8               
0000709f  __aeabi_memcpy                
0000709f  __aeabi_memcpy4               
0000709f  __aeabi_memcpy8               
00007363  __aeabi_memset                
00007363  __aeabi_memset4               
00007363  __aeabi_memset8               
0000713b  __aeabi_uldivmod              
ffffffff  __binit__                     
ffffffff  __c_args__                    
UNDEFED   __mpu_init                    
20002908  __stack                       
20000000  __start___llvm_prf_cnts       
20000000  __stop___llvm_prf_cnts        
000078c5  _c_int00_noargs               
00007b20  _ctypes_                      
UNDEFED   _system_post_cinit            
00007b19  _system_pre_init              
00007b1d  abort                         
000005ed  asciiToUint8                  
000076e9  atoi                          
ffffffff  binit                         
00004cb3  calcIpChecksum                
00003ceb  clearEtherReg                 
00003a79  clearPinInterrupt             
000079e5  copysign                      
000079e5  copysignl                     
2000392f  count                         
200028f0  currentAck                    
200028f4  currentSeq                    
00001b01  decodePub                     
00003c43  disableEtherCs                
00003a55  disablePinInterrupt           
0000378d  disablePinPulldown            
00003745  disablePinPullup              
000034e1  disablePort                   
000002a9  displayConnectionInfo         
00003c2d  enableEtherCs                 
00003a31  enablePinInterrupt            
00003769  enablePinPulldown             
00003717  enablePinPullup               
00003425  enablePort                    
00004341  encodeRemainingLength         
20003924  errno                         
00000bf5  fillSocket                    
20000000  filterTopics                  
2000286c  fn                            
00007589  frexp                         
00007589  frexpl                        
00000000  g_pfnVectors                  
00004247  getEtherId                    
000042e1  getEtherMacAddress            
00004021  getEtherPacket                
0000497d  getIpAddress                  
00004c81  getIpChecksum                 
00004ad9  getIpDnsAddress               
00004a65  getIpGatewayAddress           
00004bc5  getIpMqttBrokerAddress        
000049f1  getIpSubnetMask               
00004b4d  getIpTimeServerAddress        
000047b7  getPacketIdIndex              
00003ae7  getPinValue                   
00003b9d  getPortValue                  
0000134f  getSeqACK                     
00001323  getTcpData                    
00001c85  getTcpMqttStatus              
00005201  getUdpData                    
0000522d  getUdpMessageSocket           
00006b5b  getcUart0                     
0000421b  htonl                         
000041f7  htons                         
20003908  hwAddress                     
00004253  incEtherId                    
000072dd  initEeprom                    
00003e37  initEther                     
0000026d  initHw                        
000062d1  initSpi0                      
00007ac1  initSystemClockTo40Mhz        
000054d1  initTimer                     
00006a85  initUart0                     
2000390e  ipAddress                     
20003912  ipDnsAddress                  
20003916  ipGwAddress                   
2000391a  ipSubnetMask                  
2000391e  ipTimeServerAddress           
00005809  isArpRequest                  
000058ad  isArpResponse                 
00003fd7  isEtherDataAvailable          
0000491d  isEtherIpValid                
00003fbd  isEtherLinkUp                 
00003ff1  isEtherOverflow               
0000484d  isIp                          
000048bd  isIpUnicast                   
0000658d  isPingRequest                 
00001251  isTcp                         
00005159  isUdp                         
00006b6f  kbhitUart0                    
00006cd1  ldexp                         
00006cd1  ldexpl                        
00000da1  main                          
000079c9  memccpy                       
0000709f  memcpy                        
00007369  memset                        
2000392c  nextPacketLsb                 
2000392d  nextPacketMsb                 
20002901  ok                            
20002534  packetIDArray                 
20002894  period                        
0000069f  processShell                  
200026c4  publishData                   
2000277c  publishTopic                  
00004111  putEtherPacket                
00006b13  putcUart0                     
00006b2f  putsUart0                     
000057cb  random32                      
00000539  readConfiguration             
00007325  readEeprom                    
00003e1f  readEtherMem                  
00003d73  readEtherPhy                  
00003c85  readEtherReg                  
00006409  readSpi0Data                  
200028e4  reload                        
000056e3  restartTimer                  
00001859  saveSeqAck                    
00006cd1  scalbn                        
00006cd1  scalbnl                       
0000364b  selectPinAnalogInput          
000035fd  selectPinDigitalInput         
00003967  selectPinInterruptBothEdges   
00003917  selectPinInterruptFallingEdge 
000039bd  selectPinInterruptHighLevel   
000039f7  selectPinInterruptLowLevel    
000038c7  selectPinInterruptRisingEdge  
000035af  selectPinOpenDrainOutput      
00003561  selectPinPushPullOutput       
20002902  sendArpFlag                   
000059df  sendArpRequest                
00005901  sendArpResponse               
000043af  sendConnect                   
0000480d  sendDisconnect                
20002903  sendFinFlag                   
20001f40  sendMQTTData                  
000018ed  sendMqttConnect               
00001a7d  sendMqttDisconnect            
00001879  sendMqttPub                   
00001961  sendMqttSub                   
000019ef  sendMqttUnsub                 
000065d1  sendPingResponse              
20002904  sendPubFlag                   
000044bd  sendPublish                   
00004595  sendSub                       
20002905  sendSubFlag                   
00001393  sendTcpMessage                
000052d7  sendUdpMessage                
20002906  sendUnsubFlag                 
000046a7  sendUnsubFunc                 
2000392e  sequenceId                    
00003d1f  setEtherBank                  
0000425d  setEtherMacAddress            
00003cb7  setEtherReg                   
00004943  setIpAddress                  
00004a9f  setIpDnsAddress               
00004a2b  setIpGatewayAddress           
00004b87  setIpMqttBrokerAddress        
000049b7  setIpSubnetMask               
00004b13  setIpTimeServerAddress        
000037b5  setPinAuxFunction             
0000369b  setPinCommitControl           
00003a9d  setPinValue                   
00003b25  setPortValue                  
0000636d  setSpi0BaudRate               
000063a3  setSpi0Mode                   
00006acf  setUart0BaudRate              
00007735  snprintf                      
0000788d  sscanf                        
00003e0d  startEtherMemRead             
00003ddf  startEtherMemWrite            
00005571  startOneshotTimer             
000055f7  startPeriodicTimer            
000015d5  stateMachine                  
00003e2f  stopEtherMemRead              
00003e05  stopEtherMemWrite             
0000567d  stopTimer                     
20002728  strInput                      
00007a5f  strchr                        
00007a2f  strcmp                        
00007a75  strcpy                        
00007981  strcspn                       
00007a89  strlen                        
00007a47  strrchr                       
00007957  strspn                        
00004cf9  strtod                        
0000780d  strtok                        
00006955  strtol                        
00004cf9  strtold                       
00005d6d  strtoll                       
00006de1  strtoul                       
00006431  strtoull                      
200027cc  subTopicFilter                
00004c0d  sumIpWords                    
00005751  tickIsr                       
200028bc  ticks                         
00003ac3  togglePinValue                
200028f8  token                         
00007ad1  tolower                       
2000281c  unsubTopicFilter              
000079a5  waitMicrosecond               
00007aaf  wcslen                        
000072f3  writeEeprom                   
00003df1  writeEtherMem                 
00003d3b  writeEtherPhy                 
00003c51  writeEtherReg                 
000063f1  writeSpi0Data                 


GLOBAL SYMBOLS: SORTED BY Symbol Address 

address   name                          
-------   ----                          
00000000  __TI_static_base__            
00000000  g_pfnVectors                  
0000026d  initHw                        
000002a9  displayConnectionInfo         
00000539  readConfiguration             
000005ed  asciiToUint8                  
0000069f  processShell                  
00000bf5  fillSocket                    
00000da1  main                          
00001000  __STACK_SIZE                  
00001251  isTcp                         
00001323  getTcpData                    
0000134f  getSeqACK                     
00001393  sendTcpMessage                
000015d5  stateMachine                  
00001859  saveSeqAck                    
00001879  sendMqttPub                   
000018ed  sendMqttConnect               
00001961  sendMqttSub                   
000019ef  sendMqttUnsub                 
00001a7d  sendMqttDisconnect            
00001b01  decodePub                     
00001c85  getTcpMqttStatus              
00001ec1  __TI_scanfi                   
000029d5  __TI_printfi                  
00003423  __aeabi_idiv0                 
00003423  __aeabi_ldiv0                 
00003425  enablePort                    
000034e1  disablePort                   
00003561  selectPinPushPullOutput       
000035af  selectPinOpenDrainOutput      
000035fd  selectPinDigitalInput         
0000364b  selectPinAnalogInput          
0000369b  setPinCommitControl           
00003717  enablePinPullup               
00003745  disablePinPullup              
00003769  enablePinPulldown             
0000378d  disablePinPulldown            
000037b5  setPinAuxFunction             
000038c7  selectPinInterruptRisingEdge  
00003917  selectPinInterruptFallingEdge 
00003967  selectPinInterruptBothEdges   
000039bd  selectPinInterruptHighLevel   
000039f7  selectPinInterruptLowLevel    
00003a31  enablePinInterrupt            
00003a55  disablePinInterrupt           
00003a79  clearPinInterrupt             
00003a9d  setPinValue                   
00003ac3  togglePinValue                
00003ae7  getPinValue                   
00003b25  setPortValue                  
00003b9d  getPortValue                  
00003c2d  enableEtherCs                 
00003c43  disableEtherCs                
00003c51  writeEtherReg                 
00003c85  readEtherReg                  
00003cb7  setEtherReg                   
00003ceb  clearEtherReg                 
00003d1f  setEtherBank                  
00003d3b  writeEtherPhy                 
00003d73  readEtherPhy                  
00003ddf  startEtherMemWrite            
00003df1  writeEtherMem                 
00003e05  stopEtherMemWrite             
00003e0d  startEtherMemRead             
00003e1f  readEtherMem                  
00003e2f  stopEtherMemRead              
00003e37  initEther                     
00003fbd  isEtherLinkUp                 
00003fd7  isEtherDataAvailable          
00003ff1  isEtherOverflow               
00004021  getEtherPacket                
00004111  putEtherPacket                
000041f7  htons                         
0000421b  htonl                         
00004247  getEtherId                    
00004253  incEtherId                    
0000425d  setEtherMacAddress            
000042e1  getEtherMacAddress            
00004341  encodeRemainingLength         
000043af  sendConnect                   
000044bd  sendPublish                   
00004595  sendSub                       
000046a7  sendUnsubFunc                 
000047b7  getPacketIdIndex              
0000480d  sendDisconnect                
0000484d  isIp                          
000048bd  isIpUnicast                   
0000491d  isEtherIpValid                
00004943  setIpAddress                  
0000497d  getIpAddress                  
000049b7  setIpSubnetMask               
000049f1  getIpSubnetMask               
00004a2b  setIpGatewayAddress           
00004a65  getIpGatewayAddress           
00004a9f  setIpDnsAddress               
00004ad9  getIpDnsAddress               
00004b13  setIpTimeServerAddress        
00004b4d  getIpTimeServerAddress        
00004b87  setIpMqttBrokerAddress        
00004bc5  getIpMqttBrokerAddress        
00004c0d  sumIpWords                    
00004c81  getIpChecksum                 
00004cb3  calcIpChecksum                
00004cf9  strtod                        
00004cf9  strtold                       
00005159  isUdp                         
00005201  getUdpData                    
0000522d  getUdpMessageSocket           
000052d7  sendUdpMessage                
000054d1  initTimer                     
00005571  startOneshotTimer             
000055f7  startPeriodicTimer            
0000567d  stopTimer                     
000056e3  restartTimer                  
00005751  tickIsr                       
000057cb  random32                      
00005809  isArpRequest                  
000058ad  isArpResponse                 
00005901  sendArpResponse               
000059df  sendArpRequest                
00005d6d  strtoll                       
00006119  __aeabi_dsub                  
00006123  __aeabi_dadd                  
000062d1  initSpi0                      
0000636d  setSpi0BaudRate               
000063a3  setSpi0Mode                   
000063f1  writeSpi0Data                 
00006409  readSpi0Data                  
00006431  strtoull                      
0000658d  isPingRequest                 
000065d1  sendPingResponse              
0000681d  __aeabi_ddiv                  
00006955  strtol                        
00006a85  initUart0                     
00006acf  setUart0BaudRate              
00006b13  putcUart0                     
00006b2f  putsUart0                     
00006b5b  getcUart0                     
00006b6f  kbhitUart0                    
00006cd1  ldexp                         
00006cd1  ldexpl                        
00006cd1  scalbn                        
00006cd1  scalbnl                       
00006de1  strtoul                       
00006ef1  __aeabi_dmul                  
0000709f  __aeabi_memcpy                
0000709f  __aeabi_memcpy4               
0000709f  __aeabi_memcpy8               
0000709f  memcpy                        
0000713b  __aeabi_uldivmod              
000071d1  __aeabi_cdcmpeq               
000071d1  __aeabi_cdcmple               
00007257  __aeabi_cdrcmple              
000072dd  initEeprom                    
000072f3  writeEeprom                   
00007325  readEeprom                    
00007361  __aeabi_memclr                
00007361  __aeabi_memclr4               
00007361  __aeabi_memclr8               
00007363  __aeabi_memset                
00007363  __aeabi_memset4               
00007363  __aeabi_memset8               
00007369  memset                        
00007449  __aeabi_d2f                   
00007521  __TI_decompress_lzss          
00007589  frexp                         
00007589  frexpl                        
00007643  __TI_ltoa                     
000076e9  atoi                          
00007735  snprintf                      
00007781  __aeabi_d2iz                  
000077c9  __TI_auto_init_nobinit_nopinit
0000780d  strtok                        
0000788d  sscanf                        
000078c5  _c_int00_noargs               
00007929  __aeabi_i2d                   
00007957  strspn                        
00007981  strcspn                       
000079a5  waitMicrosecond               
000079c9  memccpy                       
000079e5  copysign                      
000079e5  copysignl                     
00007a17  __aeabi_lmul                  
00007a2f  strcmp                        
00007a47  strrchr                       
00007a5f  strchr                        
00007a75  strcpy                        
00007a89  strlen                        
00007aaf  wcslen                        
00007ac1  initSystemClockTo40Mhz        
00007ad1  tolower                       
00007ae1  __TI_decompress_none          
00007aef  __TI_zero_init                
00007afb  ResetISR                      
00007b09  __aeabi_errno_addr            
00007b19  _system_pre_init              
00007b1d  C$$EXIT                       
00007b1d  abort                         
00007b20  _ctypes_                      
00007d14  __TI_Handler_Table_Base       
00007d20  __TI_Handler_Table_Limit      
00007d28  __TI_CINIT_Base               
00007d38  __TI_CINIT_Limit              
20000000  __start___llvm_prf_cnts       
20000000  __stop___llvm_prf_cnts        
20000000  filterTopics                  
20001f40  sendMQTTData                  
20002534  packetIDArray                 
200026c4  publishData                   
20002728  strInput                      
2000277c  publishTopic                  
200027cc  subTopicFilter                
2000281c  unsubTopicFilter              
2000286c  fn                            
20002894  period                        
200028bc  ticks                         
200028e4  reload                        
200028f0  currentAck                    
200028f4  currentSeq                    
200028f8  token                         
200028fc  FLAGS                         
200028fe  HANDSHAKE_STATE               
200028ff  MQTT_STATE                    
20002900  TCP_STATE                     
20002901  ok                            
20002902  sendArpFlag                   
20002903  sendFinFlag                   
20002904  sendPubFlag                   
20002905  sendSubFlag                   
20002906  sendUnsubFlag                 
20002908  __stack                       
20002b08  __STACK_TOP                   
20003908  __STACK_END                   
20003908  hwAddress                     
2000390e  ipAddress                     
20003912  ipDnsAddress                  
20003916  ipGwAddress                   
2000391a  ipSubnetMask                  
2000391e  ipTimeServerAddress           
20003922  INDEX                         
20003924  errno                         
2000392c  nextPacketLsb                 
2000392d  nextPacketMsb                 
2000392e  sequenceId                    
2000392f  count                         
ffffffff  __TI_pprof_out_hndl           
ffffffff  __TI_prof_data_size           
ffffffff  __TI_prof_data_start          
ffffffff  __binit__                     
ffffffff  __c_args__                    
ffffffff  binit                         
UNDEFED   __mpu_init                    
UNDEFED   _system_post_cinit            

[254 symbols]
